<html>
<body>
<pre>
<h1>µVision Build Log</h1>
<h2>Tool Versions:</h2>
IDE-Version: µVision V5.14.0.0
Copyright (C) 2015 ARM Ltd and ARM Germany GmbH. All rights reserved.
License Information: 123 RAZER, 123, LIC=UB4EV-PB25M-YD1K5-G7RZH-27WGU-QER4X
 
Tool Versions:
Toolchain:       MDK-ARM Professional  Version: 5.14.0.0
Toolchain Path:  C:\ning\softwares\Keil_v5\ARM\ARMCC\Bin
C Compiler:      Armcc.exe V5.05 update 1 (build 106)
Assembler:       Armasm.exe V5.05 update 1 (build 106)
Linker/Locator:  ArmLink.exe V5.05 update 1 (build 106)
Library Manager: ArmAr.exe V5.05 update 1 (build 106)
Hex Converter:   FromElf.exe V5.05 update 1 (build 106)
CPU DLL:         SARMCM3.DLL V5.14.0.0
Dialog DLL:      DCM.DLL V1.13.1.0
Target DLL:      CMSIS_AGDI.dll V1.21.0.0
Dialog DLL:      TCM.DLL V1.14.4.0
 
<h2>Project:</h2>
C:\ning\softwares\Keil_v5\Projects\GPS\GPS_Demo\GPS_Demo\USER\GPS.uvprojx
Project File Date:  11/25/2020

<h2>Output:</h2>
Build target 'GPS'
compiling main.c...
main.c(242): warning:  #177-D: variable "lon_Onenet_double" was declared but never referenced
        float lon_Onenet_double = 0;
main.c(487): warning:  #167-D: argument of type "u8 *" is incompatible with parameter of type "const char *"
                        if (strstr(USART3_RX_BUF, Response) != NULL)
main.c(490): warning:  #167-D: argument of type "u8 *" is incompatible with parameter of type "const char *restrict"
                                printf(USART3_RX_BUF);
main.c(498): warning:  #167-D: argument of type "u8 *" is incompatible with parameter of type "const char *restrict"
        printf(USART3_RX_BUF);
main.c: 4 warnings, 0 errors
compiling stm32f4xx_it.c...
compiling system_stm32f4xx.c...
compiling led.c...
compiling key.c...
compiling timer.c...
compiling usart3.c...
compiling gps.c...
compiling tftlcd.c...
tftlcd.c(106): warning:  #14-D: extra text after expected end of preprocessing directive
  #ifdef defined(TFTLCD_NT35510)|| defined(TFTLCD_ILI9488)
tftlcd.c(449): warning:  #177-D: variable "i" was declared but never referenced
        u16 i;
tftlcd.c(1974): warning:  #111-D: statement is unreachable
        return r;                                               
tftlcd.c(2516): warning:  #167-D: argument of type "char *" is incompatible with parameter of type "u8 *"
        LCD_ShowString(180,160,200,24,24,lon_str_end);  
tftlcd.c(2518): warning:  #167-D: argument of type "char *" is incompatible with parameter of type "u8 *"
    LCD_ShowString(290,160,200,24,24,Save_Data.E_W);    
tftlcd.c(2522): warning:  #167-D: argument of type "char *" is incompatible with parameter of type "u8 *"
        LCD_ShowString(180,190,200,24,24,lat_str_end);  
tftlcd.c(2523): warning:  #167-D: argument of type "char *" is incompatible with parameter of type "u8 *"
    LCD_ShowString(290,190,200,24,24,Save_Data.N_S);    
tftlcd.c(2528): warning:  #167-D: argument of type "char *" is incompatible with parameter of type "u8 *"
        LCD_ShowString(180,220,200,24,24,Save_Data.UTCTime);    
tftlcd.c(2511): warning:  #177-D: variable "hour" was declared but never referenced
        char hour[2];
tftlcd.c: 9 warnings, 0 errors
compiling delay.c...
compiling sys.c...
compiling usart.c...
..\SYSTEM\usart\usart.c(161): warning:  #167-D: argument of type "u8 *" is incompatible with parameter of type "const char *"
      if(strstr(USART_RX_BUF,a)!=NULL)
..\SYSTEM\usart\usart.c: 1 warning, 0 errors
assembling startup_stm32f40_41xxx.s...
compiling misc.c...
compiling stm32f4xx_gpio.c...
compiling stm32f4xx_fsmc.c...
compiling stm32f4xx_rcc.c...
compiling stm32f4xx_syscfg.c...
compiling stm32f4xx_usart.c...
compiling stm32f4xx_tim.c...
compiling usmart.c...
compiling usmart_config.c...
compiling usmart_str.c...
linking...
Program Size: Code=38858 RO-data=10122 RW-data=484 ZI-data=3964  
FromELF: creating hex file...
"..\OBJ\GPS.axf" - 0 Error(s), 14 Warning(s).

<h2>Collection of Component include folders:</h2>
  C:\ning\softwares\Keil_v5\Projects\GPS\GPS_Demo\GPS_Demo\USER\RTE
  C:\ning\softwares\Keil_v5\ARM\PACK\Keil\STM32F4xx_DFP\1.0.8\Device\Include

<h2>Collection of Component Files used:</h2>
</pre>
</body>
</html>
