Component: ARM Compiler 5.05 update 1 (build 106) Tool: armlink [4d0efa]

==============================================================================

Section Cross References

    main.o(.text) refers to _printf_percent.o(.ARM.Collect$$_printf_percent$$00000000) for _printf_percent
    main.o(.text) refers to _printf_d.o(.ARM.Collect$$_printf_percent$$00000009) for _printf_d
    main.o(.text) refers to _printf_dec.o(.text) for _printf_int_dec
    main.o(.text) refers to _scanf_int.o(.text) for _scanf_int
    main.o(.text) refers to _printf_s.o(.ARM.Collect$$_printf_percent$$00000014) for _printf_s
    main.o(.text) refers to _printf_str.o(.text) for _printf_str
    main.o(.text) refers to usart3.o(.text) for USART3_CLR_Buf
    main.o(.text) refers to __2printf.o(.text) for __2printf
    main.o(.text) refers to delay.o(.text) for delay_ms
    main.o(.text) refers to strstr.o(.text) for strstr
    main.o(.text) refers to c89printf.o(.text) for __c89printf
    main.o(.text) refers to __0sscanf.o(.text) for __0sscanf
    main.o(.text) refers to __2sprintf.o(.text) for __2sprintf
    main.o(.text) refers to strlen.o(.text) for strlen
    main.o(.text) refers to f2d.o(x$fpl$f2d) for __aeabi_f2d
    main.o(.text) refers to daddsub_clz.o(x$fpl$dadd) for __aeabi_dadd
    main.o(.text) refers to dfix.o(x$fpl$dfix) for __aeabi_d2iz
    main.o(.text) refers to rt_memclr.o(.text) for __aeabi_memclr
    main.o(.text) refers to strcpy.o(.text) for strcpy
    main.o(.text) refers to strcat.o(.text) for strcat
    main.o(.text) refers to main.o(.data) for Time_Cont
    main.o(.text) refers to usart3.o(.bss) for USART3_RX_BUF
    main.o(.text) refers to main.o(.bss) for lon_dec_str
    main.o(.text) refers to main.o(.conststring) for .conststring
    main.o(.text) refers to usart.o(.bss) for Save_Data
    main.o(.text) refers to rt_memcpy_v6.o(.text) for __aeabi_memcpy
    main.o(.text) refers to misc.o(.text) for NVIC_PriorityGroupConfig
    main.o(.text) refers to usart.o(.text) for uart_init
    main.o(.text) refers to tftlcd.o(.text) for TFTLCD_Init
    main.o(.text) refers to rt_memclr_w.o(.text) for __aeabi_memclr4
    main.o(.text) refers to usart3.o(.data) for point2
    system_stm32f4xx.o(.text) refers to system_stm32f4xx.o(.data) for SystemCoreClock
    led.o(.text) refers to stm32f4xx_rcc.o(.text) for RCC_AHB1PeriphClockCmd
    led.o(.text) refers to stm32f4xx_gpio.o(.text) for GPIO_Init
    key.o(.text) refers to stm32f4xx_rcc.o(.text) for RCC_AHB1PeriphClockCmd
    key.o(.text) refers to stm32f4xx_gpio.o(.text) for GPIO_Init
    key.o(.text) refers to delay.o(.text) for delay_ms
    key.o(.text) refers to key.o(.data) for key_up
    timer.o(.text) refers to stm32f4xx_tim.o(.text) for TIM_GetITStatus
    timer.o(.text) refers to stm32f4xx_rcc.o(.text) for RCC_APB1PeriphClockCmd
    timer.o(.text) refers to misc.o(.text) for NVIC_Init
    timer.o(.text) refers to usart3.o(.data) for USART3_RX_STA
    usart3.o(.text) refers to stm32f4xx_tim.o(.text) for TIM_SetCounter
    usart3.o(.text) refers to stm32f4xx_usart.o(.text) for USART_GetITStatus
    usart3.o(.text) refers to rt_memclr_w.o(.text) for __aeabi_memclr4
    usart3.o(.text) refers to stm32f4xx_rcc.o(.text) for RCC_AHB1PeriphClockCmd
    usart3.o(.text) refers to stm32f4xx_gpio.o(.text) for GPIO_PinAFConfig
    usart3.o(.text) refers to misc.o(.text) for NVIC_Init
    usart3.o(.text) refers to timer.o(.text) for TIM7_Int_Init
    usart3.o(.text) refers to c89vsprintf.o(.text) for __c89vsprintf
    usart3.o(.text) refers to strlen.o(.text) for strlen
    usart3.o(.text) refers to usart3.o(.data) for point2
    usart3.o(.text) refers to usart3.o(.bss) for USART3_RX_BUF
    gps.o(.text) refers to strstr.o(.text) for strstr
    gps.o(.text) refers to delay.o(.text) for delay_ms
    gps.o(.text) refers to usart3.o(.text) for usart3_init
    gps.o(.text) refers to usart3.o(.data) for USART3_RX_STA
    gps.o(.text) refers to usart3.o(.bss) for USART3_RX_BUF
    tftlcd.o(.text) refers to _printf_percent.o(.ARM.Collect$$_printf_percent$$00000000) for _printf_percent
    tftlcd.o(.text) refers to _printf_x.o(.ARM.Collect$$_printf_percent$$0000000C) for _printf_x
    tftlcd.o(.text) refers to _printf_hex_int_ll_ptr.o(.text) for _printf_longlong_hex
    tftlcd.o(.text) refers to stm32f4xx_rcc.o(.text) for RCC_AHB1PeriphClockCmd
    tftlcd.o(.text) refers to stm32f4xx_gpio.o(.text) for GPIO_PinAFConfig
    tftlcd.o(.text) refers to stm32f4xx_fsmc.o(.text) for FSMC_NORSRAMInit
    tftlcd.o(.text) refers to delay.o(.text) for delay_ms
    tftlcd.o(.text) refers to __2printf.o(.text) for __2printf
    tftlcd.o(.text) refers to tftlcd.o(.data) for tftlcd_data
    tftlcd.o(.text) refers to tftlcd.o(.constdata) for ascii_1206
    tftlcd.o(.text) refers to __2sprintf.o(.text) for __2sprintf
    tftlcd.o(.text) refers to tftlcd.o(.bss) for dtbuf
[...]
    sendMessage                              0x08000bef   Thumb Code   154  main.o(.text)
    phone                                    0x08000c89   Thumb Code   484  main.o(.text)
    NMI_Handler                              0x08000e6d   Thumb Code     2  stm32f4xx_it.o(.text)
    HardFault_Handler                        0x08000e6f   Thumb Code     4  stm32f4xx_it.o(.text)
    MemManage_Handler                        0x08000e73   Thumb Code     4  stm32f4xx_it.o(.text)
    BusFault_Handler                         0x08000e77   Thumb Code     4  stm32f4xx_it.o(.text)
    UsageFault_Handler                       0x08000e7b   Thumb Code     4  stm32f4xx_it.o(.text)
    SVC_Handler                              0x08000e7f   Thumb Code     2  stm32f4xx_it.o(.text)
    DebugMon_Handler                         0x08000e81   Thumb Code     2  stm32f4xx_it.o(.text)
    PendSV_Handler                           0x08000e83   Thumb Code     2  stm32f4xx_it.o(.text)
    SysTick_Handler                          0x08000e85   Thumb Code     2  stm32f4xx_it.o(.text)
    SystemInit                               0x08000f65   Thumb Code    88  system_stm32f4xx.o(.text)
    SystemCoreClockUpdate                    0x08000fbd   Thumb Code   174  system_stm32f4xx.o(.text)
    TIM7_IRQHandler                          0x08001099   Thumb Code    42  timer.o(.text)
    TIM7_Int_Init                            0x080010c3   Thumb Code    88  timer.o(.text)
    TIM3_Init                                0x0800111b   Thumb Code    96  timer.o(.text)
    TIM7_Set                                 0x08001189   Thumb Code    34  usart3.o(.text)
    USART3_IRQHandler                        0x080011ab   Thumb Code    70  usart3.o(.text)
    USART3_CLR_Buf                           0x080011f1   Thumb Code    20  usart3.o(.text)
    usart3_init                              0x08001205   Thumb Code   196  usart3.o(.text)
    u3_printf                                0x080012c9   Thumb Code    72  usart3.o(.text)
    NMEA_Comma_Pos                           0x0800132d   Thumb Code    50  gps.o(.text)
    NMEA_Pow                                 0x0800135f   Thumb Code    22  gps.o(.text)
    NMEA_Str2num                             0x08001375   Thumb Code   234  gps.o(.text)
    NMEA_GPGSV_Analysis                      0x0800145f   Thumb Code   290  gps.o(.text)
    NMEA_GPGGA_Analysis                      0x08001581   Thumb Code    96  gps.o(.text)
    NMEA_GPGSA_Analysis                      0x080015e1   Thumb Code   176  gps.o(.text)
    NMEA_GPRMC_Analysis                      0x08001691   Thumb Code   570  gps.o(.text)
    NMEA_GPVTG_Analysis                      0x080018cb   Thumb Code    78  gps.o(.text)
    GPS_Analysis                             0x08001919   Thumb Code    48  gps.o(.text)
    Ublox_CheckSum                           0x08001949   Thumb Code    40  gps.o(.text)
    Ublox_Cfg_Ack_Check                      0x08001971   Thumb Code   104  gps.o(.text)
    Ublox_Send_Date                          0x080019d9   Thumb Code    40  gps.o(.text)
    Ublox_Cfg_Cfg_Save                       0x08001a01   Thumb Code   100  gps.o(.text)
    Ublox_Cfg_Msg                            0x08001a65   Thumb Code    72  gps.o(.text)
    Ublox_Cfg_Prt                            0x08001aad   Thumb Code    94  gps.o(.text)
    Ublox_Cfg_Tp                             0x08001b0b   Thumb Code    90  gps.o(.text)
    Ublox_Cfg_Rate                           0x08001b65   Thumb Code    68  gps.o(.text)
    TFTLCD_GPIO_Init                         0x08001bc1   Thumb Code   364  tftlcd.o(.text)
    TFTLCD_FSMC_Init                         0x08001d2d   Thumb Code   106  tftlcd.o(.text)
    LCD_WriteCmd                             0x08001d97   Thumb Code     6  tftlcd.o(.text)
    LCD_WriteData                            0x08001d9d   Thumb Code     8  tftlcd.o(.text)
    LCD_WriteCmdData                         0x08001da5   Thumb Code    20  tftlcd.o(.text)
    LCD_WriteData_Color                      0x08001db9   Thumb Code     8  tftlcd.o(.text)
    LCD_ReadData                             0x08001dc1   Thumb Code     8  tftlcd.o(.text)
    LCD_Display_Dir                          0x08001dc9   Thumb Code    70  tftlcd.o(.text)
    LCD_Set_Window                           0x08001e0f   Thumb Code   166  tftlcd.o(.text)
    LCD_Clear                                0x08001eb5   Thumb Code    68  tftlcd.o(.text)
    TFTLCD_Init                              0x08001ef9   Thumb Code   726  tftlcd.o(.text)
    LCD_Fill                                 0x080021cf   Thumb Code    92  tftlcd.o(.text)
    LCD_DrawPoint                            0x0800222b   Thumb Code    28  tftlcd.o(.text)
    LCD_DrawFRONT_COLOR                      0x08002247   Thumb Code    28  tftlcd.o(.text)
    LCD_ReadPoint                            0x08002263   Thumb Code    94  tftlcd.o(.text)
    LCD_DrawLine                             0x080022c1   Thumb Code   176  tftlcd.o(.text)
    LCD_DrawLine_Color                       0x08002371   Thumb Code   172  tftlcd.o(.text)
    LCD_DrowSign                             0x0800241d   Thumb Code   132  tftlcd.o(.text)
    LCD_DrawRectangle                        0x080024a1   Thumb Code    60  tftlcd.o(.text)
    LCD_Draw_Circle                          0x080024dd   Thumb Code   152  tftlcd.o(.text)
    LCD_ShowChar                             0x08002575   Thumb Code   294  tftlcd.o(.text)
    LCD_Pow                                  0x0800269b   Thumb Code    22  tftlcd.o(.text)
    LCD_ShowNum                              0x080026b1   Thumb Code   148  tftlcd.o(.text)
    LCD_ShowxNum                             0x08002745   Thumb Code   190  tftlcd.o(.text)
    LCD_ShowString                           0x08002803   Thumb Code   102  tftlcd.o(.text)
    LCD_ShowFontHZ                           0x08002869   Thumb Code   220  tftlcd.o(.text)
    LCD_ShowPicture                          0x08002945   Thumb Code    92  tftlcd.o(.text)
    LCD_ShowFontHZ24                         0x080029a1   Thumb Code   242  tftlcd.o(.text)
    LCD_Show_CH_Font24                       0x08002a93   Thumb Code   188  tftlcd.o(.text)
    show_font                                0x08002b4f   Thumb Code    48  tftlcd.o(.text)
    Interface_Display                        0x08002b7f   Thumb Code   100  tftlcd.o(.text)
    Gps_Msg_Show1                            0x08002be3   Thumb Code   284  tftlcd.o(.text)
    Gps_Msg_Show2                            0x08002cff   Thumb Code   282  tftlcd.o(.text)
    Gps_Msg_Show                             0x08002e19   Thumb Code   634  tftlcd.o(.text)
    __hardfp_hypot                           0x08003093   Thumb Code    84  tftlcd.o(.text)
    compute_distance                         0x080030e7   Thumb Code   336  tftlcd.o(.text)
    delay_init                               0x0800325d   Thumb Code    52  delay.o(.text)
    delay_us                                 0x08003291   Thumb Code    72  delay.o(.text)
    delay_xms                                0x080032d9   Thumb Code    72  delay.o(.text)
    delay_ms                                 0x08003321   Thumb Code    56  delay.o(.text)
    _sys_exit                                0x08003361   Thumb Code     6  usart.o(.text)
    fputc                                    0x08003367   Thumb Code    22  usart.o(.text)
    uart_init                                0x0800337d   Thumb Code   172  usart.o(.text)
    USART1_IRQHandler                        0x08003429   Thumb Code   122  usart.o(.text)
    Hand                                     0x080034a3   Thumb Code    22  usart.o(.text)
    CLR_Buf                                  0x080034b9   Thumb Code    18  usart.o(.text)
    clrStruct                                0x080034cb   Thumb Code    74  usart.o(.text)
    Reset_Handler                            0x0800352d   Thumb Code     8  startup_stm32f40_41xxx.o(.text)
    ADC_IRQHandler                           0x08003547   Thumb Code     0  startup_stm32f40_41xxx.o(.text)
    CAN1_RX0_IRQHandler                      0x08003547   Thumb Code     0  startup_stm32f40_41xxx.o(.text)
    CAN1_RX1_IRQHandler                      0x08003547   Thumb Code     0  startup_stm32f40_41xxx.o(.text)
    CAN1_SCE_IRQHandler                      0x08003547   Thumb Code     0  startup_stm32f40_41xxx.o(.text)
    CAN1_TX_IRQHandler                       0x08003547   Thumb Code     0  startup_stm32f40_41xxx.o(.text)
    CAN2_RX0_IRQHandler                      0x08003547   Thumb Code     0  startup_stm32f40_41xxx.o(.text)
    CAN2_RX1_IRQHandler                      0x08003547   Thumb Code     0  startup_stm32f40_41xxx.o(.text)
    CAN2_SCE_IRQHandler                      0x08003547   Thumb Code     0  startup_stm32f40_41xxx.o(.text)
    CAN2_TX_IRQHandler                       0x08003547   Thumb Code     0  startup_stm32f40_41xxx.o(.text)
    CRYP_IRQHandler                          0x08003547   Thumb Code     0  startup_stm32f40_41xxx.o(.text)
    DCMI_IRQHandler                          0x08003547   Thumb Code     0  startup_stm32f40_41xxx.o(.text)
    DMA1_Stream0_IRQHandler                  0x08003547   Thumb Code     0  startup_stm32f40_41xxx.o(.text)
    DMA1_Stream1_IRQHandler                  0x08003547   Thumb Code     0  startup_stm32f40_41xxx.o(.text)
    DMA1_Stream2_IRQHandler                  0x08003547   Thumb Code     0  startup_stm32f40_41xxx.o(.text)
    DMA1_Stream3_IRQHandler                  0x08003547   Thumb Code     0  startup_stm32f40_41xxx.o(.text)
    DMA1_Stream4_IRQHandler                  0x08003547   Thumb Code     0  startup_stm32f40_41xxx.o(.text)
    DMA1_Stream5_IRQHandler                  0x08003547   Thumb Code     0  startup_stm32f40_41xxx.o(.text)
    DMA1_Stream6_IRQHandler                  0x08003547   Thumb Code     0  startup_stm32f40_41xxx.o(.text)
    DMA1_Stream7_IRQHandler                  0x08003547   Thumb Code     0  startup_stm32f40_41xxx.o(.text)
    DMA2_Stream0_IRQHandler                  0x08003547   Thumb Code     0  startup_stm32f40_41xxx.o(.text)
    DMA2_Stream1_IRQHandler                  0x08003547   Thumb Code     0  startup_stm32f40_41xxx.o(.text)
    DMA2_Stream2_IRQHandler                  0x08003547   Thumb Code     0  startup_stm32f40_41xxx.o(.text)
    DMA2_Stream3_IRQHandler                  0x08003547   Thumb Code     0  startup_stm32f40_41xxx.o(.text)
    DMA2_Stream4_IRQHandler                  0x08003547   Thumb Code     0  startup_stm32f40_41xxx.o(.text)
    DMA2_Stream5_IRQHandler                  0x08003547   Thumb Code     0  startup_stm32f40_41xxx.o(.text)
    DMA2_Stream6_IRQHandler                  0x08003547   Thumb Code     0  startup_stm32f40_41xxx.o(.text)
    DMA2_Stream7_IRQHandler                  0x08003547   Thumb Code     0  startup_stm32f40_41xxx.o(.text)
    ETH_IRQHandler                           0x08003547   Thumb Code     0  startup_stm32f40_41xxx.o(.text)
    ETH_WKUP_IRQHandler                      0x08003547   Thumb Code     0  startup_stm32f40_41xxx.o(.text)
    EXTI0_IRQHandler                         0x08003547   Thumb Code     0  startup_stm32f40_41xxx.o(.text)
    EXTI15_10_IRQHandler                     0x08003547   Thumb Code     0  startup_stm32f40_41xxx.o(.text)
    EXTI1_IRQHandler                         0x08003547   Thumb Code     0  startup_stm32f40_41xxx.o(.text)
    EXTI2_IRQHandler                         0x08003547   Thumb Code     0  startup_stm32f40_41xxx.o(.text)
    EXTI3_IRQHandler                         0x08003547   Thumb Code     0  startup_stm32f40_41xxx.o(.text)
    EXTI4_IRQHandler                         0x08003547   Thumb Code     0  startup_stm32f40_41xxx.o(.text)
    EXTI9_5_IRQHandler                       0x08003547   Thumb Code     0  startup_stm32f40_41xxx.o(.text)
    FLASH_IRQHandler                         0x08003547   Thumb Code     0  startup_stm32f40_41xxx.o(.text)
    FPU_IRQHandler                           0x08003547   Thumb Code     0  startup_stm32f40_41xxx.o(.text)
    FSMC_IRQHandler                          0x08003547   Thumb Code     0  startup_stm32f40_41xxx.o(.text)
    HASH_RNG_IRQHandler                      0x08003547   Thumb Code     0  startup_stm32f40_41xxx.o(.text)
    I2C1_ER_IRQHandler                       0x08003547   Thumb Code     0  startup_stm32f40_41xxx.o(.text)
    I2C1_EV_IRQHandler                       0x08003547   Thumb Code     0  startup_stm32f40_41xxx.o(.text)
    I2C2_ER_IRQHandler                       0x08003547   Thumb Code     0  startup_stm32f40_41xxx.o(.text)
    I2C2_EV_IRQHandler                       0x08003547   Thumb Code     0  startup_stm32f40_41xxx.o(.text)
    I2C3_ER_IRQHandler                       0x08003547   Thumb Code     0  startup_stm32f40_41xxx.o(.text)
    I2C3_EV_IRQHandler                       0x08003547   Thumb Code     0  startup_stm32f40_41xxx.o(.text)
    OTG_FS_IRQHandler                        0x08003547   Thumb Code     0  startup_stm32f40_41xxx.o(.text)
    OTG_FS_WKUP_IRQHandler                   0x08003547   Thumb Code     0  startup_stm32f40_41xxx.o(.text)
    OTG_HS_EP1_IN_IRQHandler                 0x08003547   Thumb Code     0  startup_stm32f40_41xxx.o(.text)
    OTG_HS_EP1_OUT_IRQHandler                0x08003547   Thumb Code     0  startup_stm32f40_41xxx.o(.text)
    OTG_HS_IRQHandler                        0x08003547   Thumb Code     0  startup_stm32f40_41xxx.o(.text)
    OTG_HS_WKUP_IRQHandler                   0x08003547   Thumb Code     0  startup_stm32f40_41xxx.o(.text)
    PVD_IRQHandler                           0x08003547   Thumb Code     0  startup_stm32f40_41xxx.o(.text)
    RCC_IRQHandler                           0x08003547   Thumb Code     0  startup_stm32f40_41xxx.o(.text)
    RTC_Alarm_IRQHandler                     0x08003547   Thumb Code     0  startup_stm32f40_41xxx.o(.text)
    RTC_WKUP_IRQHandler                      0x08003547   Thumb Code     0  startup_stm32f40_41xxx.o(.text)
    SDIO_IRQHandler                          0x08003547   Thumb Code     0  startup_stm32f40_41xxx.o(.text)
    SPI1_IRQHandler                          0x08003547   Thumb Code     0  startup_stm32f40_41xxx.o(.text)
    SPI2_IRQHandler                          0x08003547   Thumb Code     0  startup_stm32f40_41xxx.o(.text)
    SPI3_IRQHandler                          0x08003547   Thumb Code     0  startup_stm32f40_41xxx.o(.text)
    TAMP_STAMP_IRQHandler                    0x08003547   Thumb Code     0  startup_stm32f40_41xxx.o(.text)
    TIM1_BRK_TIM9_IRQHandler                 0x08003547   Thumb Code     0  startup_stm32f40_41xxx.o(.text)
    TIM1_CC_IRQHandler                       0x08003547   Thumb Code     0  startup_stm32f40_41xxx.o(.text)
    TIM1_TRG_COM_TIM11_IRQHandler            0x08003547   Thumb Code     0  startup_stm32f40_41xxx.o(.text)
    TIM1_UP_TIM10_IRQHandler                 0x08003547   Thumb Code     0  startup_stm32f40_41xxx.o(.text)
    TIM2_IRQHandler                          0x08003547   Thumb Code     0  startup_stm32f40_41xxx.o(.text)
    TIM3_IRQHandler                          0x08003547   Thumb Code     0  startup_stm32f40_41xxx.o(.text)
    TIM5_IRQHandler                          0x08003547   Thumb Code     0  startup_stm32f40_41xxx.o(.text)
    TIM6_DAC_IRQHandler                      0x08003547   Thumb Code     0  startup_stm32f40_41xxx.o(.text)
    TIM8_BRK_TIM12_IRQHandler                0x08003547   Thumb Code     0  startup_stm32f40_41xxx.o(.text)
    TIM8_CC_IRQHandler                       0x08003547   Thumb Code     0  startup_stm32f40_41xxx.o(.text)
    TIM8_TRG_COM_TIM14_IRQHandler            0x08003547   Thumb Code     0  startup_stm32f40_41xxx.o(.text)
    TIM8_UP_TIM13_IRQHandler                 0x08003547   Thumb Code     0  startup_stm32f40_41xxx.o(.text)
    UART4_IRQHandler                         0x08003547   Thumb Code     0  startup_stm32f40_41xxx.o(.text)
    UART5_IRQHandler                         0x08003547   Thumb Code     0  startup_stm32f40_41xxx.o(.text)
    USART2_IRQHandler                        0x08003547   Thumb Code     0  startup_stm32f40_41xxx.o(.text)
    USART6_IRQHandler                        0x08003547   Thumb Code     0  startup_stm32f40_41xxx.o(.text)
    WWDG_IRQHandler                          0x08003547   Thumb Code     0  startup_stm32f40_41xxx.o(.text)
    __user_initial_stackheap                 0x08003549   Thumb Code     0  startup_stm32f40_41xxx.o(.text)
    NVIC_PriorityGroupConfig                 0x0800356d   Thumb Code    10  misc.o(.text)
    NVIC_Init                                0x08003577   Thumb Code   106  misc.o(.text)
    NVIC_SetVectorTable                      0x080035e1   Thumb Code    14  misc.o(.text)
    NVIC_SystemLPConfig                      0x080035ef   Thumb Code    34  misc.o(.text)
    SysTick_CLKSourceConfig                  0x08003611   Thumb Code    40  misc.o(.text)
    GPIO_DeInit                              0x0800364d   Thumb Code   268  stm32f4xx_gpio.o(.text)
    GPIO_Init                                0x08003759   Thumb Code   144  stm32f4xx_gpio.o(.text)
    GPIO_StructInit                          0x080037e9   Thumb Code    18  stm32f4xx_gpio.o(.text)
    GPIO_PinLockConfig                       0x080037fb   Thumb Code    34  stm32f4xx_gpio.o(.text)
    GPIO_ReadInputDataBit                    0x0800381d   Thumb Code    18  stm32f4xx_gpio.o(.text)
    GPIO_ReadInputData                       0x0800382f   Thumb Code     8  stm32f4xx_gpio.o(.text)
    GPIO_ReadOutputDataBit                   0x08003837   Thumb Code    18  stm32f4xx_gpio.o(.text)
    GPIO_ReadOutputData                      0x08003849   Thumb Code     8  stm32f4xx_gpio.o(.text)
    GPIO_SetBits                             0x08003851   Thumb Code     4  stm32f4xx_gpio.o(.text)
    GPIO_ResetBits                           0x08003855   Thumb Code     4  stm32f4xx_gpio.o(.text)
    GPIO_WriteBit                            0x08003859   Thumb Code    10  stm32f4xx_gpio.o(.text)
    GPIO_Write                               0x08003863   Thumb Code     4  stm32f4xx_gpio.o(.text)
    GPIO_ToggleBits                          0x08003867   Thumb Code     8  stm32f4xx_gpio.o(.text)
    GPIO_PinAFConfig                         0x0800386f   Thumb Code    70  stm32f4xx_gpio.o(.text)
    FSMC_NORSRAMDeInit                       0x080038e1   Thumb Code    54  stm32f4xx_fsmc.o(.text)
    FSMC_NORSRAMInit                         0x08003917   Thumb Code   230  stm32f4xx_fsmc.o(.text)
    FSMC_NORSRAMStructInit                   0x080039fd   Thumb Code    48  stm32f4xx_fsmc.o(.text)
    FSMC_NORSRAMCmd                          0x08003a2d   Thumb Code    46  stm32f4xx_fsmc.o(.text)
    FSMC_NANDDeInit                          0x08003a5b   Thumb Code    62  stm32f4xx_fsmc.o(.text)
    FSMC_NANDInit                            0x08003a99   Thumb Code   132  stm32f4xx_fsmc.o(.text)
    FSMC_NANDStructInit                      0x08003b1d   Thumb Code    54  stm32f4xx_fsmc.o(.text)
    FSMC_NANDCmd                             0x08003b53   Thumb Code    86  stm32f4xx_fsmc.o(.text)
    FSMC_NANDECCCmd                          0x08003ba9   Thumb Code    86  stm32f4xx_fsmc.o(.text)
    FSMC_GetECC                              0x08003bff   Thumb Code    24  stm32f4xx_fsmc.o(.text)
    FSMC_PCCARDDeInit                        0x08003c17   Thumb Code    36  stm32f4xx_fsmc.o(.text)
    FSMC_PCCARDInit                          0x08003c3b   Thumb Code   130  stm32f4xx_fsmc.o(.text)
    FSMC_PCCARDStructInit                    0x08003cbd   Thumb Code    60  stm32f4xx_fsmc.o(.text)
    FSMC_PCCARDCmd                           0x08003cf9   Thumb Code    44  stm32f4xx_fsmc.o(.text)
    FSMC_ITConfig                            0x08003d25   Thumb Code   128  stm32f4xx_fsmc.o(.text)
    FSMC_GetFlagStatus                       0x08003da5   Thumb Code    54  stm32f4xx_fsmc.o(.text)
    FSMC_ClearFlag                           0x08003ddb   Thumb Code    74  stm32f4xx_fsmc.o(.text)
    FSMC_GetITStatus                         0x08003e25   Thumb Code    62  stm32f4xx_fsmc.o(.text)
    FSMC_ClearITPendingBit                   0x08003e63   Thumb Code    66  stm32f4xx_fsmc.o(.text)
    RCC_DeInit                               0x08003ea9   Thumb Code    82  stm32f4xx_rcc.o(.text)
    RCC_HSEConfig                            0x08003efb   Thumb Code    14  stm32f4xx_rcc.o(.text)
    RCC_GetFlagStatus                        0x08003f09   Thumb Code    60  stm32f4xx_rcc.o(.text)
    RCC_WaitForHSEStartUp                    0x08003f45   Thumb Code    56  stm32f4xx_rcc.o(.text)
    RCC_AdjustHSICalibrationValue            0x08003f7d   Thumb Code    20  stm32f4xx_rcc.o(.text)
    RCC_HSICmd                               0x08003f91   Thumb Code     6  stm32f4xx_rcc.o(.text)
    RCC_LSEConfig                            0x08003f97   Thumb Code    46  stm32f4xx_rcc.o(.text)
    RCC_LSICmd                               0x08003fc5   Thumb Code     6  stm32f4xx_rcc.o(.text)
    RCC_PLLConfig                            0x08003fcb   Thumb Code    32  stm32f4xx_rcc.o(.text)
    RCC_PLLCmd                               0x08003feb   Thumb Code     6  stm32f4xx_rcc.o(.text)
    RCC_PLLI2SConfig                         0x08003ff1   Thumb Code    14  stm32f4xx_rcc.o(.text)
    RCC_PLLI2SCmd                            0x08003fff   Thumb Code     6  stm32f4xx_rcc.o(.text)
    RCC_PLLSAIConfig                         0x08004005   Thumb Code    20  stm32f4xx_rcc.o(.text)
    RCC_PLLSAICmd                            0x08004019   Thumb Code     6  stm32f4xx_rcc.o(.text)
    RCC_ClockSecuritySystemCmd               0x0800401f   Thumb Code     6  stm32f4xx_rcc.o(.text)
    RCC_MCO1Config                           0x08004025   Thumb Code    28  stm32f4xx_rcc.o(.text)
    RCC_MCO2Config                           0x08004041   Thumb Code    28  stm32f4xx_rcc.o(.text)
    RCC_SYSCLKConfig                         0x0800405d   Thumb Code    20  stm32f4xx_rcc.o(.text)
    RCC_GetSYSCLKSource                      0x08004071   Thumb Code    12  stm32f4xx_rcc.o(.text)
    RCC_HCLKConfig                           0x0800407d   Thumb Code    20  stm32f4xx_rcc.o(.text)
    RCC_PCLK1Config                          0x08004091   Thumb Code    20  stm32f4xx_rcc.o(.text)
    RCC_PCLK2Config                          0x080040a5   Thumb Code    22  stm32f4xx_rcc.o(.text)
    RCC_GetClocksFreq                        0x080040bb   Thumb Code   222  stm32f4xx_rcc.o(.text)
    RCC_RTCCLKConfig                         0x08004199   Thumb Code    54  stm32f4xx_rcc.o(.text)
    RCC_RTCCLKCmd                            0x080041cf   Thumb Code     8  stm32f4xx_rcc.o(.text)
    RCC_BackupResetCmd                       0x080041d7   Thumb Code     8  stm32f4xx_rcc.o(.text)
    RCC_I2SCLKConfig                         0x080041df   Thumb Code     6  stm32f4xx_rcc.o(.text)
    RCC_SAIPLLI2SClkDivConfig                0x080041e5   Thumb Code    26  stm32f4xx_rcc.o(.text)
    RCC_SAIPLLSAIClkDivConfig                0x080041ff   Thumb Code    28  stm32f4xx_rcc.o(.text)
    RCC_SAIBlockACLKConfig                   0x0800421b   Thumb Code    20  stm32f4xx_rcc.o(.text)
    RCC_SAIBlockBCLKConfig                   0x0800422f   Thumb Code    20  stm32f4xx_rcc.o(.text)
    RCC_LTDCCLKDivConfig                     0x08004243   Thumb Code    20  stm32f4xx_rcc.o(.text)
    RCC_TIMCLKPresConfig                     0x08004257   Thumb Code     6  stm32f4xx_rcc.o(.text)
    RCC_AHB1PeriphClockCmd                   0x0800425d   Thumb Code    34  stm32f4xx_rcc.o(.text)
    RCC_AHB2PeriphClockCmd                   0x0800427f   Thumb Code    78  stm32f4xx_rcc.o(.text)
    RCC_AHB3PeriphClockCmd                   0x080042cd   Thumb Code    34  stm32f4xx_rcc.o(.text)
    RCC_APB1PeriphClockCmd                   0x080042ef   Thumb Code    34  stm32f4xx_rcc.o(.text)
    RCC_APB2PeriphClockCmd                   0x08004311   Thumb Code    34  stm32f4xx_rcc.o(.text)
    RCC_AHB1PeriphResetCmd                   0x08004333   Thumb Code    34  stm32f4xx_rcc.o(.text)
    RCC_AHB2PeriphResetCmd                   0x08004355   Thumb Code    34  stm32f4xx_rcc.o(.text)
    RCC_AHB3PeriphResetCmd                   0x08004377   Thumb Code    34  stm32f4xx_rcc.o(.text)
    RCC_APB1PeriphResetCmd                   0x08004399   Thumb Code    34  stm32f4xx_rcc.o(.text)
    RCC_APB2PeriphResetCmd                   0x080043bb   Thumb Code    34  stm32f4xx_rcc.o(.text)
    RCC_AHB1PeriphClockLPModeCmd             0x080043dd   Thumb Code    34  stm32f4xx_rcc.o(.text)
    RCC_AHB2PeriphClockLPModeCmd             0x080043ff   Thumb Code    34  stm32f4xx_rcc.o(.text)
    RCC_AHB3PeriphClockLPModeCmd             0x08004421   Thumb Code    34  stm32f4xx_rcc.o(.text)
    RCC_APB1PeriphClockLPModeCmd             0x08004443   Thumb Code    34  stm32f4xx_rcc.o(.text)
    RCC_APB2PeriphClockLPModeCmd             0x08004465   Thumb Code    34  stm32f4xx_rcc.o(.text)
    RCC_LSEModeConfig                        0x08004487   Thumb Code    40  stm32f4xx_rcc.o(.text)
    RCC_ITConfig                             0x080044af   Thumb Code    34  stm32f4xx_rcc.o(.text)
    RCC_ClearFlag                            0x080044d1   Thumb Code    18  stm32f4xx_rcc.o(.text)
    RCC_GetITStatus                          0x080044e3   Thumb Code    22  stm32f4xx_rcc.o(.text)
    RCC_ClearITPendingBit                    0x080044f9   Thumb Code     8  stm32f4xx_rcc.o(.text)
    USART_DeInit                             0x08004505   Thumb Code   206  stm32f4xx_usart.o(.text)
    USART_Init                               0x080045d3   Thumb Code   204  stm32f4xx_usart.o(.text)
    USART_StructInit                         0x0800469f   Thumb Code    24  stm32f4xx_usart.o(.text)
    USART_ClockInit                          0x080046b7   Thumb Code    32  stm32f4xx_usart.o(.text)
    USART_ClockStructInit                    0x080046d7   Thumb Code    12  stm32f4xx_usart.o(.text)
    USART_Cmd                                0x080046e3   Thumb Code    24  stm32f4xx_usart.o(.text)
    USART_SetPrescaler                       0x080046fb   Thumb Code    16  stm32f4xx_usart.o(.text)
    USART_OverSampling8Cmd                   0x0800470b   Thumb Code    22  stm32f4xx_usart.o(.text)
    USART_OneBitMethodCmd                    0x08004721   Thumb Code    24  stm32f4xx_usart.o(.text)
    USART_SendData                           0x08004739   Thumb Code     8  stm32f4xx_usart.o(.text)
    USART_ReceiveData                        0x08004741   Thumb Code    10  stm32f4xx_usart.o(.text)
    USART_SetAddress                         0x0800474b   Thumb Code    18  stm32f4xx_usart.o(.text)
    USART_ReceiverWakeUpCmd                  0x0800475d   Thumb Code    24  stm32f4xx_usart.o(.text)
    USART_WakeUpConfig                       0x08004775   Thumb Code    18  stm32f4xx_usart.o(.text)
    USART_LINBreakDetectLengthConfig         0x08004787   Thumb Code    18  stm32f4xx_usart.o(.text)
    USART_LINCmd                             0x08004799   Thumb Code    24  stm32f4xx_usart.o(.text)
    USART_SendBreak                          0x080047b1   Thumb Code    10  stm32f4xx_usart.o(.text)
    USART_HalfDuplexCmd                      0x080047bb   Thumb Code    24  stm32f4xx_usart.o(.text)
    USART_SetGuardTime                       0x080047d3   Thumb Code    16  stm32f4xx_usart.o(.text)
    USART_SmartCardCmd                       0x080047e3   Thumb Code    24  stm32f4xx_usart.o(.text)
    USART_SmartCardNACKCmd                   0x080047fb   Thumb Code    24  stm32f4xx_usart.o(.text)
    USART_IrDAConfig                         0x08004813   Thumb Code    18  stm32f4xx_usart.o(.text)
    USART_IrDACmd                            0x08004825   Thumb Code    24  stm32f4xx_usart.o(.text)
    USART_DMACmd                             0x0800483d   Thumb Code    18  stm32f4xx_usart.o(.text)
    USART_ITConfig                           0x0800484f   Thumb Code    74  stm32f4xx_usart.o(.text)
    USART_GetFlagStatus                      0x08004899   Thumb Code    26  stm32f4xx_usart.o(.text)
    USART_ClearFlag                          0x080048b3   Thumb Code    18  stm32f4xx_usart.o(.text)
    USART_GetITStatus                        0x080048c5   Thumb Code   118  stm32f4xx_usart.o(.text)
    USART_ClearITPendingBit                  0x0800493b   Thumb Code    30  stm32f4xx_usart.o(.text)
    TIM_DeInit                               0x08004959   Thumb Code   346  stm32f4xx_tim.o(.text)
    TIM_TimeBaseInit                         0x08004ab3   Thumb Code   104  stm32f4xx_tim.o(.text)
    TIM_TimeBaseStructInit                   0x08004b1b   Thumb Code    18  stm32f4xx_tim.o(.text)
    TIM_PrescalerConfig                      0x08004b2d   Thumb Code     6  stm32f4xx_tim.o(.text)
    TIM_CounterModeConfig                    0x08004b33   Thumb Code    18  stm32f4xx_tim.o(.text)
    TIM_SetCounter                           0x08004b45   Thumb Code     4  stm32f4xx_tim.o(.text)
    TIM_SetAutoreload                        0x08004b49   Thumb Code     4  stm32f4xx_tim.o(.text)
    TIM_GetCounter                           0x08004b4d   Thumb Code     6  stm32f4xx_tim.o(.text)
    TIM_GetPrescaler                         0x08004b53   Thumb Code     6  stm32f4xx_tim.o(.text)
    TIM_UpdateDisableConfig                  0x08004b59   Thumb Code    24  stm32f4xx_tim.o(.text)
    TIM_UpdateRequestConfig                  0x08004b71   Thumb Code    24  stm32f4xx_tim.o(.text)
    TIM_ARRPreloadConfig                     0x08004b89   Thumb Code    24  stm32f4xx_tim.o(.text)
    TIM_SelectOnePulseMode                   0x08004ba1   Thumb Code    18  stm32f4xx_tim.o(.text)
    TIM_SetClockDivision                     0x08004bb3   Thumb Code    18  stm32f4xx_tim.o(.text)
    TIM_Cmd                                  0x08004bc5   Thumb Code    24  stm32f4xx_tim.o(.text)
    TIM_OC1Init                              0x08004bdd   Thumb Code   114  stm32f4xx_tim.o(.text)
    TIM_OC2Init                              0x08004c4f   Thumb Code   154  stm32f4xx_tim.o(.text)
    TIM_OC3Init                              0x08004ce9   Thumb Code   204  stm32f4xx_tim.o(.text)
    TIM_OC4Init                              0x08004db5   Thumb Code   112  stm32f4xx_tim.o(.text)
    TIM_OCStructInit                         0x08004e25   Thumb Code    20  stm32f4xx_tim.o(.text)
    TIM_SelectOCxM                           0x08004e39   Thumb Code    86  stm32f4xx_tim.o(.text)
    TIM_SetCompare1                          0x08004e8f   Thumb Code     4  stm32f4xx_tim.o(.text)
    TIM_SetCompare2                          0x08004e93   Thumb Code     4  stm32f4xx_tim.o(.text)
    TIM_SetCompare3                          0x08004e97   Thumb Code     4  stm32f4xx_tim.o(.text)
    TIM_SetCompare4                          0x08004e9b   Thumb Code     4  stm32f4xx_tim.o(.text)
    TIM_ForcedOC1Config                      0x08004e9f   Thumb Code    18  stm32f4xx_tim.o(.text)
    TIM_ForcedOC2Config                      0x08004eb1   Thumb Code    26  stm32f4xx_tim.o(.text)
    TIM_ForcedOC3Config                      0x08004ecb   Thumb Code    18  stm32f4xx_tim.o(.text)
    TIM_ForcedOC4Config                      0x08004edd   Thumb Code    26  stm32f4xx_tim.o(.text)
    TIM_OC1PreloadConfig                     0x08004ef7   Thumb Code    18  stm32f4xx_tim.o(.text)
    TIM_OC2PreloadConfig                     0x08004f09   Thumb Code    26  stm32f4xx_tim.o(.text)
    TIM_OC3PreloadConfig                     0x08004f23   Thumb Code    18  stm32f4xx_tim.o(.text)
    TIM_OC4PreloadConfig                     0x08004f35   Thumb Code    26  stm32f4xx_tim.o(.text)
    TIM_OC1FastConfig                        0x08004f4f   Thumb Code    18  stm32f4xx_tim.o(.text)
    TIM_OC2FastConfig                        0x08004f61   Thumb Code    26  stm32f4xx_tim.o(.text)
    TIM_OC3FastConfig                        0x08004f7b   Thumb Code    18  stm32f4xx_tim.o(.text)
    TIM_OC4FastConfig                        0x08004f8d   Thumb Code    26  stm32f4xx_tim.o(.text)
    TIM_ClearOC1Ref                          0x08004fa7   Thumb Code    18  stm32f4xx_tim.o(.text)
    TIM_ClearOC2Ref                          0x08004fb9   Thumb Code    24  stm32f4xx_tim.o(.text)
    TIM_ClearOC3Ref                          0x08004fd1   Thumb Code    18  stm32f4xx_tim.o(.text)
    TIM_ClearOC4Ref                          0x08004fe3   Thumb Code    24  stm32f4xx_tim.o(.text)
    TIM_OC1PolarityConfig                    0x08004ffb   Thumb Code    18  stm32f4xx_tim.o(.text)
    TIM_OC1NPolarityConfig                   0x0800500d   Thumb Code    18  stm32f4xx_tim.o(.text)
    TIM_OC2PolarityConfig                    0x0800501f   Thumb Code    26  stm32f4xx_tim.o(.text)
    TIM_OC2NPolarityConfig                   0x08005039   Thumb Code    26  stm32f4xx_tim.o(.text)
    TIM_OC3PolarityConfig                    0x08005053   Thumb Code    26  stm32f4xx_tim.o(.text)
    TIM_OC3NPolarityConfig                   0x0800506d   Thumb Code    26  stm32f4xx_tim.o(.text)
    TIM_OC4PolarityConfig                    0x08005087   Thumb Code    26  stm32f4xx_tim.o(.text)
    TIM_CCxCmd                               0x080050a1   Thumb Code    30  stm32f4xx_tim.o(.text)
    TIM_CCxNCmd                              0x080050bf   Thumb Code    30  stm32f4xx_tim.o(.text)
    TIM_SetIC4Prescaler                      0x080050dd   Thumb Code    26  stm32f4xx_tim.o(.text)
    TIM_SetIC3Prescaler                      0x08005147   Thumb Code    18  stm32f4xx_tim.o(.text)
    TIM_SetIC2Prescaler                      0x080051a1   Thumb Code    26  stm32f4xx_tim.o(.text)
    TIM_SetIC1Prescaler                      0x08005215   Thumb Code    18  stm32f4xx_tim.o(.text)
    TIM_ICInit                               0x08005261   Thumb Code   110  stm32f4xx_tim.o(.text)
    TIM_ICStructInit                         0x080052cf   Thumb Code    18  stm32f4xx_tim.o(.text)
    TIM_PWMIConfig                           0x080052e1   Thumb Code   124  stm32f4xx_tim.o(.text)
    TIM_GetCapture1                          0x0800535d   Thumb Code     6  stm32f4xx_tim.o(.text)
    TIM_GetCapture2                          0x08005363   Thumb Code     6  stm32f4xx_tim.o(.text)
    TIM_GetCapture3                          0x08005369   Thumb Code     6  stm32f4xx_tim.o(.text)
    TIM_GetCapture4                          0x0800536f   Thumb Code     6  stm32f4xx_tim.o(.text)
    TIM_BDTRConfig                           0x08005375   Thumb Code    32  stm32f4xx_tim.o(.text)
    TIM_BDTRStructInit                       0x08005395   Thumb Code    18  stm32f4xx_tim.o(.text)
    TIM_CtrlPWMOutputs                       0x080053a7   Thumb Code    30  stm32f4xx_tim.o(.text)
    TIM_SelectCOM                            0x080053c5   Thumb Code    24  stm32f4xx_tim.o(.text)
    TIM_CCPreloadControl                     0x080053dd   Thumb Code    24  stm32f4xx_tim.o(.text)
    TIM_ITConfig                             0x080053f5   Thumb Code    18  stm32f4xx_tim.o(.text)
    TIM_GenerateEvent                        0x08005407   Thumb Code     4  stm32f4xx_tim.o(.text)
    TIM_GetFlagStatus                        0x0800540b   Thumb Code    18  stm32f4xx_tim.o(.text)
    TIM_ClearFlag                            0x0800541d   Thumb Code     6  stm32f4xx_tim.o(.text)
    TIM_GetITStatus                          0x08005423   Thumb Code    34  stm32f4xx_tim.o(.text)
    TIM_ClearITPendingBit                    0x08005445   Thumb Code     6  stm32f4xx_tim.o(.text)
    TIM_DMAConfig                            0x0800544b   Thumb Code    10  stm32f4xx_tim.o(.text)
    TIM_DMACmd                               0x08005455   Thumb Code    18  stm32f4xx_tim.o(.text)
    TIM_SelectCCDMA                          0x08005467   Thumb Code    24  stm32f4xx_tim.o(.text)
    TIM_InternalClockConfig                  0x0800547f   Thumb Code    12  stm32f4xx_tim.o(.text)
    TIM_SelectInputTrigger                   0x0800548b   Thumb Code    18  stm32f4xx_tim.o(.text)
    TIM_ITRxExternalClockConfig              0x0800549d   Thumb Code    24  stm32f4xx_tim.o(.text)
    TIM_TIxExternalClockConfig               0x080054b5   Thumb Code    62  stm32f4xx_tim.o(.text)
    TIM_ETRConfig                            0x080054f3   Thumb Code    28  stm32f4xx_tim.o(.text)
    TIM_ETRClockMode1Config                  0x0800550f   Thumb Code    54  stm32f4xx_tim.o(.text)
    TIM_ETRClockMode2Config                  0x08005545   Thumb Code    32  stm32f4xx_tim.o(.text)
    TIM_SelectOutputTrigger                  0x08005565   Thumb Code    18  stm32f4xx_tim.o(.text)
    TIM_SelectSlaveMode                      0x08005577   Thumb Code    18  stm32f4xx_tim.o(.text)
    TIM_SelectMasterSlaveMode                0x08005589   Thumb Code    18  stm32f4xx_tim.o(.text)
    TIM_EncoderInterfaceConfig               0x0800559b   Thumb Code    66  stm32f4xx_tim.o(.text)
    TIM_SelectHallSensor                     0x080055dd   Thumb Code    24  stm32f4xx_tim.o(.text)
    TIM_RemapConfig                          0x080055f5   Thumb Code     6  stm32f4xx_tim.o(.text)
    usmart_sys_cmd_exe                       0x080055fd   Thumb Code  1554  usmart.o(.text)
    usmart_reset_runtime                     0x08005c0f   Thumb Code    38  usmart.o(.text)
    usmart_get_runtime                       0x08005c35   Thumb Code    60  usmart.o(.text)
    TIM4_IRQHandler                          0x08005c71   Thumb Code    46  usmart.o(.text)
    Timer4_Init                              0x08005c9f   Thumb Code    86  usmart.o(.text)
    usmart_init                              0x08005cf5   Thumb Code    36  usmart.o(.text)
    usmart_cmd_rec                           0x08005d19   Thumb Code   170  usmart.o(.text)
    usmart_exe                               0x08005dc3   Thumb Code   868  usmart.o(.text)
    usmart_scan                              0x08006127   Thumb Code   120  usmart.o(.text)
    read_addr                                0x0800619f   Thumb Code     6  usmart.o(.text)
    write_addr                               0x080061a5   Thumb Code     4  usmart.o(.text)
    usmart_strcmp                            0x08006231   Thumb Code    34  usmart_str.o(.text)
    usmart_strcopy                           0x08006253   Thumb Code    22  usmart_str.o(.text)
    usmart_strlen                            0x08006269   Thumb Code    24  usmart_str.o(.text)
    usmart_pow                               0x08006281   Thumb Code    22  usmart_str.o(.text)
    usmart_str2num                           0x08006297   Thumb Code   202  usmart_str.o(.text)
    usmart_get_cmdname                       0x08006361   Thumb Code    54  usmart_str.o(.text)
    usmart_search_nextc                      0x08006397   Thumb Code    22  usmart_str.o(.text)
    usmart_get_fname                         0x080063ad   Thumb Code   440  usmart_str.o(.text)
    usmart_get_aparm                         0x08006565   Thumb Code   200  usmart_str.o(.text)
    usmart_get_parmpos                       0x0800662d   Thumb Code    26  usmart_str.o(.text)
    usmart_get_fparam                        0x08006647   Thumb Code   262  usmart_str.o(.text)
    __use_no_semihosting                     0x08006759   Thumb Code     2  use_no_semi_2.o(.text)
    __c89printf                              0x0800675d   Thumb Code    20  c89printf.o(.text)
    __c89vsprintf                            0x08006775   Thumb Code    32  c89vsprintf.o(.text)
    __2printf                                0x08006799   Thumb Code    20  __2printf.o(.text)
    __2sprintf                               0x080067b1   Thumb Code    38  __2sprintf.o(.text)
    _printf_pre_padding                      0x080067dd   Thumb Code    44  _printf_pad.o(.text)
    _printf_post_padding                     0x08006809   Thumb Code    34  _printf_pad.o(.text)
    _printf_str                              0x0800682b   Thumb Code    82  _printf_str.o(.text)
    _printf_int_dec                          0x0800687d   Thumb Code   104  _printf_dec.o(.text)
    _printf_longlong_hex                     0x080068f5   Thumb Code    86  _printf_hex_int_ll_ptr.o(.text)
    _printf_int_hex                          0x0800694b   Thumb Code    28  _printf_hex_int_ll_ptr.o(.text)
    _printf_ll_hex                           0x08006967   Thumb Code    12  _printf_hex_int_ll_ptr.o(.text)
    _printf_hex_ptr                          0x08006973   Thumb Code    18  _printf_hex_int_ll_ptr.o(.text)
    __printf                                 0x08006989   Thumb Code   388  __printf_flags_ss_wp.o(.text)
    __0sscanf                                0x08006b11   Thumb Code    52  __0sscanf.o(.text)
    _scanf_int                               0x08006b4d   Thumb Code   332  _scanf_int.o(.text)
    strstr                                   0x08006c99   Thumb Code    36  strstr.o(.text)
    strcpy                                   0x08006cbd   Thumb Code    72  strcpy.o(.text)
    strlen                                   0x08006d05   Thumb Code    62  strlen.o(.text)
    strcat                                   0x08006d43   Thumb Code    24  strcat.o(.text)
    __aeabi_memcpy                           0x08006d5b   Thumb Code     0  rt_memcpy_v6.o(.text)
    __rt_memcpy                              0x08006d5b   Thumb Code   138  rt_memcpy_v6.o(.text)
    _memcpy_lastbytes                        0x08006dc1   Thumb Code     0  rt_memcpy_v6.o(.text)
    __aeabi_memclr                           0x08006de5   Thumb Code     0  rt_memclr.o(.text)
    __rt_memclr                              0x08006de5   Thumb Code    68  rt_memclr.o(.text)
    _memset                                  0x08006de9   Thumb Code     0  rt_memclr.o(.text)
    __aeabi_memclr4                          0x08006e29   Thumb Code     0  rt_memclr_w.o(.text)
    __aeabi_memclr8                          0x08006e29   Thumb Code     0  rt_memclr_w.o(.text)
    __rt_memclr_w                            0x08006e29   Thumb Code    78  rt_memclr_w.o(.text)
    _memset_w                                0x08006e2d   Thumb Code     0  rt_memclr_w.o(.text)
    __use_two_region_memory                  0x08006e77   Thumb Code     2  heapauxi.o(.text)
    __rt_heap_escrow$2region                 0x08006e79   Thumb Code     2  heapauxi.o(.text)
    __rt_heap_expand$2region                 0x08006e7b   Thumb Code     2  heapauxi.o(.text)
    __I$use$semihosting                      0x08006e7d   Thumb Code     0  use_no_semi.o(.text)
    __use_no_semihosting_swi                 0x08006e7d   Thumb Code     2  use_no_semi.o(.text)
    __read_errno                             0x08006e7f   Thumb Code    10  _rserrno.o(.text)
    __set_errno                              0x08006e89   Thumb Code    12  _rserrno.o(.text)
    _printf_truncate_signed                  0x08006e95   Thumb Code    18  _printf_truncate.o(.text)
    _printf_truncate_unsigned                0x08006ea7   Thumb Code    18  _printf_truncate.o(.text)
    _printf_int_common                       0x08006eb9   Thumb Code   178  _printf_intcommon.o(.text)
    _printf_charcount                        0x08006f6b   Thumb Code    40  _printf_charcount.o(.text)
    _printf_char_common                      0x08006f9f   Thumb Code    32  _printf_char_common.o(.text)
    _sputc                                   0x08006fc5   Thumb Code    10  _sputc.o(.text)
    _printf_cs_common                        0x08006fcf   Thumb Code    20  _printf_char.o(.text)
    _printf_char                             0x08006fe3   Thumb Code    16  _printf_char.o(.text)
    _printf_string                           0x08006ff3   Thumb Code     8  _printf_char.o(.text)
    _printf_char_file                        0x08006ffd   Thumb Code    32  _printf_char_file.o(.text)
    _printf_wctomb                           0x08007021   Thumb Code   182  _printf_wctomb.o(.text)
    _printf_longlong_dec                     0x080070dd   Thumb Code   108  _printf_longlong_dec.o(.text)
    _printf_longlong_oct                     0x08007159   Thumb Code    68  _printf_oct_int_ll.o(.text)
    _printf_int_oct                          0x0800719d   Thumb Code    24  _printf_oct_int_ll.o(.text)
    _printf_ll_oct                           0x080071b5   Thumb Code    12  _printf_oct_int_ll.o(.text)
    _chval                                   0x080071c9   Thumb Code    28  _chval.o(.text)
    __vfscanf_char                           0x080071f1   Thumb Code    24  scanf_char.o(.text)
    _sgetc                                   0x08007211   Thumb Code    30  _sgetc.o(.text)
    _sbackspace                              0x0800722f   Thumb Code    34  _sgetc.o(.text)
    __aeabi_memcpy4                          0x08007251   Thumb Code     0  rt_memcpy_w.o(.text)
    __aeabi_memcpy8                          0x08007251   Thumb Code     0  rt_memcpy_w.o(.text)
    __rt_memcpy_w                            0x08007251   Thumb Code   100  rt_memcpy_w.o(.text)
    _memcpy_lastbytes_aligned                0x08007299   Thumb Code     0  rt_memcpy_w.o(.text)
    __aeabi_errno_addr                       0x080072b5   Thumb Code     8  rt_errno_addr_intlibspace.o(.text)
    __errno$intlibspace                      0x080072b5   Thumb Code     0  rt_errno_addr_intlibspace.o(.text)
    __rt_errno_addr$intlibspace              0x080072b5   Thumb Code     0  rt_errno_addr_intlibspace.o(.text)
    _ll_udiv10                               0x080072bd   Thumb Code   138  lludiv10.o(.text)
    isspace                                  0x08007347   Thumb Code    18  isspace.o(.text)
    __lib_sel_fp_printf                      0x08007359   Thumb Code     2  _printf_fp_dec.o(.text)
    _printf_fp_dec_real                      0x08007507   Thumb Code   620  _printf_fp_dec.o(.text)
    _printf_lcs_common                       0x08007773   Thumb Code    20  _printf_wchar.o(.text)
    _printf_wchar                            0x08007787   Thumb Code    16  _printf_wchar.o(.text)
    _printf_wstring                          0x08007797   Thumb Code     8  _printf_wchar.o(.text)
    __vfscanf                                0x080077a1   Thumb Code   878  _scanf.o(.text)
    ferror                                   0x08007b15   Thumb Code     8  ferror.o(.text)
    _wcrtomb                                 0x08007b1d   Thumb Code    64  _wcrtomb.o(.text)
    __user_libspace                          0x08007b5d   Thumb Code     8  libspace.o(.text)
    __user_perproc_libspace                  0x08007b5d   Thumb Code     0  libspace.o(.text)
    __user_perthread_libspace                0x08007b5d   Thumb Code     0  libspace.o(.text)
    __user_setup_stackheap                   0x08007b65   Thumb Code    74  sys_stackheap_outer.o(.text)
    __rt_ctype_table                         0x08007bb1   Thumb Code    16  rt_ctype_table.o(.text)
    __rt_locale                              0x08007bc1   Thumb Code     8  rt_locale_intlibspace.o(.text)
    _printf_fp_infnan                        0x08007bc9   Thumb Code   112  _printf_fp_infnan.o(.text)
    _btod_etento                             0x08007c49   Thumb Code   216  bigflt0.o(.text)
    exit                                     0x08007d25   Thumb Code    12  exit.o(.text)
    strcmp                                   0x08007d31   Thumb Code   128  strcmpv7m.o(.text)
    _btod_d2e                                0x08007db1   Thumb Code    62  btod.o(CL$$btod_d2e)
    _d2e_denorm_low                          0x08007def   Thumb Code    70  btod.o(CL$$btod_d2e_denorm_low)
    _d2e_norm_op1                            0x08007e35   Thumb Code    96  btod.o(CL$$btod_d2e_norm_op1)
    __btod_div_common                        0x08007e95   Thumb Code   696  btod.o(CL$$btod_div_common)
    _e2e                                     0x080081cd   Thumb Code   198  btod.o(CL$$btod_e2e)
    _btod_ediv                               0x08008293   Thumb Code    40  btod.o(CL$$btod_ediv)
    _btod_emul                               0x080082bb   Thumb Code    40  btod.o(CL$$btod_emul)
    __btod_mult_common                       0x080082e3   Thumb Code   580  btod.o(CL$$btod_mult_common)
    __ARM_fpclassify                         0x08008527   Thumb Code    48  fpclassify.o(i.__ARM_fpclassify)
    __hardfp_cos                             0x08008559   Thumb Code   180  cos.o(i.__hardfp_cos)
    __hardfp_sqrt                            0x08008621   Thumb Code   122  sqrt.o(i.__hardfp_sqrt)
    __ieee754_rem_pio2                       0x080086a1   Thumb Code   938  rred.o(i.__ieee754_rem_pio2)
    __kernel_cos                             0x08008ad9   Thumb Code   322  cos_i.o(i.__kernel_cos)
    __kernel_poly                            0x08008c49   Thumb Code   248  poly.o(i.__kernel_poly)
    __kernel_sin                             0x08008d41   Thumb Code   280  sin_i.o(i.__kernel_sin)
    __mathlib_dbl_infnan                     0x08008e71   Thumb Code    20  dunder.o(i.__mathlib_dbl_infnan)
    __mathlib_dbl_invalid                    0x08008e89   Thumb Code    24  dunder.o(i.__mathlib_dbl_invalid)
    __mathlib_dbl_underflow                  0x08008ea9   Thumb Code    24  dunder.o(i.__mathlib_dbl_underflow)
    _is_digit                                0x08008ec9   Thumb Code    14  __printf_wp.o(i._is_digit)
    fabs                                     0x08008ed7   Thumb Code    24  fabs.o(i.fabs)
    _get_lc_numeric                          0x08008ef1   Thumb Code    44  lc_numeric_c.o(locale$$code)
    _get_lc_ctype                            0x08008f1d   Thumb Code    44  lc_ctype_c.o(locale$$code)
    __aeabi_dneg                             0x08008f49   Thumb Code     0  basic.o(x$fpl$basic)
    _dneg                                    0x08008f49   Thumb Code     6  basic.o(x$fpl$basic)
    __aeabi_fneg                             0x08008f4f   Thumb Code     0  basic.o(x$fpl$basic)
    _fneg                                    0x08008f4f   Thumb Code     6  basic.o(x$fpl$basic)
    _dabs                                    0x08008f55   Thumb Code     6  basic.o(x$fpl$basic)
    _fabs                                    0x08008f5b   Thumb Code     6  basic.o(x$fpl$basic)
    __aeabi_dadd                             0x08008f61   Thumb Code     0  daddsub_clz.o(x$fpl$dadd)
    _dadd                                    0x08008f61   Thumb Code   332  daddsub_clz.o(x$fpl$dadd)
    __aeabi_ddiv                             0x080090b1   Thumb Code     0  ddiv.o(x$fpl$ddiv)
    _ddiv                                    0x080090b1   Thumb Code   552  ddiv.o(x$fpl$ddiv)
    __aeabi_d2iz                             0x08009361   Thumb Code     0  dfix.o(x$fpl$dfix)
    _dfix                                    0x08009361   Thumb Code    94  dfix.o(x$fpl$dfix)
    __aeabi_i2d                              0x080093bf   Thumb Code     0  dflt_clz.o(x$fpl$dflt)
    _dflt                                    0x080093bf   Thumb Code    46  dflt_clz.o(x$fpl$dflt)
    __aeabi_ui2d                             0x080093ed   Thumb Code     0  dflt_clz.o(x$fpl$dfltu)
    _dfltu                                   0x080093ed   Thumb Code    38  dflt_clz.o(x$fpl$dfltu)
    __aeabi_dmul                             0x08009415   Thumb Code     0  dmul.o(x$fpl$dmul)
    _dmul                                    0x08009415   Thumb Code   332  dmul.o(x$fpl$dmul)
    __fpl_dnaninf                            0x08009569   Thumb Code   156  dnaninf.o(x$fpl$dnaninf)
    __fpl_dretinf                            0x08009605   Thumb Code    12  dretinf.o(x$fpl$dretinf)
    __aeabi_drsub                            0x08009611   Thumb Code     0  daddsub_clz.o(x$fpl$drsb)
    _drsb                                    0x08009611   Thumb Code    22  daddsub_clz.o(x$fpl$drsb)
    _dsqrt                                   0x08009629   Thumb Code   404  dsqrt_umaal.o(x$fpl$dsqrt)
    __aeabi_dsub                             0x080097c1   Thumb Code     0  daddsub_clz.o(x$fpl$dsub)
    _dsub                                    0x080097c1   Thumb Code   464  daddsub_clz.o(x$fpl$dsub)
    __aeabi_f2d                              0x08009995   Thumb Code     0  f2d.o(x$fpl$f2d)
    _f2d                                     0x08009995   Thumb Code    86  f2d.o(x$fpl$f2d)
    __fpl_fnaninf                            0x080099eb   Thumb Code   140  fnaninf.o(x$fpl$fnaninf)
    _fp_init                                 0x08009a77   Thumb Code    10  fpinit.o(x$fpl$fpinit)
    __fplib_config_fpu_vfp                   0x08009a7f   Thumb Code     0  fpinit.o(x$fpl$fpinit)
    __fplib_config_pureend_doubles           0x08009a7f   Thumb Code     0  fpinit.o(x$fpl$fpinit)
    _printf_fp_dec                           0x08009a81   Thumb Code     4  printf1.o(x$fpl$printf1)
    __I$use$fp                               0x08009a84   Number         0  usenofp.o(x$fpl$usenofp)
    ascii_1206                               0x08009a84   Data        1140  tftlcd.o(.constdata)
    ascii_1608                               0x08009ef8   Data        1520  tftlcd.o(.constdata)
    ascii_2412                               0x0800a4e8   Data        3420  tftlcd.o(.constdata)
    CnChar32x29                              0x0800b244   Data        1298  tftlcd.o(.constdata)
    CnChar24x24                              0x0800b756   Data         444  tftlcd.o(.constdata)
    tfont24                                  0x0800b912   Data         432  tftlcd.o(.constdata)
    tfont16                                  0x0800bac2   Data         208  tftlcd.o(.constdata)
    FSMC_DefaultTimingStruct                 0x0800bb94   Data          28  stm32f4xx_fsmc.o(.constdata)
    Region$$Table$$Base                      0x0800bf40   Number         0  anon$$obj.o(Region$$Table)
    Region$$Table$$Limit                     0x0800bf60   Number         0  anon$$obj.o(Region$$Table)
    __ctype                                  0x0800bf89   Data           0  lc_ctype_c.o(locale$$data)
    Time_Cont                                0x20000000   Data           4  main.o(.data)
    lon_int                                  0x20000004   Data           4  main.o(.data)
    lon_dec                                  0x20000008   Data           4  main.o(.data)
    lon_int_mm                               0x2000000c   Data           4  main.o(.data)
    lon_int_dd                               0x20000010   Data           4  main.o(.data)
    lat_int                                  0x20000014   Data           4  main.o(.data)
    lat_dec                                  0x20000018   Data           4  main.o(.data)
    lat_int_mm                               0x2000001c   Data           4  main.o(.data)
    lat_int_dd                               0x20000020   Data           4  main.o(.data)
    OneNetServer                             0x20000024   Data          14  main.o(.data)
    device_id                                0x20000032   Data          10  main.o(.data)
    API_KEY                                  0x2000003c   Data          29  main.o(.data)
    sensor_gps                               0x20000059   Data           9  main.o(.data)
    count                                    0x20000064   Data           4  main.o(.data)
    SystemCoreClock                          0x20000068   Data           4  system_stm32f4xx.o(.data)
    AHBPrescTable                            0x2000006c   Data          16  system_stm32f4xx.o(.data)
    point2                                   0x2000007c   Data           2  usart3.o(.data)
    USART3_RX_STA                            0x2000007e   Data           2  usart3.o(.data)
    FRONT_COLOR                              0x20000080   Data           2  tftlcd.o(.data)
    BACK_COLOR                               0x20000082   Data           2  tftlcd.o(.data)
    fixmode_tbl                              0x20000084   Data          16  tftlcd.o(.data)
    tftlcd_data                              0x20000094   Data           8  tftlcd.o(.data)
    rxdatabufer                              0x200000a0   Data           1  usart.o(.data)
    point1                                   0x200000a2   Data           2  usart.o(.data)
    __stdout                                 0x200000a4   Data           4  usart.o(.data)
    USART_RX_STA                             0x200000a8   Data           2  usart.o(.data)
    sys_cmd_tab                              0x200000bc   Data          28  usmart.o(.data)
    usmart_nametab                           0x200000d8   Data          56  usmart_config.o(.data)
    usmart_dev                               0x20000110   Data         244  usmart_config.o(.data)
    send_buf                                 0x20000204   Data         400  main.o(.bss)
    text                                     0x20000394   Data         100  main.o(.bss)
    tmp                                      0x200003f8   Data          25  main.o(.bss)
    lon_str_end                              0x20000411   Data          15  main.o(.bss)
    lat_str_end                              0x20000420   Data          15  main.o(.bss)
    lon_int_str                              0x2000042f   Data          10  main.o(.bss)
    lon_dec_str                              0x20000439   Data          10  main.o(.bss)
    lat_int_str                              0x20000443   Data          10  main.o(.bss)
    lat_dec_str                              0x2000044d   Data          10  main.o(.bss)
    USART3_TX_BUF                            0x20000458   Data         600  usart3.o(.bss)
    USART3_RX_BUF                            0x200006b0   Data         600  usart3.o(.bss)
    dtbuf                                    0x20000908   Data          50  tftlcd.o(.bss)
    Save_Data                                0x2000093a   Data         178  usart.o(.bss)
    USART_RX_BUF                             0x200009ec   Data         200  usart.o(.bss)
    __libspace_start                         0x20000ab4   Data          96  libspace.o(.bss)
    __temporary_stack_top$libspace           0x20000b14   Data           0  libspace.o(.bss)



==============================================================================

Memory Map of the image

  Image Entry point : 0x08000189

  Load Region LR_IROM1 (Base: 0x08000000, Size: 0x0000c290, Max: 0x00100000, ABSOLUTE, COMPRESSED[0x0000c14c])

    Execution Region ER_IROM1 (Base: 0x08000000, Size: 0x0000c08c, Max: 0x00100000, ABSOLUTE)

    Base Addr    Size         Type   Attr      Idx    E Section Name        Object

    0x08000000   0x00000188   Data   RO          533    RESET               startup_stm32f40_41xxx.o
    0x08000188   0x00000008   Code   RO          886  * !!!main             c_w.l(__main.o)
    0x08000190   0x00000034   Code   RO         1265    !!!scatter          c_w.l(__scatter.o)
    0x080001c4   0x0000005a   Code   RO         1263    !!dczerorl2         c_w.l(__dczerorl2.o)
    0x0800021e   0x00000002   PAD
    0x08000220   0x0000001c   Code   RO         1267    !!handler_zi        c_w.l(__scatter_zi.o)
    0x0800023c   0x00000000   Code   RO          865    .ARM.Collect$$_printf_percent$$00000000  c_w.l(_printf_percent.o)
    0x0800023c   0x00000006   Code   RO          960    .ARM.Collect$$_printf_percent$$00000001  c_w.l(_printf_n.o)
    0x08000242   0x00000006   Code   RO          961    .ARM.Collect$$_printf_percent$$00000002  c_w.l(_printf_p.o)
    0x08000248   0x00000006   Code   RO          964    .ARM.Collect$$_printf_percent$$00000003  c_w.l(_printf_f.o)
    0x0800024e   0x00000006   Code   RO          965    .ARM.Collect$$_printf_percent$$00000004  c_w.l(_printf_e.o)
    0x08000254   0x00000006   Code   RO          966    .ARM.Collect$$_printf_percent$$00000005  c_w.l(_printf_g.o)
    0x0800025a   0x00000006   Code   RO          967    .ARM.Collect$$_printf_percent$$00000006  c_w.l(_printf_a.o)
    0x08000260   0x0000000a   Code   RO          972    .ARM.Collect$$_printf_percent$$00000007  c_w.l(_printf_ll.o)
    0x0800026a   0x00000006   Code   RO          963    .ARM.Collect$$_printf_percent$$00000008  c_w.l(_printf_i.o)
    0x08000270   0x00000006   Code   RO          863    .ARM.Collect$$_printf_percent$$00000009  c_w.l(_printf_d.o)
    0x08000276   0x00000006   Code   RO          864    .ARM.Collect$$_printf_percent$$0000000A  c_w.l(_printf_u.o)
    0x0800027c   0x00000006   Code   RO          962    .ARM.Collect$$_printf_percent$$0000000B  c_w.l(_printf_o.o)
    0x08000282   0x00000006   Code   RO          862    .ARM.Collect$$_printf_percent$$0000000C  c_w.l(_printf_x.o)
    0x08000288   0x00000006   Code   RO          969    .ARM.Collect$$_printf_percent$$0000000D  c_w.l(_printf_lli.o)
    0x0800028e   0x00000006   Code   RO          970    .ARM.Collect$$_printf_percent$$0000000E  c_w.l(_printf_lld.o)
    0x08000294   0x00000006   Code   RO          971    .ARM.Collect$$_printf_percent$$0000000F  c_w.l(_printf_llu.o)
    0x0800029a   0x00000006   Code   RO          976    .ARM.Collect$$_printf_percent$$00000010  c_w.l(_printf_llo.o)
    0x080002a0   0x00000006   Code   RO          977    .ARM.Collect$$_printf_percent$$00000011  c_w.l(_printf_llx.o)
    0x080002a6   0x0000000a   Code   RO          973    .ARM.Collect$$_printf_percent$$00000012  c_w.l(_printf_l.o)
    0x080002b0   0x00000006   Code   RO          860    .ARM.Collect$$_printf_percent$$00000013  c_w.l(_printf_c.o)
    0x080002b6   0x00000006   Code   RO          861    .ARM.Collect$$_printf_percent$$00000014  c_w.l(_printf_s.o)
    0x080002bc   0x00000006   Code   RO          974    .ARM.Collect$$_printf_percent$$00000015  c_w.l(_printf_lc.o)
    0x080002c2   0x00000006   Code   RO          975    .ARM.Collect$$_printf_percent$$00000016  c_w.l(_printf_ls.o)
    0x080002c8   0x00000004   Code   RO          968    .ARM.Collect$$_printf_percent$$00000017  c_w.l(_printf_percent_end.o)
    0x080002cc   0x00000002   Code   RO         1134    .ARM.Collect$$libinit$$00000000  c_w.l(libinit.o)
    0x080002ce   0x00000004   Code   RO         1144    .ARM.Collect$$libinit$$00000001  c_w.l(libinit2.o)
    0x080002d2   0x00000000   Code   RO         1147    .ARM.Collect$$libinit$$00000004  c_w.l(libinit2.o)
    0x080002d2   0x00000000   Code   RO         1150    .ARM.Collect$$libinit$$0000000A  c_w.l(libinit2.o)
    0x080002d2   0x00000000   Code   RO         1152    .ARM.Collect$$libinit$$0000000C  c_w.l(libinit2.o)
    0x080002d2   0x00000000   Code   RO         1154    .ARM.Collect$$libinit$$0000000E  c_w.l(libinit2.o)
    0x080002d2   0x00000006   Code   RO         1155    .ARM.Collect$$libinit$$0000000F  c_w.l(libinit2.o)
    0x080002d8   0x00000000   Code   RO         1157    .ARM.Collect$$libinit$$00000011  c_w.l(libinit2.o)
    0x080002d8   0x0000000c   Code   RO         1158    .ARM.Collect$$libinit$$00000012  c_w.l(libinit2.o)
    0x080002e4   0x00000000   Code   RO         1159    .ARM.Collect$$libinit$$00000013  c_w.l(libinit2.o)
    0x080002e4   0x00000000   Code   RO         1161    .ARM.Collect$$libinit$$00000015  c_w.l(libinit2.o)
    0x080002e4   0x0000000a   Code   RO         1162    .ARM.Collect$$libinit$$00000016  c_w.l(libinit2.o)
    0x080002ee   0x00000000   Code   RO         1163    .ARM.Collect$$libinit$$00000017  c_w.l(libinit2.o)
    0x080002ee   0x00000000   Code   RO         1165    .ARM.Collect$$libinit$$00000019  c_w.l(libinit2.o)
    0x080002ee   0x00000000   Code   RO         1167    .ARM.Collect$$libinit$$0000001B  c_w.l(libinit2.o)
    0x080002ee   0x00000000   Code   RO         1169    .ARM.Collect$$libinit$$0000001D  c_w.l(libinit2.o)
    0x080002ee   0x00000000   Code   RO         1171    .ARM.Collect$$libinit$$0000001F  c_w.l(libinit2.o)
    0x080002ee   0x00000000   Code   RO         1173    .ARM.Collect$$libinit$$00000021  c_w.l(libinit2.o)
    0x080002ee   0x00000000   Code   RO         1175    .ARM.Collect$$libinit$$00000023  c_w.l(libinit2.o)
    0x080002ee   0x00000000   Code   RO         1177    .ARM.Collect$$libinit$$00000025  c_w.l(libinit2.o)
    0x080002ee   0x00000000   Code   RO         1181    .ARM.Collect$$libinit$$0000002C  c_w.l(libinit2.o)
    0x080002ee   0x00000000   Code   RO         1183    .ARM.Collect$$libinit$$0000002E  c_w.l(libinit2.o)
    0x080002ee   0x00000000   Code   RO         1185    .ARM.Collect$$libinit$$00000030  c_w.l(libinit2.o)
    0x080002ee   0x00000000   Code   RO         1187    .ARM.Collect$$libinit$$00000032  c_w.l(libinit2.o)
    0x080002ee   0x00000002   Code   RO         1188    .ARM.Collect$$libinit$$00000033  c_w.l(libinit2.o)
    0x080002f0   0x00000002   Code   RO         1206    .ARM.Collect$$libshutdown$$00000000  c_w.l(libshutdown.o)
    0x080002f2   0x00000000   Code   RO         1217    .ARM.Collect$$libshutdown$$00000003  c_w.l(libshutdown2.o)
    0x080002f2   0x00000000   Code   RO         1220    .ARM.Collect$$libshutdown$$00000006  c_w.l(libshutdown2.o)
    0x080002f2   0x00000000   Code   RO         1223    .ARM.Collect$$libshutdown$$00000009  c_w.l(libshutdown2.o)
    0x080002f2   0x00000000   Code   RO         1225    .ARM.Collect$$libshutdown$$0000000B  c_w.l(libshutdown2.o)
    0x080002f2   0x00000000   Code   RO         1228    .ARM.Collect$$libshutdown$$0000000E  c_w.l(libshutdown2.o)
    0x080002f2   0x00000002   Code   RO         1229    .ARM.Collect$$libshutdown$$0000000F  c_w.l(libshutdown2.o)
    0x080002f4   0x00000000   Code   RO          932    .ARM.Collect$$rtentry$$00000000  c_w.l(__rtentry.o)
    0x080002f4   0x00000000   Code   RO         1030    .ARM.Collect$$rtentry$$00000002  c_w.l(__rtentry2.o)
    0x080002f4   0x00000006   Code   RO         1042    .ARM.Collect$$rtentry$$00000004  c_w.l(__rtentry4.o)
    0x080002fa   0x00000000   Code   RO         1032    .ARM.Collect$$rtentry$$00000009  c_w.l(__rtentry2.o)
    0x080002fa   0x00000004   Code   RO         1033    .ARM.Collect$$rtentry$$0000000A  c_w.l(__rtentry2.o)
    0x080002fe   0x00000000   Code   RO         1035    .ARM.Collect$$rtentry$$0000000C  c_w.l(__rtentry2.o)
    0x080002fe   0x00000008   Code   RO         1036    .ARM.Collect$$rtentry$$0000000D  c_w.l(__rtentry2.o)
    0x08000306   0x00000002   Code   RO         1137    .ARM.Collect$$rtexit$$00000000  c_w.l(rtexit.o)
    0x08000308   0x00000000   Code   RO         1190    .ARM.Collect$$rtexit$$00000002  c_w.l(rtexit2.o)
    0x08000308   0x00000004   Code   RO         1191    .ARM.Collect$$rtexit$$00000003  c_w.l(rtexit2.o)
    0x0800030c   0x00000006   Code   RO         1192    .ARM.Collect$$rtexit$$00000004  c_w.l(rtexit2.o)
    0x08000312   0x00000002   PAD
    0x08000314   0x00000b58   Code   RO            4    .text               main.o
    0x08000e6c   0x0000001a   Code   RO          168    .text               stm32f4xx_it.o
    0x08000e86   0x00000002   PAD
    0x08000e88   0x00000210   Code   RO          221    .text               system_stm32f4xx.o
    0x08001098   0x000000f0   Code   RO          303    .text               timer.o
    0x08001188   0x000001a4   Code   RO          338    .text               usart3.o
    0x0800132c   0x00000894   Code   RO          376    .text               gps.o
    0x08001bc0   0x0000169c   Code   RO          411    .text               tftlcd.o
    0x0800325c   0x00000104   Code   RO          451    .text               delay.o
    0x08003360   0x000001cc   Code   RO          499    .text               usart.o
    0x0800352c   0x00000040   Code   RO          534    .text               startup_stm32f40_41xxx.o
    0x0800356c   0x000000e0   Code   RO          541    .text               misc.o
    0x0800364c   0x00000294   Code   RO          565    .text               stm32f4xx_gpio.o
    0x080038e0   0x000005c8   Code   RO          589    .text               stm32f4xx_fsmc.o
    0x08003ea8   0x0000065c   Code   RO          616    .text               stm32f4xx_rcc.o
    0x08004504   0x00000454   Code   RO          666    .text               stm32f4xx_usart.o
    0x08004958   0x00000ca2   Code   RO          690    .text               stm32f4xx_tim.o
    0x080055fa   0x00000002   PAD
    0x080055fc   0x00000c34   Code   RO          714    .text               usmart.o
    0x08006230   0x00000528   Code   RO          774    .text               usmart_str.o
    0x08006758   0x00000002   Code   RO          797    .text               c_w.l(use_no_semi_2.o)
    0x0800675a   0x00000002   PAD
    0x0800675c   0x00000018   Code   RO          799    .text               c_w.l(c89printf.o)
    0x08006774   0x00000024   Code   RO          801    .text               c_w.l(c89vsprintf.o)
    0x08006798   0x00000018   Code   RO          803    .text               c_w.l(__2printf.o)
    0x080067b0   0x0000002c   Code   RO          805    .text               c_w.l(__2sprintf.o)
    0x080067dc   0x0000004e   Code   RO          813    .text               c_w.l(_printf_pad.o)
    0x0800682a   0x00000052   Code   RO          815    .text               c_w.l(_printf_str.o)
    0x0800687c   0x00000078   Code   RO          817    .text               c_w.l(_printf_dec.o)
    0x080068f4   0x00000094   Code   RO          837    .text               c_w.l(_printf_hex_int_ll_ptr.o)
    0x08006988   0x00000188   Code   RO          857    .text               c_w.l(__printf_flags_ss_wp.o)
    0x08006b10   0x0000003c   Code   RO          866    .text               c_w.l(__0sscanf.o)
    0x08006b4c   0x0000014c   Code   RO          868    .text               c_w.l(_scanf_int.o)
    0x08006c98   0x00000024   Code   RO          870    .text               c_w.l(strstr.o)
    0x08006cbc   0x00000048   Code   RO          872    .text               c_w.l(strcpy.o)
    0x08006d04   0x0000003e   Code   RO          874    .text               c_w.l(strlen.o)
    0x08006d42   0x00000018   Code   RO          876    .text               c_w.l(strcat.o)
    0x08006d5a   0x0000008a   Code   RO          878    .text               c_w.l(rt_memcpy_v6.o)
    0x08006de4   0x00000044   Code   RO          880    .text               c_w.l(rt_memclr.o)
    0x08006e28   0x0000004e   Code   RO          882    .text               c_w.l(rt_memclr_w.o)
    0x08006e76   0x00000006   Code   RO          884    .text               c_w.l(heapauxi.o)
    0x08006e7c   0x00000002   Code   RO          930    .text               c_w.l(use_no_semi.o)
    0x08006e7e   0x00000016   Code   RO          933    .text               c_w.l(_rserrno.o)
    0x08006e94   0x00000024   Code   RO          935    .text               c_w.l(_printf_truncate.o)
    0x08006eb8   0x000000b2   Code   RO          937    .text               c_w.l(_printf_intcommon.o)
    0x08006f6a   0x00000028   Code   RO          939    .text               c_w.l(_printf_charcount.o)
    0x08006f92   0x00000002   PAD
    0x08006f94   0x00000030   Code   RO          941    .text               c_w.l(_printf_char_common.o)
    0x08006fc4   0x0000000a   Code   RO          943    .text               c_w.l(_sputc.o)
    0x08006fce   0x0000002c   Code   RO          945    .text               c_w.l(_printf_char.o)
    0x08006ffa   0x00000002   PAD
    0x08006ffc   0x00000024   Code   RO          947    .text               c_w.l(_printf_char_file.o)
    0x08007020   0x000000bc   Code   RO          949    .text               c_w.l(_printf_wctomb.o)
    0x080070dc   0x0000007c   Code   RO          952    .text               c_w.l(_printf_longlong_dec.o)
    0x08007158   0x00000070   Code   RO          958    .text               c_w.l(_printf_oct_int_ll.o)
    0x080071c8   0x0000001c   Code   RO          978    .text               c_w.l(_chval.o)
    0x080071e4   0x0000002c   Code   RO          980    .text               c_w.l(scanf_char.o)
    0x08007210   0x00000040   Code   RO          982    .text               c_w.l(_sgetc.o)
    0x08007250   0x00000064   Code   RO          984    .text               c_w.l(rt_memcpy_w.o)
    0x080072b4   0x00000008   Code   RO         1047    .text               c_w.l(rt_errno_addr_intlibspace.o)
    0x080072bc   0x0000008a   Code   RO         1049    .text               c_w.l(lludiv10.o)
    0x08007346   0x00000012   Code   RO         1051    .text               c_w.l(isspace.o)
    0x08007358   0x0000041a   Code   RO         1053    .text               c_w.l(_printf_fp_dec.o)
    0x08007772   0x0000002c   Code   RO         1057    .text               c_w.l(_printf_wchar.o)
    0x0800779e   0x00000002   PAD
    0x080077a0   0x00000374   Code   RO         1059    .text               c_w.l(_scanf.o)
    0x08007b14   0x00000008   Code   RO         1061    .text               c_w.l(ferror.o)
    0x08007b1c   0x00000040   Code   RO         1065    .text               c_w.l(_wcrtomb.o)
    0x08007b5c   0x00000008   Code   RO         1085    .text               c_w.l(libspace.o)
    0x08007b64   0x0000004a   Code   RO         1088    .text               c_w.l(sys_stackheap_outer.o)
    0x08007bae   0x00000002   PAD
    0x08007bb0   0x00000010   Code   RO         1090    .text               c_w.l(rt_ctype_table.o)
    0x08007bc0   0x00000008   Code   RO         1095    .text               c_w.l(rt_locale_intlibspace.o)
    0x08007bc8   0x00000080   Code   RO         1097    .text               c_w.l(_printf_fp_infnan.o)
    0x08007c48   0x000000dc   Code   RO         1099    .text               c_w.l(bigflt0.o)
    0x08007d24   0x0000000c   Code   RO         1127    .text               c_w.l(exit.o)
    0x08007d30   0x00000080   Code   RO         1142    .text               c_w.l(strcmpv7m.o)
    0x08007db0   0x0000003e   Code   RO         1102    CL$$btod_d2e        c_w.l(btod.o)
    0x08007dee   0x00000046   Code   RO         1104    CL$$btod_d2e_denorm_low  c_w.l(btod.o)
    0x08007e34   0x00000060   Code   RO         1103    CL$$btod_d2e_norm_op1  c_w.l(btod.o)
    0x08007e94   0x00000338   Code   RO         1112    CL$$btod_div_common  c_w.l(btod.o)
    0x080081cc   0x000000c6   Code   RO         1109    CL$$btod_e2e        c_w.l(btod.o)
    0x08008292   0x00000028   Code   RO         1106    CL$$btod_ediv       c_w.l(btod.o)
    0x080082ba   0x00000028   Code   RO         1105    CL$$btod_emul       c_w.l(btod.o)
    0x080082e2   0x00000244   Code   RO         1111    CL$$btod_mult_common  c_w.l(btod.o)
    0x08008526   0x00000030   Code   RO         1081    i.__ARM_fpclassify  m_wm.l(fpclassify.o)
    0x08008556   0x00000002   PAD
    0x08008558   0x000000c8   Code   RO          906    i.__hardfp_cos      m_wm.l(cos.o)
    0x08008620   0x0000007a   Code   RO          918    i.__hardfp_sqrt     m_wm.l(sqrt.o)
    0x0800869a   0x00000006   PAD
    0x080086a0   0x00000438   Code   RO         1018    i.__ieee754_rem_pio2  m_wm.l(rred.o)
    0x08008ad8   0x00000170   Code   RO         1001    i.__kernel_cos      m_wm.l(cos_i.o)
    0x08008c48   0x000000f8   Code   RO         1083    i.__kernel_poly     m_wm.l(poly.o)
    0x08008d40   0x00000130   Code   RO         1023    i.__kernel_sin      m_wm.l(sin_i.o)
    0x08008e70   0x00000014   Code   RO         1005    i.__mathlib_dbl_infnan  m_wm.l(dunder.o)
    0x08008e84   0x00000004   PAD
    0x08008e88   0x00000020   Code   RO         1007    i.__mathlib_dbl_invalid  m_wm.l(dunder.o)
    0x08008ea8   0x00000020   Code   RO         1010    i.__mathlib_dbl_underflow  m_wm.l(dunder.o)
    0x08008ec8   0x0000000e   Code   RO          850    i._is_digit         c_w.l(__printf_wp.o)
    0x08008ed6   0x00000018   Code   RO         1077    i.fabs              m_wm.l(fabs.o)
    0x08008eee   0x00000002   PAD
    0x08008ef0   0x0000002c   Code   RO         1125    locale$$code        c_w.l(lc_numeric_c.o)
    0x08008f1c   0x0000002c   Code   RO         1140    locale$$code        c_w.l(lc_ctype_c.o)
    0x08008f48   0x00000018   Code   RO          986    x$fpl$basic         fz_wm.l(basic.o)
    0x08008f60   0x00000150   Code   RO          888    x$fpl$dadd          fz_wm.l(daddsub_clz.o)
    0x080090b0   0x000002b0   Code   RO          895    x$fpl$ddiv          fz_wm.l(ddiv.o)
    0x08009360   0x0000005e   Code   RO          898    x$fpl$dfix          fz_wm.l(dfix.o)
    0x080093be   0x0000002e   Code   RO         1070    x$fpl$dflt          fz_wm.l(dflt_clz.o)
    0x080093ec   0x00000026   Code   RO         1069    x$fpl$dfltu         fz_wm.l(dflt_clz.o)
    0x08009412   0x00000002   PAD
    0x08009414   0x00000154   Code   RO          902    x$fpl$dmul          fz_wm.l(dmul.o)
    0x08009568   0x0000009c   Code   RO          990    x$fpl$dnaninf       fz_wm.l(dnaninf.o)
    0x08009604   0x0000000c   Code   RO          992    x$fpl$dretinf       fz_wm.l(dretinf.o)
    0x08009610   0x00000016   Code   RO          889    x$fpl$drsb          fz_wm.l(daddsub_clz.o)
    0x08009626   0x00000002   PAD
    0x08009628   0x00000198   Code   RO          994    x$fpl$dsqrt         fz_wm.l(dsqrt_umaal.o)
    0x080097c0   0x000001d4   Code   RO          890    x$fpl$dsub          fz_wm.l(daddsub_clz.o)
    0x08009994   0x00000056   Code   RO          904    x$fpl$f2d           fz_wm.l(f2d.o)
    0x080099ea   0x0000008c   Code   RO          996    x$fpl$fnaninf       fz_wm.l(fnaninf.o)
    0x08009a76   0x0000000a   Code   RO         1198    x$fpl$fpinit        fz_wm.l(fpinit.o)
    0x08009a80   0x00000004   Code   RO          998    x$fpl$printf1       fz_wm.l(printf1.o)
    0x08009a84   0x00000000   Code   RO         1000    x$fpl$usenofp       fz_wm.l(usenofp.o)
    0x08009a84   0x0000210e   Data   RO          413    .constdata          tftlcd.o
    0x0800bb92   0x00000002   PAD
    0x0800bb94   0x0000001c   Data   RO          590    .constdata          stm32f4xx_fsmc.o
    0x0800bbb0   0x00000028   Data   RO          838    .constdata          c_w.l(_printf_hex_int_ll_ptr.o)
    0x0800bbd8   0x00000011   Data   RO          858    .constdata          c_w.l(__printf_flags_ss_wp.o)
    0x0800bbe9   0x00000003   PAD
    0x0800bbec   0x00000008   Data   RO          950    .constdata          c_w.l(_printf_wctomb.o)
    0x0800bbf4   0x00000004   PAD
    0x0800bbf8   0x00000030   Data   RO         1002    .constdata          m_wm.l(cos_i.o)
    0x0800bc28   0x000000c8   Data   RO         1020    .constdata          m_wm.l(rred.o)
    0x0800bcf0   0x00000028   Data   RO         1024    .constdata          m_wm.l(sin_i.o)
    0x0800bd18   0x00000094   Data   RO         1100    .constdata          c_w.l(bigflt0.o)
    0x0800bdac   0x0000004b   Data   RO            6    .conststring        main.o
    0x0800bdf7   0x00000001   PAD
    0x0800bdf8   0x00000015   Data   RO          414    .conststring        tftlcd.o
    0x0800be0d   0x00000003   PAD
    0x0800be10   0x00000028   Data   RO          715    .conststring        usmart.o
    0x0800be38   0x00000107   Data   RO          749    .conststring        usmart_config.o
    0x0800bf3f   0x00000001   PAD
    0x0800bf40   0x00000020   Data   RO         1261    Region$$Table       anon$$obj.o
    0x0800bf60   0x0000001c   Data   RO         1124    locale$$data        c_w.l(lc_numeric_c.o)
    0x0800bf7c   0x00000110   Data   RO         1139    locale$$data        c_w.l(lc_ctype_c.o)


    Execution Region RW_IRAM1 (Base: 0x20000000, Size: 0x00001118, Max: 0x00020000, ABSOLUTE, COMPRESSED[0x000000c0])

    Base Addr    Size         Type   Attr      Idx    E Section Name        Object

    0x20000000   0x00000068   Data   RW            7    .data               main.o
    0x20000068   0x00000014   Data   RW          222    .data               system_stm32f4xx.o
    0x2000007c   0x00000004   Data   RW          340    .data               usart3.o
    0x20000080   0x0000001c   Data   RW          415    .data               tftlcd.o
    0x2000009c   0x00000004   Data   RW          452    .data               delay.o
    0x200000a0   0x0000000a   Data   RW          501    .data               usart.o
    0x200000aa   0x00000010   Data   RW          617    .data               stm32f4xx_rcc.o
    0x200000ba   0x00000002   PAD
    0x200000bc   0x0000001c   Data   RW          716    .data               usmart.o
    0x200000d8   0x0000012c   Data   RW          750    .data               usmart_config.o
    0x20000204   0x00000253   Zero   RW            5    .bss                main.o
    0x20000457   0x00000001   PAD
    0x20000458   0x000004b0   Zero   RW          339    .bss                usart3.o
    0x20000908   0x00000032   Zero   RW          412    .bss                tftlcd.o
    0x2000093a   0x0000017a   Zero   RW          500    .bss                usart.o
    0x20000ab4   0x00000060   Zero   RW         1086    .bss                c_w.l(libspace.o)
    0x20000b14   0x00000004   PAD
    0x20000b18   0x00000200   Zero   RW          532    HEAP                startup_stm32f40_41xxx.o
    0x20000d18   0x00000400   Zero   RW          531    STACK               startup_stm32f40_41xxx.o


==============================================================================

Image component sizes


      Code (inc. data)   RO Data    RW Data    ZI Data      Debug   Object Name

       260          8          0          4          0       1465   delay.o
      2196         60          0          0          0       6874   gps.o
      2904        924         75        104        595     294705   main.o
       224         20          0          0          0       1849   misc.o
        64         26        392          0       1536        852   startup_stm32f40_41xxx.o
      1480         18         28          0          0       5662   stm32f4xx_fsmc.o
       660         44          0          0          0       4125   stm32f4xx_gpio.o
        26          0          0          0          0       1238   stm32f4xx_it.o
      1628         52          0         16          0      12928   stm32f4xx_rcc.o
      3234         60          0          0          0      22328   stm32f4xx_tim.o
      1108         34          0          0          0       7824   stm32f4xx_usart.o
       528         46          0         20          0       1823   system_stm32f4xx.o
      5788        576       8483         28         50      15645   tftlcd.o
       240         14          0          0          0       2966   timer.o
       460         24          0         10        378       4774   usart.o
       420         28          0          4       1200       2969   usart3.o
      3124       1286         40         28          0       4414   usmart.o
         0          0        263        300          0       1568   usmart_config.o
      1320         12          0          0          0       5193   usmart_str.o

    ----------------------------------------------------------------------
     25668       3232       9320        516       3760     399202   Object Totals
         0          0         32          0          0          0   (incl. Generated)
         4          0          7          2          1          0   (incl. Padding)

    ----------------------------------------------------------------------

      Code (inc. data)   RO Data    RW Data    ZI Data      Debug   Library Member Name

        60          8          0          0          0         84   __0sscanf.o
        24          4          0          0          0         84   __2printf.o
        44          6          0          0          0         84   __2sprintf.o
        90          0          0          0          0          0   __dczerorl2.o
         8          0          0          0          0         68   __main.o
       392          4         17          0          0         92   __printf_flags_ss_wp.o
        14          0          0          0          0         68   __printf_wp.o
         0          0          0          0          0          0   __rtentry.o
        12          0          0          0          0          0   __rtentry2.o
         6          0          0          0          0          0   __rtentry4.o
        52          8          0          0          0          0   __scatter.o
        28          0          0          0          0          0   __scatter_zi.o
        28          0          0          0          0         68   _chval.o
         6          0          0          0          0          0   _printf_a.o
         6          0          0          0          0          0   _printf_c.o
        44          0          0          0          0        108   _printf_char.o
        48          6          0          0          0         96   _printf_char_common.o
        36          4          0          0          0         80   _printf_char_file.o
        40          0          0          0          0         68   _printf_charcount.o
         6          0          0          0          0          0   _printf_d.o
       120         16          0          0          0         92   _printf_dec.o
         6          0          0          0          0          0   _printf_e.o
         6          0          0          0          0          0   _printf_f.o
      1050          0          0          0          0        216   _printf_fp_dec.o
       128         16          0          0          0         84   _printf_fp_infnan.o
         6          0          0          0          0          0   _printf_g.o
       148          4         40          0          0        160   _printf_hex_int_ll_ptr.o
         6          0          0          0          0          0   _printf_i.o
       178          0          0          0          0         88   _printf_intcommon.o
        10          0          0          0          0          0   _printf_l.o
         6          0          0          0          0          0   _printf_lc.o
        10          0          0          0          0          0   _printf_ll.o
         6          0          0          0          0          0   _printf_lld.o
         6          0          0          0          0          0   _printf_lli.o
         6          0          0          0          0          0   _printf_llo.o
         6          0          0          0          0          0   _printf_llu.o
         6          0          0          0          0          0   _printf_llx.o
       124         16          0          0          0         92   _printf_longlong_dec.o
         6          0          0          0          0          0   _printf_ls.o
         6          0          0          0          0          0   _printf_n.o
         6          0          0          0          0          0   _printf_o.o
       112          8          0          0          0        124   _printf_oct_int_ll.o
         6          0          0          0          0          0   _printf_p.o
        78          0          0          0          0        108   _printf_pad.o
         0          0          0          0          0          0   _printf_percent.o
         4          0          0          0          0          0   _printf_percent_end.o
         6          0          0          0          0          0   _printf_s.o
        82          0          0          0          0         80   _printf_str.o
        36          0          0          0          0         84   _printf_truncate.o
         6          0          0          0          0          0   _printf_u.o
        44          0          0          0          0        108   _printf_wchar.o
       188          6          8          0          0         92   _printf_wctomb.o
         6          0          0          0          0          0   _printf_x.o
        22          0          0          0          0        100   _rserrno.o
       884          6          0          0          0        100   _scanf.o
       332          0          0          0          0         96   _scanf_int.o
        64          0          0          0          0         84   _sgetc.o
        10          0          0          0          0         68   _sputc.o
        64          0          0          0          0         92   _wcrtomb.o
       220          4        148          0          0         96   bigflt0.o
      1910        128          0          0          0        672   btod.o
        24          4          0          0          0         84   c89printf.o
        36          4          0          0          0         76   c89vsprintf.o
        12          0          0          0          0         72   exit.o
         8          0          0          0          0         68   ferror.o
         6          0          0          0          0        152   heapauxi.o
        18          0          0          0          0         76   isspace.o
        44         10        272          0          0         76   lc_ctype_c.o
        44         10         28          0          0         76   lc_numeric_c.o
         2          0          0          0          0          0   libinit.o
        34          0          0          0          0          0   libinit2.o
         2          0          0          0          0          0   libshutdown.o
         2          0          0          0          0          0   libshutdown2.o
         8          4          0          0         96         68   libspace.o
       138          0          0          0          0         80   lludiv10.o
        16          4          0          0          0         76   rt_ctype_table.o
         8          4          0          0          0         68   rt_errno_addr_intlibspace.o
         8          4          0          0          0         68   rt_locale_intlibspace.o
        68          0          0          0          0         68   rt_memclr.o
        78          0          0          0          0         80   rt_memclr_w.o
       138          0          0          0          0         68   rt_memcpy_v6.o
       100          0          0          0          0         80   rt_memcpy_w.o
         2          0          0          0          0          0   rtexit.o
        10          0          0          0          0          0   rtexit2.o
        44          8          0          0          0         84   scanf_char.o
        24          0          0          0          0         68   strcat.o
       128          0          0          0          0         68   strcmpv7m.o
        72          0          0          0          0         80   strcpy.o
        62          0          0          0          0         76   strlen.o
        36          0          0          0          0         80   strstr.o
        74          0          0          0          0         80   sys_stackheap_outer.o
         2          0          0          0          0         68   use_no_semi.o
         2          0          0          0          0         68   use_no_semi_2.o
        24          0          0          0          0        164   basic.o
       826         16          0          0          0        492   daddsub_clz.o
       688        140          0          0          0        256   ddiv.o
        94          4          0          0          0        140   dfix.o
        84          0          0          0          0        232   dflt_clz.o
       340         12          0          0          0        152   dmul.o
       156          4          0          0          0        140   dnaninf.o
        12          0          0          0          0        116   dretinf.o
       408         56          0          0          0        168   dsqrt_umaal.o
        86          4          0          0          0        132   f2d.o
       140          4          0          0          0        132   fnaninf.o
        10          0          0          0          0        116   fpinit.o
         4          0          0          0          0        116   printf1.o
         0          0          0          0          0          0   usenofp.o
       200         20          0          0          0        164   cos.o
       368         46         48          0          0        200   cos_i.o
        84         16          0          0          0        372   dunder.o
        24          0          0          0          0        124   fabs.o
        48          0          0          0          0        124   fpclassify.o
       248          0          0          0          0        152   poly.o
      1080        142        200          0          0        188   rred.o
       304         24         40          0          0        208   sin_i.o
       122          0          0          0          0        148   sqrt.o

    ----------------------------------------------------------------------
     13496        784        808          0        100       9580   Library Totals
        32          0          7          0          4          0   (incl. Padding)

    ----------------------------------------------------------------------

      Code (inc. data)   RO Data    RW Data    ZI Data      Debug   Library Name

      8114        296        513          0         96       5544   c_w.l
      2872        240          0          0          0       2356   fz_wm.l
      2478        248        288          0          0       1680   m_wm.l

    ----------------------------------------------------------------------
     13496        784        808          0        100       9580   Library Totals

    ----------------------------------------------------------------------

==============================================================================


      Code (inc. data)   RO Data    RW Data    ZI Data      Debug   

     39164       4016      10128        516       3860     399110   Grand Totals
     39164       4016      10128        192       3860     399110   ELF Image Totals (compressed)
     39164       4016      10128        192          0          0   ROM Totals

==============================================================================

    Total RO  Size (Code + RO Data)                49292 (  48.14kB)
    Total RW  Size (RW Data + ZI Data)              4376 (   4.27kB)
    Total ROM Size (Code + RO Data + RW Data)      49484 (  48.32kB)

==============================================================================

