Component: ARM Compiler 5.05 update 1 (build 106) Tool: armlink [4d0efa]

==============================================================================

Section Cross References

    main.o(.text) refers to misc.o(.text) for NVIC_PriorityGroupConfig
    main.o(.text) refers to delay.o(.text) for delay_init
    main.o(.text) refers to usart.o(.text) for uart_init
    main.o(.text) refers to usart3.o(.text) for usart3_init
    main.o(.text) refers to led.o(.text) for LED_Init
    main.o(.text) refers to key.o(.text) for KEY_Init
    main.o(.text) refers to tftlcd.o(.text) for TFTLCD_Init
    main.o(.text) refers to timer.o(.text) for TIM3_Init
    main.o(.text) refers to gps.o(.text) for Ublox_Cfg_Rate
    main.o(.text) refers to dflt_clz.o(x$fpl$dfltu) for __aeabi_ui2d
    main.o(.text) refers to ddiv.o(x$fpl$ddiv) for __aeabi_ddiv
    main.o(.text) refers to dfixu.o(x$fpl$dfixu) for __aeabi_d2uiz
    main.o(.text) refers to usmart_config.o(.data) for usmart_dev
    main.o(.text) refers to main.o(.data) for key
    main.o(.text) refers to tftlcd.o(.data) for tftlcd_data
    main.o(.text) refers to usart3.o(.data) for USART3_RX_STA
    main.o(.text) refers to usart3.o(.bss) for USART3_RX_BUF
    main.o(.text) refers to main.o(.bss) for USART1_TX_BUF
    system_stm32f4xx.o(.text) refers to system_stm32f4xx.o(.data) for SystemCoreClock
    tftlcd.o(.text) refers to _printf_percent.o(.ARM.Collect$$_printf_percent$$00000000) for _printf_percent
    tftlcd.o(.text) refers to _printf_x.o(.ARM.Collect$$_printf_percent$$0000000C) for _printf_x
    tftlcd.o(.text) refers to _printf_hex_int_ll_ptr.o(.text) for _printf_longlong_hex
    tftlcd.o(.text) refers to _printf_pad.o(.text) for _printf_pre_padding
    tftlcd.o(.text) refers to _printf_f.o(.ARM.Collect$$_printf_percent$$00000003) for _printf_f
    tftlcd.o(.text) refers to _printf_c.o(.ARM.Collect$$_printf_percent$$00000013) for _printf_c
    tftlcd.o(.text) refers to printf1.o(x$fpl$printf1) for _printf_fp_dec
    tftlcd.o(.text) refers to _printf_str.o(.text) for _printf_str
    tftlcd.o(.text) refers to _printf_s.o(.ARM.Collect$$_printf_percent$$00000014) for _printf_s
    tftlcd.o(.text) refers to _printf_d.o(.ARM.Collect$$_printf_percent$$00000009) for _printf_d
    tftlcd.o(.text) refers to _printf_dec.o(.text) for _printf_int_dec
    tftlcd.o(.text) refers to stm32f4xx_rcc.o(.text) for RCC_AHB1PeriphClockCmd
    tftlcd.o(.text) refers to stm32f4xx_gpio.o(.text) for GPIO_PinAFConfig
    tftlcd.o(.text) refers to stm32f4xx_fsmc.o(.text) for FSMC_NORSRAMInit
    tftlcd.o(.text) refers to delay.o(.text) for delay_ms
    tftlcd.o(.text) refers to __2printf.o(.text) for __2printf
    tftlcd.o(.text) refers to tftlcd.o(.data) for tftlcd_data
    tftlcd.o(.text) refers to tftlcd.o(.constdata) for ascii_1206
    tftlcd.o(.text) refers to __2sprintf.o(.text) for __2sprintf
    tftlcd.o(.text) refers to f2d.o(x$fpl$f2d) for __aeabi_f2d
    tftlcd.o(.text) refers to tftlcd.o(.bss) for dtbuf
    tftlcd.o(.text) refers to main.o(.bss) for gpsx
    tftlcd.o(.text) refers to dmul.o(x$fpl$dmul) for __aeabi_dmul
    tftlcd.o(.text) refers to daddsub_clz.o(x$fpl$dadd) for __aeabi_dadd
    tftlcd.o(.text) refers to sqrt.o(i.__hardfp_sqrt) for __hardfp_sqrt
    tftlcd.o(.text) refers to ddiv.o(x$fpl$ddiv) for __aeabi_ddiv
    tftlcd.o(.text) refers to cos.o(i.__hardfp_cos) for __hardfp_cos
    tftlcd.o(.text) refers to daddsub_clz.o(x$fpl$dsub) for __aeabi_dsub
    tftlcd.o(.text) refers to daddsub_clz.o(x$fpl$drsb) for __aeabi_drsub
    tftlcd.o(.data) refers to tftlcd.o(.conststring) for .conststring
    led.o(.text) refers to stm32f4xx_rcc.o(.text) for RCC_AHB1PeriphClockCmd
    led.o(.text) refers to stm32f4xx_gpio.o(.text) for GPIO_Init
    key.o(.text) refers to stm32f4xx_rcc.o(.text) for RCC_AHB1PeriphClockCmd
    key.o(.text) refers to stm32f4xx_gpio.o(.text) for GPIO_Init
    key.o(.text) refers to delay.o(.text) for delay_ms
    key.o(.text) refers to key.o(.data) for key_up
    timer.o(.text) refers to stm32f4xx_tim.o(.text) for TIM_GetITStatus
    timer.o(.text) refers to stm32f4xx_rcc.o(.text) for RCC_APB1PeriphClockCmd
    timer.o(.text) refers to misc.o(.text) for NVIC_Init
    timer.o(.text) refers to key.o(.text) for KEY_Scan
    timer.o(.text) refers to tftlcd.o(.text) for LCD_Fill
    timer.o(.text) refers to delay.o(.text) for delay_ms
    timer.o(.text) refers to usart3.o(.data) for USART3_RX_STA
    timer.o(.text) refers to main.o(.data) for key
    timer.o(.text) refers to main.o(.bss) for gpsx
    usart3.o(.text) refers to stm32f4xx_usart.o(.text) for USART_GetITStatus
    usart3.o(.text) refers to stm32f4xx_tim.o(.text) for TIM_SetCounter
    usart3.o(.text) refers to stm32f4xx_rcc.o(.text) for RCC_AHB1PeriphClockCmd
    usart3.o(.text) refers to stm32f4xx_gpio.o(.text) for GPIO_PinAFConfig
    usart3.o(.text) refers to misc.o(.text) for NVIC_Init
[...]
    _printf_s                                0x080002b7   Thumb Code     0  _printf_s.o(.ARM.Collect$$_printf_percent$$00000014)
    _printf_lc                               0x080002bd   Thumb Code     0  _printf_lc.o(.ARM.Collect$$_printf_percent$$00000015)
    _printf_ls                               0x080002c3   Thumb Code     0  _printf_ls.o(.ARM.Collect$$_printf_percent$$00000016)
    _printf_percent_end                      0x080002c9   Thumb Code     0  _printf_percent_end.o(.ARM.Collect$$_printf_percent$$00000017)
    __rt_lib_init                            0x080002cd   Thumb Code     0  libinit.o(.ARM.Collect$$libinit$$00000000)
    __rt_lib_init_fp_1                       0x080002cf   Thumb Code     0  libinit2.o(.ARM.Collect$$libinit$$00000001)
    __rt_lib_init_heap_1                     0x080002d3   Thumb Code     0  libinit2.o(.ARM.Collect$$libinit$$0000000A)
    __rt_lib_init_lc_common                  0x080002d3   Thumb Code     0  libinit2.o(.ARM.Collect$$libinit$$0000000F)
    __rt_lib_init_preinit_1                  0x080002d3   Thumb Code     0  libinit2.o(.ARM.Collect$$libinit$$00000004)
    __rt_lib_init_rand_1                     0x080002d3   Thumb Code     0  libinit2.o(.ARM.Collect$$libinit$$0000000E)
    __rt_lib_init_user_alloc_1               0x080002d3   Thumb Code     0  libinit2.o(.ARM.Collect$$libinit$$0000000C)
    __rt_lib_init_lc_collate_1               0x080002d9   Thumb Code     0  libinit2.o(.ARM.Collect$$libinit$$00000011)
    __rt_lib_init_lc_ctype_2                 0x080002d9   Thumb Code     0  libinit2.o(.ARM.Collect$$libinit$$00000012)
    __rt_lib_init_lc_ctype_1                 0x080002e5   Thumb Code     0  libinit2.o(.ARM.Collect$$libinit$$00000013)
    __rt_lib_init_lc_monetary_1              0x080002e5   Thumb Code     0  libinit2.o(.ARM.Collect$$libinit$$00000015)
    __rt_lib_init_lc_numeric_2               0x080002e5   Thumb Code     0  libinit2.o(.ARM.Collect$$libinit$$00000016)
    __rt_lib_init_alloca_1                   0x080002ef   Thumb Code     0  libinit2.o(.ARM.Collect$$libinit$$0000002E)
    __rt_lib_init_argv_1                     0x080002ef   Thumb Code     0  libinit2.o(.ARM.Collect$$libinit$$0000002C)
    __rt_lib_init_atexit_1                   0x080002ef   Thumb Code     0  libinit2.o(.ARM.Collect$$libinit$$0000001B)
    __rt_lib_init_clock_1                    0x080002ef   Thumb Code     0  libinit2.o(.ARM.Collect$$libinit$$00000021)
    __rt_lib_init_cpp_1                      0x080002ef   Thumb Code     0  libinit2.o(.ARM.Collect$$libinit$$00000032)
    __rt_lib_init_exceptions_1               0x080002ef   Thumb Code     0  libinit2.o(.ARM.Collect$$libinit$$00000030)
    __rt_lib_init_fp_trap_1                  0x080002ef   Thumb Code     0  libinit2.o(.ARM.Collect$$libinit$$0000001F)
    __rt_lib_init_getenv_1                   0x080002ef   Thumb Code     0  libinit2.o(.ARM.Collect$$libinit$$00000023)
    __rt_lib_init_lc_numeric_1               0x080002ef   Thumb Code     0  libinit2.o(.ARM.Collect$$libinit$$00000017)
    __rt_lib_init_lc_time_1                  0x080002ef   Thumb Code     0  libinit2.o(.ARM.Collect$$libinit$$00000019)
    __rt_lib_init_return                     0x080002ef   Thumb Code     0  libinit2.o(.ARM.Collect$$libinit$$00000033)
    __rt_lib_init_signal_1                   0x080002ef   Thumb Code     0  libinit2.o(.ARM.Collect$$libinit$$0000001D)
    __rt_lib_init_stdio_1                    0x080002ef   Thumb Code     0  libinit2.o(.ARM.Collect$$libinit$$00000025)
    __rt_lib_shutdown                        0x080002f1   Thumb Code     0  libshutdown.o(.ARM.Collect$$libshutdown$$00000000)
    __rt_lib_shutdown_fp_trap_1              0x080002f3   Thumb Code     0  libshutdown2.o(.ARM.Collect$$libshutdown$$00000006)
    __rt_lib_shutdown_heap_1                 0x080002f3   Thumb Code     0  libshutdown2.o(.ARM.Collect$$libshutdown$$0000000E)
    __rt_lib_shutdown_return                 0x080002f3   Thumb Code     0  libshutdown2.o(.ARM.Collect$$libshutdown$$0000000F)
    __rt_lib_shutdown_signal_1               0x080002f3   Thumb Code     0  libshutdown2.o(.ARM.Collect$$libshutdown$$00000009)
    __rt_lib_shutdown_stdio_1                0x080002f3   Thumb Code     0  libshutdown2.o(.ARM.Collect$$libshutdown$$00000003)
    __rt_lib_shutdown_user_alloc_1           0x080002f3   Thumb Code     0  libshutdown2.o(.ARM.Collect$$libshutdown$$0000000B)
    __rt_entry                               0x080002f5   Thumb Code     0  __rtentry.o(.ARM.Collect$$rtentry$$00000000)
    __rt_entry_presh_1                       0x080002f5   Thumb Code     0  __rtentry2.o(.ARM.Collect$$rtentry$$00000002)
    __rt_entry_sh                            0x080002f5   Thumb Code     0  __rtentry4.o(.ARM.Collect$$rtentry$$00000004)
    __rt_entry_li                            0x080002fb   Thumb Code     0  __rtentry2.o(.ARM.Collect$$rtentry$$0000000A)
    __rt_entry_postsh_1                      0x080002fb   Thumb Code     0  __rtentry2.o(.ARM.Collect$$rtentry$$00000009)
    __rt_entry_main                          0x080002ff   Thumb Code     0  __rtentry2.o(.ARM.Collect$$rtentry$$0000000D)
    __rt_entry_postli_1                      0x080002ff   Thumb Code     0  __rtentry2.o(.ARM.Collect$$rtentry$$0000000C)
    __rt_exit                                0x08000307   Thumb Code     0  rtexit.o(.ARM.Collect$$rtexit$$00000000)
    __rt_exit_ls                             0x08000309   Thumb Code     0  rtexit2.o(.ARM.Collect$$rtexit$$00000003)
    __rt_exit_prels_1                        0x08000309   Thumb Code     0  rtexit2.o(.ARM.Collect$$rtexit$$00000002)
    __rt_exit_exit                           0x0800030d   Thumb Code     0  rtexit2.o(.ARM.Collect$$rtexit$$00000004)
    main                                     0x08000315   Thumb Code   518  main.o(.text)
    NMI_Handler                              0x08000599   Thumb Code     2  stm32f4xx_it.o(.text)
    HardFault_Handler                        0x0800059b   Thumb Code     4  stm32f4xx_it.o(.text)
    MemManage_Handler                        0x0800059f   Thumb Code     4  stm32f4xx_it.o(.text)
    BusFault_Handler                         0x080005a3   Thumb Code     4  stm32f4xx_it.o(.text)
    UsageFault_Handler                       0x080005a7   Thumb Code     4  stm32f4xx_it.o(.text)
    SVC_Handler                              0x080005ab   Thumb Code     2  stm32f4xx_it.o(.text)
    DebugMon_Handler                         0x080005ad   Thumb Code     2  stm32f4xx_it.o(.text)
    PendSV_Handler                           0x080005af   Thumb Code     2  stm32f4xx_it.o(.text)
    SysTick_Handler                          0x080005b1   Thumb Code     2  stm32f4xx_it.o(.text)
    SystemInit                               0x08000691   Thumb Code    88  system_stm32f4xx.o(.text)
    SystemCoreClockUpdate                    0x080006e9   Thumb Code   174  system_stm32f4xx.o(.text)
    TFTLCD_GPIO_Init                         0x080007c5   Thumb Code   364  tftlcd.o(.text)
    TFTLCD_FSMC_Init                         0x08000931   Thumb Code   106  tftlcd.o(.text)
    LCD_WriteCmd                             0x0800099b   Thumb Code     6  tftlcd.o(.text)
    LCD_WriteData                            0x080009a1   Thumb Code     8  tftlcd.o(.text)
    LCD_WriteCmdData                         0x080009a9   Thumb Code    20  tftlcd.o(.text)
    LCD_WriteData_Color                      0x080009bd   Thumb Code     8  tftlcd.o(.text)
    LCD_ReadData                             0x080009c5   Thumb Code     8  tftlcd.o(.text)
    LCD_Display_Dir                          0x080009cd   Thumb Code    70  tftlcd.o(.text)
    LCD_Set_Window                           0x08000a13   Thumb Code   166  tftlcd.o(.text)
    LCD_Clear                                0x08000ab9   Thumb Code    68  tftlcd.o(.text)
    TFTLCD_Init                              0x08000afd   Thumb Code   726  tftlcd.o(.text)
    LCD_Fill                                 0x08000dd3   Thumb Code    92  tftlcd.o(.text)
    LCD_DrawPoint                            0x08000e2f   Thumb Code    28  tftlcd.o(.text)
    LCD_DrawFRONT_COLOR                      0x08000e4b   Thumb Code    28  tftlcd.o(.text)
    LCD_ReadPoint                            0x08000e67   Thumb Code    94  tftlcd.o(.text)
    LCD_DrawLine                             0x08000ec5   Thumb Code   176  tftlcd.o(.text)
    LCD_DrawLine_Color                       0x08000f75   Thumb Code   172  tftlcd.o(.text)
    LCD_DrowSign                             0x08001021   Thumb Code   132  tftlcd.o(.text)
    LCD_DrawRectangle                        0x080010a5   Thumb Code    60  tftlcd.o(.text)
    LCD_Draw_Circle                          0x080010e1   Thumb Code   152  tftlcd.o(.text)
    LCD_ShowChar                             0x08001179   Thumb Code   294  tftlcd.o(.text)
    LCD_Pow                                  0x0800129f   Thumb Code    22  tftlcd.o(.text)
    LCD_ShowNum                              0x080012b5   Thumb Code   148  tftlcd.o(.text)
    LCD_ShowxNum                             0x08001349   Thumb Code   190  tftlcd.o(.text)
    LCD_ShowString                           0x08001407   Thumb Code   102  tftlcd.o(.text)
    LCD_ShowFontHZ                           0x0800146d   Thumb Code   220  tftlcd.o(.text)
    LCD_ShowPicture                          0x08001549   Thumb Code    92  tftlcd.o(.text)
    LCD_ShowFontHZ24                         0x080015a5   Thumb Code   242  tftlcd.o(.text)
    LCD_Show_CH_Font24                       0x08001697   Thumb Code   188  tftlcd.o(.text)
    show_font                                0x08001753   Thumb Code    48  tftlcd.o(.text)
    Interface_Display                        0x08001783   Thumb Code   122  tftlcd.o(.text)
    Gps_Msg_Show1                            0x080017fd   Thumb Code   284  tftlcd.o(.text)
    Gps_Msg_Show2                            0x08001919   Thumb Code   282  tftlcd.o(.text)
    Gps_Msg_Show                             0x08001a33   Thumb Code  1054  tftlcd.o(.text)
    __hardfp_hypot                           0x08001e51   Thumb Code    84  tftlcd.o(.text)
    compute_distance                         0x08001ea5   Thumb Code   336  tftlcd.o(.text)
    LED_Init                                 0x080020d9   Thumb Code    60  led.o(.text)
    KEY_Init                                 0x08002119   Thumb Code    60  key.o(.text)
    KEY_Scan                                 0x08002155   Thumb Code   188  key.o(.text)
    TIM7_IRQHandler                          0x0800221d   Thumb Code    42  timer.o(.text)
    TIM7_Int_Init                            0x08002247   Thumb Code    88  timer.o(.text)
    TIM3_Init                                0x0800229f   Thumb Code    96  timer.o(.text)
    TIM3_IRQHandler                          0x080022ff   Thumb Code   104  timer.o(.text)
    USART3_IRQHandler                        0x08002389   Thumb Code    94  usart3.o(.text)
    usart3_init                              0x080023e7   Thumb Code   194  usart3.o(.text)
    u3_printf                                0x080024a9   Thumb Code    72  usart3.o(.text)
    NMEA_Comma_Pos                           0x08002509   Thumb Code    50  gps.o(.text)
    NMEA_Pow                                 0x0800253b   Thumb Code    22  gps.o(.text)
    NMEA_Str2num                             0x08002551   Thumb Code   234  gps.o(.text)
    NMEA_GPGSV_Analysis                      0x0800263b   Thumb Code   290  gps.o(.text)
    NMEA_GPGGA_Analysis                      0x0800275d   Thumb Code    96  gps.o(.text)
    NMEA_GPGSA_Analysis                      0x080027bd   Thumb Code   176  gps.o(.text)
    NMEA_GPRMC_Analysis                      0x0800286d   Thumb Code   570  gps.o(.text)
    NMEA_GPVTG_Analysis                      0x08002aa7   Thumb Code    78  gps.o(.text)
    GPS_Analysis                             0x08002af5   Thumb Code    48  gps.o(.text)
    Ublox_CheckSum                           0x08002b25   Thumb Code    40  gps.o(.text)
    Ublox_Cfg_Ack_Check                      0x08002b4d   Thumb Code   104  gps.o(.text)
    Ublox_Send_Date                          0x08002bb5   Thumb Code    40  gps.o(.text)
    Ublox_Cfg_Cfg_Save                       0x08002bdd   Thumb Code   100  gps.o(.text)
    Ublox_Cfg_Msg                            0x08002c41   Thumb Code    72  gps.o(.text)
    Ublox_Cfg_Prt                            0x08002c89   Thumb Code    94  gps.o(.text)
    Ublox_Cfg_Tp                             0x08002ce7   Thumb Code    90  gps.o(.text)
    Ublox_Cfg_Rate                           0x08002d41   Thumb Code    68  gps.o(.text)
    delay_init                               0x08002d9d   Thumb Code    52  delay.o(.text)
    delay_us                                 0x08002dd1   Thumb Code    72  delay.o(.text)
    delay_xms                                0x08002e19   Thumb Code    72  delay.o(.text)
    delay_ms                                 0x08002e61   Thumb Code    56  delay.o(.text)
    _sys_exit                                0x08002ea1   Thumb Code     6  usart.o(.text)
    fputc                                    0x08002ea7   Thumb Code    22  usart.o(.text)
    uart_init                                0x08002ebd   Thumb Code   172  usart.o(.text)
    USART1_IRQHandler                        0x08002f69   Thumb Code   122  usart.o(.text)
    Reset_Handler                            0x08002ff5   Thumb Code     8  startup_stm32f40_41xxx.o(.text)
    ADC_IRQHandler                           0x0800300f   Thumb Code     0  startup_stm32f40_41xxx.o(.text)
    CAN1_RX0_IRQHandler                      0x0800300f   Thumb Code     0  startup_stm32f40_41xxx.o(.text)
    CAN1_RX1_IRQHandler                      0x0800300f   Thumb Code     0  startup_stm32f40_41xxx.o(.text)
    CAN1_SCE_IRQHandler                      0x0800300f   Thumb Code     0  startup_stm32f40_41xxx.o(.text)
    CAN1_TX_IRQHandler                       0x0800300f   Thumb Code     0  startup_stm32f40_41xxx.o(.text)
    CAN2_RX0_IRQHandler                      0x0800300f   Thumb Code     0  startup_stm32f40_41xxx.o(.text)
    CAN2_RX1_IRQHandler                      0x0800300f   Thumb Code     0  startup_stm32f40_41xxx.o(.text)
    CAN2_SCE_IRQHandler                      0x0800300f   Thumb Code     0  startup_stm32f40_41xxx.o(.text)
    CAN2_TX_IRQHandler                       0x0800300f   Thumb Code     0  startup_stm32f40_41xxx.o(.text)
    CRYP_IRQHandler                          0x0800300f   Thumb Code     0  startup_stm32f40_41xxx.o(.text)
    DCMI_IRQHandler                          0x0800300f   Thumb Code     0  startup_stm32f40_41xxx.o(.text)
    DMA1_Stream0_IRQHandler                  0x0800300f   Thumb Code     0  startup_stm32f40_41xxx.o(.text)
    DMA1_Stream1_IRQHandler                  0x0800300f   Thumb Code     0  startup_stm32f40_41xxx.o(.text)
    DMA1_Stream2_IRQHandler                  0x0800300f   Thumb Code     0  startup_stm32f40_41xxx.o(.text)
    DMA1_Stream3_IRQHandler                  0x0800300f   Thumb Code     0  startup_stm32f40_41xxx.o(.text)
    DMA1_Stream4_IRQHandler                  0x0800300f   Thumb Code     0  startup_stm32f40_41xxx.o(.text)
    DMA1_Stream5_IRQHandler                  0x0800300f   Thumb Code     0  startup_stm32f40_41xxx.o(.text)
    DMA1_Stream6_IRQHandler                  0x0800300f   Thumb Code     0  startup_stm32f40_41xxx.o(.text)
    DMA1_Stream7_IRQHandler                  0x0800300f   Thumb Code     0  startup_stm32f40_41xxx.o(.text)
    DMA2_Stream0_IRQHandler                  0x0800300f   Thumb Code     0  startup_stm32f40_41xxx.o(.text)
    DMA2_Stream1_IRQHandler                  0x0800300f   Thumb Code     0  startup_stm32f40_41xxx.o(.text)
    DMA2_Stream2_IRQHandler                  0x0800300f   Thumb Code     0  startup_stm32f40_41xxx.o(.text)
    DMA2_Stream3_IRQHandler                  0x0800300f   Thumb Code     0  startup_stm32f40_41xxx.o(.text)
    DMA2_Stream4_IRQHandler                  0x0800300f   Thumb Code     0  startup_stm32f40_41xxx.o(.text)
    DMA2_Stream5_IRQHandler                  0x0800300f   Thumb Code     0  startup_stm32f40_41xxx.o(.text)
    DMA2_Stream6_IRQHandler                  0x0800300f   Thumb Code     0  startup_stm32f40_41xxx.o(.text)
    DMA2_Stream7_IRQHandler                  0x0800300f   Thumb Code     0  startup_stm32f40_41xxx.o(.text)
    ETH_IRQHandler                           0x0800300f   Thumb Code     0  startup_stm32f40_41xxx.o(.text)
    ETH_WKUP_IRQHandler                      0x0800300f   Thumb Code     0  startup_stm32f40_41xxx.o(.text)
    EXTI0_IRQHandler                         0x0800300f   Thumb Code     0  startup_stm32f40_41xxx.o(.text)
    EXTI15_10_IRQHandler                     0x0800300f   Thumb Code     0  startup_stm32f40_41xxx.o(.text)
    EXTI1_IRQHandler                         0x0800300f   Thumb Code     0  startup_stm32f40_41xxx.o(.text)
    EXTI2_IRQHandler                         0x0800300f   Thumb Code     0  startup_stm32f40_41xxx.o(.text)
    EXTI3_IRQHandler                         0x0800300f   Thumb Code     0  startup_stm32f40_41xxx.o(.text)
    EXTI4_IRQHandler                         0x0800300f   Thumb Code     0  startup_stm32f40_41xxx.o(.text)
    EXTI9_5_IRQHandler                       0x0800300f   Thumb Code     0  startup_stm32f40_41xxx.o(.text)
    FLASH_IRQHandler                         0x0800300f   Thumb Code     0  startup_stm32f40_41xxx.o(.text)
    FPU_IRQHandler                           0x0800300f   Thumb Code     0  startup_stm32f40_41xxx.o(.text)
    FSMC_IRQHandler                          0x0800300f   Thumb Code     0  startup_stm32f40_41xxx.o(.text)
    HASH_RNG_IRQHandler                      0x0800300f   Thumb Code     0  startup_stm32f40_41xxx.o(.text)
    I2C1_ER_IRQHandler                       0x0800300f   Thumb Code     0  startup_stm32f40_41xxx.o(.text)
    I2C1_EV_IRQHandler                       0x0800300f   Thumb Code     0  startup_stm32f40_41xxx.o(.text)
    I2C2_ER_IRQHandler                       0x0800300f   Thumb Code     0  startup_stm32f40_41xxx.o(.text)
    I2C2_EV_IRQHandler                       0x0800300f   Thumb Code     0  startup_stm32f40_41xxx.o(.text)
    I2C3_ER_IRQHandler                       0x0800300f   Thumb Code     0  startup_stm32f40_41xxx.o(.text)
    I2C3_EV_IRQHandler                       0x0800300f   Thumb Code     0  startup_stm32f40_41xxx.o(.text)
    OTG_FS_IRQHandler                        0x0800300f   Thumb Code     0  startup_stm32f40_41xxx.o(.text)
    OTG_FS_WKUP_IRQHandler                   0x0800300f   Thumb Code     0  startup_stm32f40_41xxx.o(.text)
    OTG_HS_EP1_IN_IRQHandler                 0x0800300f   Thumb Code     0  startup_stm32f40_41xxx.o(.text)
    OTG_HS_EP1_OUT_IRQHandler                0x0800300f   Thumb Code     0  startup_stm32f40_41xxx.o(.text)
    OTG_HS_IRQHandler                        0x0800300f   Thumb Code     0  startup_stm32f40_41xxx.o(.text)
    OTG_HS_WKUP_IRQHandler                   0x0800300f   Thumb Code     0  startup_stm32f40_41xxx.o(.text)
    PVD_IRQHandler                           0x0800300f   Thumb Code     0  startup_stm32f40_41xxx.o(.text)
    RCC_IRQHandler                           0x0800300f   Thumb Code     0  startup_stm32f40_41xxx.o(.text)
    RTC_Alarm_IRQHandler                     0x0800300f   Thumb Code     0  startup_stm32f40_41xxx.o(.text)
    RTC_WKUP_IRQHandler                      0x0800300f   Thumb Code     0  startup_stm32f40_41xxx.o(.text)
    SDIO_IRQHandler                          0x0800300f   Thumb Code     0  startup_stm32f40_41xxx.o(.text)
    SPI1_IRQHandler                          0x0800300f   Thumb Code     0  startup_stm32f40_41xxx.o(.text)
    SPI2_IRQHandler                          0x0800300f   Thumb Code     0  startup_stm32f40_41xxx.o(.text)
    SPI3_IRQHandler                          0x0800300f   Thumb Code     0  startup_stm32f40_41xxx.o(.text)
    TAMP_STAMP_IRQHandler                    0x0800300f   Thumb Code     0  startup_stm32f40_41xxx.o(.text)
    TIM1_BRK_TIM9_IRQHandler                 0x0800300f   Thumb Code     0  startup_stm32f40_41xxx.o(.text)
    TIM1_CC_IRQHandler                       0x0800300f   Thumb Code     0  startup_stm32f40_41xxx.o(.text)
    TIM1_TRG_COM_TIM11_IRQHandler            0x0800300f   Thumb Code     0  startup_stm32f40_41xxx.o(.text)
    TIM1_UP_TIM10_IRQHandler                 0x0800300f   Thumb Code     0  startup_stm32f40_41xxx.o(.text)
    TIM2_IRQHandler                          0x0800300f   Thumb Code     0  startup_stm32f40_41xxx.o(.text)
    TIM5_IRQHandler                          0x0800300f   Thumb Code     0  startup_stm32f40_41xxx.o(.text)
    TIM6_DAC_IRQHandler                      0x0800300f   Thumb Code     0  startup_stm32f40_41xxx.o(.text)
    TIM8_BRK_TIM12_IRQHandler                0x0800300f   Thumb Code     0  startup_stm32f40_41xxx.o(.text)
    TIM8_CC_IRQHandler                       0x0800300f   Thumb Code     0  startup_stm32f40_41xxx.o(.text)
    TIM8_TRG_COM_TIM14_IRQHandler            0x0800300f   Thumb Code     0  startup_stm32f40_41xxx.o(.text)
    TIM8_UP_TIM13_IRQHandler                 0x0800300f   Thumb Code     0  startup_stm32f40_41xxx.o(.text)
    UART4_IRQHandler                         0x0800300f   Thumb Code     0  startup_stm32f40_41xxx.o(.text)
    UART5_IRQHandler                         0x0800300f   Thumb Code     0  startup_stm32f40_41xxx.o(.text)
    USART2_IRQHandler                        0x0800300f   Thumb Code     0  startup_stm32f40_41xxx.o(.text)
    USART6_IRQHandler                        0x0800300f   Thumb Code     0  startup_stm32f40_41xxx.o(.text)
    WWDG_IRQHandler                          0x0800300f   Thumb Code     0  startup_stm32f40_41xxx.o(.text)
    __user_initial_stackheap                 0x08003011   Thumb Code     0  startup_stm32f40_41xxx.o(.text)
    NVIC_PriorityGroupConfig                 0x08003035   Thumb Code    10  misc.o(.text)
    NVIC_Init                                0x0800303f   Thumb Code   106  misc.o(.text)
    NVIC_SetVectorTable                      0x080030a9   Thumb Code    14  misc.o(.text)
    NVIC_SystemLPConfig                      0x080030b7   Thumb Code    34  misc.o(.text)
    SysTick_CLKSourceConfig                  0x080030d9   Thumb Code    40  misc.o(.text)
    GPIO_DeInit                              0x08003115   Thumb Code   268  stm32f4xx_gpio.o(.text)
    GPIO_Init                                0x08003221   Thumb Code   144  stm32f4xx_gpio.o(.text)
    GPIO_StructInit                          0x080032b1   Thumb Code    18  stm32f4xx_gpio.o(.text)
    GPIO_PinLockConfig                       0x080032c3   Thumb Code    34  stm32f4xx_gpio.o(.text)
    GPIO_ReadInputDataBit                    0x080032e5   Thumb Code    18  stm32f4xx_gpio.o(.text)
    GPIO_ReadInputData                       0x080032f7   Thumb Code     8  stm32f4xx_gpio.o(.text)
    GPIO_ReadOutputDataBit                   0x080032ff   Thumb Code    18  stm32f4xx_gpio.o(.text)
    GPIO_ReadOutputData                      0x08003311   Thumb Code     8  stm32f4xx_gpio.o(.text)
    GPIO_SetBits                             0x08003319   Thumb Code     4  stm32f4xx_gpio.o(.text)
    GPIO_ResetBits                           0x0800331d   Thumb Code     4  stm32f4xx_gpio.o(.text)
    GPIO_WriteBit                            0x08003321   Thumb Code    10  stm32f4xx_gpio.o(.text)
    GPIO_Write                               0x0800332b   Thumb Code     4  stm32f4xx_gpio.o(.text)
    GPIO_ToggleBits                          0x0800332f   Thumb Code     8  stm32f4xx_gpio.o(.text)
    GPIO_PinAFConfig                         0x08003337   Thumb Code    70  stm32f4xx_gpio.o(.text)
    FSMC_NORSRAMDeInit                       0x080033a9   Thumb Code    54  stm32f4xx_fsmc.o(.text)
    FSMC_NORSRAMInit                         0x080033df   Thumb Code   230  stm32f4xx_fsmc.o(.text)
    FSMC_NORSRAMStructInit                   0x080034c5   Thumb Code    48  stm32f4xx_fsmc.o(.text)
    FSMC_NORSRAMCmd                          0x080034f5   Thumb Code    46  stm32f4xx_fsmc.o(.text)
    FSMC_NANDDeInit                          0x08003523   Thumb Code    62  stm32f4xx_fsmc.o(.text)
    FSMC_NANDInit                            0x08003561   Thumb Code   132  stm32f4xx_fsmc.o(.text)
    FSMC_NANDStructInit                      0x080035e5   Thumb Code    54  stm32f4xx_fsmc.o(.text)
    FSMC_NANDCmd                             0x0800361b   Thumb Code    86  stm32f4xx_fsmc.o(.text)
    FSMC_NANDECCCmd                          0x08003671   Thumb Code    86  stm32f4xx_fsmc.o(.text)
    FSMC_GetECC                              0x080036c7   Thumb Code    24  stm32f4xx_fsmc.o(.text)
    FSMC_PCCARDDeInit                        0x080036df   Thumb Code    36  stm32f4xx_fsmc.o(.text)
    FSMC_PCCARDInit                          0x08003703   Thumb Code   130  stm32f4xx_fsmc.o(.text)
    FSMC_PCCARDStructInit                    0x08003785   Thumb Code    60  stm32f4xx_fsmc.o(.text)
    FSMC_PCCARDCmd                           0x080037c1   Thumb Code    44  stm32f4xx_fsmc.o(.text)
    FSMC_ITConfig                            0x080037ed   Thumb Code   128  stm32f4xx_fsmc.o(.text)
    FSMC_GetFlagStatus                       0x0800386d   Thumb Code    54  stm32f4xx_fsmc.o(.text)
    FSMC_ClearFlag                           0x080038a3   Thumb Code    74  stm32f4xx_fsmc.o(.text)
    FSMC_GetITStatus                         0x080038ed   Thumb Code    62  stm32f4xx_fsmc.o(.text)
    FSMC_ClearITPendingBit                   0x0800392b   Thumb Code    66  stm32f4xx_fsmc.o(.text)
    RCC_DeInit                               0x08003971   Thumb Code    82  stm32f4xx_rcc.o(.text)
    RCC_HSEConfig                            0x080039c3   Thumb Code    14  stm32f4xx_rcc.o(.text)
    RCC_GetFlagStatus                        0x080039d1   Thumb Code    60  stm32f4xx_rcc.o(.text)
    RCC_WaitForHSEStartUp                    0x08003a0d   Thumb Code    56  stm32f4xx_rcc.o(.text)
    RCC_AdjustHSICalibrationValue            0x08003a45   Thumb Code    20  stm32f4xx_rcc.o(.text)
    RCC_HSICmd                               0x08003a59   Thumb Code     6  stm32f4xx_rcc.o(.text)
    RCC_LSEConfig                            0x08003a5f   Thumb Code    46  stm32f4xx_rcc.o(.text)
    RCC_LSICmd                               0x08003a8d   Thumb Code     6  stm32f4xx_rcc.o(.text)
    RCC_PLLConfig                            0x08003a93   Thumb Code    32  stm32f4xx_rcc.o(.text)
    RCC_PLLCmd                               0x08003ab3   Thumb Code     6  stm32f4xx_rcc.o(.text)
    RCC_PLLI2SConfig                         0x08003ab9   Thumb Code    14  stm32f4xx_rcc.o(.text)
    RCC_PLLI2SCmd                            0x08003ac7   Thumb Code     6  stm32f4xx_rcc.o(.text)
    RCC_PLLSAIConfig                         0x08003acd   Thumb Code    20  stm32f4xx_rcc.o(.text)
    RCC_PLLSAICmd                            0x08003ae1   Thumb Code     6  stm32f4xx_rcc.o(.text)
    RCC_ClockSecuritySystemCmd               0x08003ae7   Thumb Code     6  stm32f4xx_rcc.o(.text)
    RCC_MCO1Config                           0x08003aed   Thumb Code    28  stm32f4xx_rcc.o(.text)
    RCC_MCO2Config                           0x08003b09   Thumb Code    28  stm32f4xx_rcc.o(.text)
    RCC_SYSCLKConfig                         0x08003b25   Thumb Code    20  stm32f4xx_rcc.o(.text)
    RCC_GetSYSCLKSource                      0x08003b39   Thumb Code    12  stm32f4xx_rcc.o(.text)
    RCC_HCLKConfig                           0x08003b45   Thumb Code    20  stm32f4xx_rcc.o(.text)
    RCC_PCLK1Config                          0x08003b59   Thumb Code    20  stm32f4xx_rcc.o(.text)
    RCC_PCLK2Config                          0x08003b6d   Thumb Code    22  stm32f4xx_rcc.o(.text)
    RCC_GetClocksFreq                        0x08003b83   Thumb Code   222  stm32f4xx_rcc.o(.text)
    RCC_RTCCLKConfig                         0x08003c61   Thumb Code    54  stm32f4xx_rcc.o(.text)
    RCC_RTCCLKCmd                            0x08003c97   Thumb Code     8  stm32f4xx_rcc.o(.text)
    RCC_BackupResetCmd                       0x08003c9f   Thumb Code     8  stm32f4xx_rcc.o(.text)
    RCC_I2SCLKConfig                         0x08003ca7   Thumb Code     6  stm32f4xx_rcc.o(.text)
    RCC_SAIPLLI2SClkDivConfig                0x08003cad   Thumb Code    26  stm32f4xx_rcc.o(.text)
    RCC_SAIPLLSAIClkDivConfig                0x08003cc7   Thumb Code    28  stm32f4xx_rcc.o(.text)
    RCC_SAIBlockACLKConfig                   0x08003ce3   Thumb Code    20  stm32f4xx_rcc.o(.text)
    RCC_SAIBlockBCLKConfig                   0x08003cf7   Thumb Code    20  stm32f4xx_rcc.o(.text)
    RCC_LTDCCLKDivConfig                     0x08003d0b   Thumb Code    20  stm32f4xx_rcc.o(.text)
    RCC_TIMCLKPresConfig                     0x08003d1f   Thumb Code     6  stm32f4xx_rcc.o(.text)
    RCC_AHB1PeriphClockCmd                   0x08003d25   Thumb Code    34  stm32f4xx_rcc.o(.text)
    RCC_AHB2PeriphClockCmd                   0x08003d47   Thumb Code    78  stm32f4xx_rcc.o(.text)
    RCC_AHB3PeriphClockCmd                   0x08003d95   Thumb Code    34  stm32f4xx_rcc.o(.text)
    RCC_APB1PeriphClockCmd                   0x08003db7   Thumb Code    34  stm32f4xx_rcc.o(.text)
    RCC_APB2PeriphClockCmd                   0x08003dd9   Thumb Code    34  stm32f4xx_rcc.o(.text)
    RCC_AHB1PeriphResetCmd                   0x08003dfb   Thumb Code    34  stm32f4xx_rcc.o(.text)
    RCC_AHB2PeriphResetCmd                   0x08003e1d   Thumb Code    34  stm32f4xx_rcc.o(.text)
    RCC_AHB3PeriphResetCmd                   0x08003e3f   Thumb Code    34  stm32f4xx_rcc.o(.text)
    RCC_APB1PeriphResetCmd                   0x08003e61   Thumb Code    34  stm32f4xx_rcc.o(.text)
    RCC_APB2PeriphResetCmd                   0x08003e83   Thumb Code    34  stm32f4xx_rcc.o(.text)
    RCC_AHB1PeriphClockLPModeCmd             0x08003ea5   Thumb Code    34  stm32f4xx_rcc.o(.text)
    RCC_AHB2PeriphClockLPModeCmd             0x08003ec7   Thumb Code    34  stm32f4xx_rcc.o(.text)
    RCC_AHB3PeriphClockLPModeCmd             0x08003ee9   Thumb Code    34  stm32f4xx_rcc.o(.text)
    RCC_APB1PeriphClockLPModeCmd             0x08003f0b   Thumb Code    34  stm32f4xx_rcc.o(.text)
    RCC_APB2PeriphClockLPModeCmd             0x08003f2d   Thumb Code    34  stm32f4xx_rcc.o(.text)
    RCC_LSEModeConfig                        0x08003f4f   Thumb Code    40  stm32f4xx_rcc.o(.text)
    RCC_ITConfig                             0x08003f77   Thumb Code    34  stm32f4xx_rcc.o(.text)
    RCC_ClearFlag                            0x08003f99   Thumb Code    18  stm32f4xx_rcc.o(.text)
    RCC_GetITStatus                          0x08003fab   Thumb Code    22  stm32f4xx_rcc.o(.text)
    RCC_ClearITPendingBit                    0x08003fc1   Thumb Code     8  stm32f4xx_rcc.o(.text)
    USART_DeInit                             0x08003fcd   Thumb Code   206  stm32f4xx_usart.o(.text)
    USART_Init                               0x0800409b   Thumb Code   204  stm32f4xx_usart.o(.text)
    USART_StructInit                         0x08004167   Thumb Code    24  stm32f4xx_usart.o(.text)
    USART_ClockInit                          0x0800417f   Thumb Code    32  stm32f4xx_usart.o(.text)
    USART_ClockStructInit                    0x0800419f   Thumb Code    12  stm32f4xx_usart.o(.text)
    USART_Cmd                                0x080041ab   Thumb Code    24  stm32f4xx_usart.o(.text)
    USART_SetPrescaler                       0x080041c3   Thumb Code    16  stm32f4xx_usart.o(.text)
    USART_OverSampling8Cmd                   0x080041d3   Thumb Code    22  stm32f4xx_usart.o(.text)
    USART_OneBitMethodCmd                    0x080041e9   Thumb Code    24  stm32f4xx_usart.o(.text)
    USART_SendData                           0x08004201   Thumb Code     8  stm32f4xx_usart.o(.text)
    USART_ReceiveData                        0x08004209   Thumb Code    10  stm32f4xx_usart.o(.text)
    USART_SetAddress                         0x08004213   Thumb Code    18  stm32f4xx_usart.o(.text)
    USART_ReceiverWakeUpCmd                  0x08004225   Thumb Code    24  stm32f4xx_usart.o(.text)
    USART_WakeUpConfig                       0x0800423d   Thumb Code    18  stm32f4xx_usart.o(.text)
    USART_LINBreakDetectLengthConfig         0x0800424f   Thumb Code    18  stm32f4xx_usart.o(.text)
    USART_LINCmd                             0x08004261   Thumb Code    24  stm32f4xx_usart.o(.text)
    USART_SendBreak                          0x08004279   Thumb Code    10  stm32f4xx_usart.o(.text)
    USART_HalfDuplexCmd                      0x08004283   Thumb Code    24  stm32f4xx_usart.o(.text)
    USART_SetGuardTime                       0x0800429b   Thumb Code    16  stm32f4xx_usart.o(.text)
    USART_SmartCardCmd                       0x080042ab   Thumb Code    24  stm32f4xx_usart.o(.text)
    USART_SmartCardNACKCmd                   0x080042c3   Thumb Code    24  stm32f4xx_usart.o(.text)
    USART_IrDAConfig                         0x080042db   Thumb Code    18  stm32f4xx_usart.o(.text)
    USART_IrDACmd                            0x080042ed   Thumb Code    24  stm32f4xx_usart.o(.text)
    USART_DMACmd                             0x08004305   Thumb Code    18  stm32f4xx_usart.o(.text)
    USART_ITConfig                           0x08004317   Thumb Code    74  stm32f4xx_usart.o(.text)
    USART_GetFlagStatus                      0x08004361   Thumb Code    26  stm32f4xx_usart.o(.text)
    USART_ClearFlag                          0x0800437b   Thumb Code    18  stm32f4xx_usart.o(.text)
    USART_GetITStatus                        0x0800438d   Thumb Code   118  stm32f4xx_usart.o(.text)
    USART_ClearITPendingBit                  0x08004403   Thumb Code    30  stm32f4xx_usart.o(.text)
    TIM_DeInit                               0x08004421   Thumb Code   346  stm32f4xx_tim.o(.text)
    TIM_TimeBaseInit                         0x0800457b   Thumb Code   104  stm32f4xx_tim.o(.text)
    TIM_TimeBaseStructInit                   0x080045e3   Thumb Code    18  stm32f4xx_tim.o(.text)
    TIM_PrescalerConfig                      0x080045f5   Thumb Code     6  stm32f4xx_tim.o(.text)
    TIM_CounterModeConfig                    0x080045fb   Thumb Code    18  stm32f4xx_tim.o(.text)
    TIM_SetCounter                           0x0800460d   Thumb Code     4  stm32f4xx_tim.o(.text)
    TIM_SetAutoreload                        0x08004611   Thumb Code     4  stm32f4xx_tim.o(.text)
    TIM_GetCounter                           0x08004615   Thumb Code     6  stm32f4xx_tim.o(.text)
    TIM_GetPrescaler                         0x0800461b   Thumb Code     6  stm32f4xx_tim.o(.text)
    TIM_UpdateDisableConfig                  0x08004621   Thumb Code    24  stm32f4xx_tim.o(.text)
    TIM_UpdateRequestConfig                  0x08004639   Thumb Code    24  stm32f4xx_tim.o(.text)
    TIM_ARRPreloadConfig                     0x08004651   Thumb Code    24  stm32f4xx_tim.o(.text)
    TIM_SelectOnePulseMode                   0x08004669   Thumb Code    18  stm32f4xx_tim.o(.text)
    TIM_SetClockDivision                     0x0800467b   Thumb Code    18  stm32f4xx_tim.o(.text)
    TIM_Cmd                                  0x0800468d   Thumb Code    24  stm32f4xx_tim.o(.text)
    TIM_OC1Init                              0x080046a5   Thumb Code   114  stm32f4xx_tim.o(.text)
    TIM_OC2Init                              0x08004717   Thumb Code   154  stm32f4xx_tim.o(.text)
    TIM_OC3Init                              0x080047b1   Thumb Code   204  stm32f4xx_tim.o(.text)
    TIM_OC4Init                              0x0800487d   Thumb Code   112  stm32f4xx_tim.o(.text)
    TIM_OCStructInit                         0x080048ed   Thumb Code    20  stm32f4xx_tim.o(.text)
    TIM_SelectOCxM                           0x08004901   Thumb Code    86  stm32f4xx_tim.o(.text)
    TIM_SetCompare1                          0x08004957   Thumb Code     4  stm32f4xx_tim.o(.text)
    TIM_SetCompare2                          0x0800495b   Thumb Code     4  stm32f4xx_tim.o(.text)
    TIM_SetCompare3                          0x0800495f   Thumb Code     4  stm32f4xx_tim.o(.text)
    TIM_SetCompare4                          0x08004963   Thumb Code     4  stm32f4xx_tim.o(.text)
    TIM_ForcedOC1Config                      0x08004967   Thumb Code    18  stm32f4xx_tim.o(.text)
    TIM_ForcedOC2Config                      0x08004979   Thumb Code    26  stm32f4xx_tim.o(.text)
    TIM_ForcedOC3Config                      0x08004993   Thumb Code    18  stm32f4xx_tim.o(.text)
    TIM_ForcedOC4Config                      0x080049a5   Thumb Code    26  stm32f4xx_tim.o(.text)
    TIM_OC1PreloadConfig                     0x080049bf   Thumb Code    18  stm32f4xx_tim.o(.text)
    TIM_OC2PreloadConfig                     0x080049d1   Thumb Code    26  stm32f4xx_tim.o(.text)
    TIM_OC3PreloadConfig                     0x080049eb   Thumb Code    18  stm32f4xx_tim.o(.text)
    TIM_OC4PreloadConfig                     0x080049fd   Thumb Code    26  stm32f4xx_tim.o(.text)
    TIM_OC1FastConfig                        0x08004a17   Thumb Code    18  stm32f4xx_tim.o(.text)
    TIM_OC2FastConfig                        0x08004a29   Thumb Code    26  stm32f4xx_tim.o(.text)
    TIM_OC3FastConfig                        0x08004a43   Thumb Code    18  stm32f4xx_tim.o(.text)
    TIM_OC4FastConfig                        0x08004a55   Thumb Code    26  stm32f4xx_tim.o(.text)
    TIM_ClearOC1Ref                          0x08004a6f   Thumb Code    18  stm32f4xx_tim.o(.text)
    TIM_ClearOC2Ref                          0x08004a81   Thumb Code    24  stm32f4xx_tim.o(.text)
    TIM_ClearOC3Ref                          0x08004a99   Thumb Code    18  stm32f4xx_tim.o(.text)
    TIM_ClearOC4Ref                          0x08004aab   Thumb Code    24  stm32f4xx_tim.o(.text)
    TIM_OC1PolarityConfig                    0x08004ac3   Thumb Code    18  stm32f4xx_tim.o(.text)
    TIM_OC1NPolarityConfig                   0x08004ad5   Thumb Code    18  stm32f4xx_tim.o(.text)
    TIM_OC2PolarityConfig                    0x08004ae7   Thumb Code    26  stm32f4xx_tim.o(.text)
    TIM_OC2NPolarityConfig                   0x08004b01   Thumb Code    26  stm32f4xx_tim.o(.text)
    TIM_OC3PolarityConfig                    0x08004b1b   Thumb Code    26  stm32f4xx_tim.o(.text)
    TIM_OC3NPolarityConfig                   0x08004b35   Thumb Code    26  stm32f4xx_tim.o(.text)
    TIM_OC4PolarityConfig                    0x08004b4f   Thumb Code    26  stm32f4xx_tim.o(.text)
    TIM_CCxCmd                               0x08004b69   Thumb Code    30  stm32f4xx_tim.o(.text)
    TIM_CCxNCmd                              0x08004b87   Thumb Code    30  stm32f4xx_tim.o(.text)
    TIM_SetIC4Prescaler                      0x08004ba5   Thumb Code    26  stm32f4xx_tim.o(.text)
    TIM_SetIC3Prescaler                      0x08004c0f   Thumb Code    18  stm32f4xx_tim.o(.text)
    TIM_SetIC2Prescaler                      0x08004c69   Thumb Code    26  stm32f4xx_tim.o(.text)
    TIM_SetIC1Prescaler                      0x08004cdd   Thumb Code    18  stm32f4xx_tim.o(.text)
    TIM_ICInit                               0x08004d29   Thumb Code   110  stm32f4xx_tim.o(.text)
    TIM_ICStructInit                         0x08004d97   Thumb Code    18  stm32f4xx_tim.o(.text)
    TIM_PWMIConfig                           0x08004da9   Thumb Code   124  stm32f4xx_tim.o(.text)
    TIM_GetCapture1                          0x08004e25   Thumb Code     6  stm32f4xx_tim.o(.text)
    TIM_GetCapture2                          0x08004e2b   Thumb Code     6  stm32f4xx_tim.o(.text)
    TIM_GetCapture3                          0x08004e31   Thumb Code     6  stm32f4xx_tim.o(.text)
    TIM_GetCapture4                          0x08004e37   Thumb Code     6  stm32f4xx_tim.o(.text)
    TIM_BDTRConfig                           0x08004e3d   Thumb Code    32  stm32f4xx_tim.o(.text)
    TIM_BDTRStructInit                       0x08004e5d   Thumb Code    18  stm32f4xx_tim.o(.text)
    TIM_CtrlPWMOutputs                       0x08004e6f   Thumb Code    30  stm32f4xx_tim.o(.text)
    TIM_SelectCOM                            0x08004e8d   Thumb Code    24  stm32f4xx_tim.o(.text)
    TIM_CCPreloadControl                     0x08004ea5   Thumb Code    24  stm32f4xx_tim.o(.text)
    TIM_ITConfig                             0x08004ebd   Thumb Code    18  stm32f4xx_tim.o(.text)
    TIM_GenerateEvent                        0x08004ecf   Thumb Code     4  stm32f4xx_tim.o(.text)
    TIM_GetFlagStatus                        0x08004ed3   Thumb Code    18  stm32f4xx_tim.o(.text)
    TIM_ClearFlag                            0x08004ee5   Thumb Code     6  stm32f4xx_tim.o(.text)
    TIM_GetITStatus                          0x08004eeb   Thumb Code    34  stm32f4xx_tim.o(.text)
    TIM_ClearITPendingBit                    0x08004f0d   Thumb Code     6  stm32f4xx_tim.o(.text)
    TIM_DMAConfig                            0x08004f13   Thumb Code    10  stm32f4xx_tim.o(.text)
    TIM_DMACmd                               0x08004f1d   Thumb Code    18  stm32f4xx_tim.o(.text)
    TIM_SelectCCDMA                          0x08004f2f   Thumb Code    24  stm32f4xx_tim.o(.text)
    TIM_InternalClockConfig                  0x08004f47   Thumb Code    12  stm32f4xx_tim.o(.text)
    TIM_SelectInputTrigger                   0x08004f53   Thumb Code    18  stm32f4xx_tim.o(.text)
    TIM_ITRxExternalClockConfig              0x08004f65   Thumb Code    24  stm32f4xx_tim.o(.text)
    TIM_TIxExternalClockConfig               0x08004f7d   Thumb Code    62  stm32f4xx_tim.o(.text)
    TIM_ETRConfig                            0x08004fbb   Thumb Code    28  stm32f4xx_tim.o(.text)
    TIM_ETRClockMode1Config                  0x08004fd7   Thumb Code    54  stm32f4xx_tim.o(.text)
    TIM_ETRClockMode2Config                  0x0800500d   Thumb Code    32  stm32f4xx_tim.o(.text)
    TIM_SelectOutputTrigger                  0x0800502d   Thumb Code    18  stm32f4xx_tim.o(.text)
    TIM_SelectSlaveMode                      0x0800503f   Thumb Code    18  stm32f4xx_tim.o(.text)
    TIM_SelectMasterSlaveMode                0x08005051   Thumb Code    18  stm32f4xx_tim.o(.text)
    TIM_EncoderInterfaceConfig               0x08005063   Thumb Code    66  stm32f4xx_tim.o(.text)
    TIM_SelectHallSensor                     0x080050a5   Thumb Code    24  stm32f4xx_tim.o(.text)
    TIM_RemapConfig                          0x080050bd   Thumb Code     6  stm32f4xx_tim.o(.text)
    usmart_sys_cmd_exe                       0x080050c5   Thumb Code  1554  usmart.o(.text)
    usmart_reset_runtime                     0x080056d7   Thumb Code    38  usmart.o(.text)
    usmart_get_runtime                       0x080056fd   Thumb Code    60  usmart.o(.text)
    TIM4_IRQHandler                          0x08005739   Thumb Code    46  usmart.o(.text)
    Timer4_Init                              0x08005767   Thumb Code    86  usmart.o(.text)
    usmart_init                              0x080057bd   Thumb Code    36  usmart.o(.text)
    usmart_cmd_rec                           0x080057e1   Thumb Code   170  usmart.o(.text)
    usmart_exe                               0x0800588b   Thumb Code   868  usmart.o(.text)
    usmart_scan                              0x08005bef   Thumb Code   120  usmart.o(.text)
    read_addr                                0x08005c67   Thumb Code     6  usmart.o(.text)
    write_addr                               0x08005c6d   Thumb Code     4  usmart.o(.text)
    usmart_strcmp                            0x08005cf9   Thumb Code    34  usmart_str.o(.text)
    usmart_strcopy                           0x08005d1b   Thumb Code    22  usmart_str.o(.text)
    usmart_strlen                            0x08005d31   Thumb Code    24  usmart_str.o(.text)
    usmart_pow                               0x08005d49   Thumb Code    22  usmart_str.o(.text)
    usmart_str2num                           0x08005d5f   Thumb Code   202  usmart_str.o(.text)
    usmart_get_cmdname                       0x08005e29   Thumb Code    54  usmart_str.o(.text)
    usmart_search_nextc                      0x08005e5f   Thumb Code    22  usmart_str.o(.text)
    usmart_get_fname                         0x08005e75   Thumb Code   440  usmart_str.o(.text)
    usmart_get_aparm                         0x0800602d   Thumb Code   200  usmart_str.o(.text)
    usmart_get_parmpos                       0x080060f5   Thumb Code    26  usmart_str.o(.text)
    usmart_get_fparam                        0x0800610f   Thumb Code   262  usmart_str.o(.text)
    __use_no_semihosting                     0x08006221   Thumb Code     2  use_no_semi_2.o(.text)
    __c89vsprintf                            0x08006225   Thumb Code    32  c89vsprintf.o(.text)
    __2printf                                0x08006249   Thumb Code    20  __2printf.o(.text)
    __2sprintf                               0x08006261   Thumb Code    38  __2sprintf.o(.text)
    _printf_pre_padding                      0x0800628d   Thumb Code    44  _printf_pad.o(.text)
    _printf_post_padding                     0x080062b9   Thumb Code    34  _printf_pad.o(.text)
    _printf_str                              0x080062db   Thumb Code    82  _printf_str.o(.text)
    _printf_int_dec                          0x0800632d   Thumb Code   104  _printf_dec.o(.text)
    _printf_longlong_hex                     0x080063a5   Thumb Code    86  _printf_hex_int_ll_ptr.o(.text)
    _printf_int_hex                          0x080063fb   Thumb Code    28  _printf_hex_int_ll_ptr.o(.text)
    _printf_ll_hex                           0x08006417   Thumb Code    12  _printf_hex_int_ll_ptr.o(.text)
    _printf_hex_ptr                          0x08006423   Thumb Code    18  _printf_hex_int_ll_ptr.o(.text)
    __printf                                 0x08006439   Thumb Code   388  __printf_flags_ss_wp.o(.text)
    strstr                                   0x080065c1   Thumb Code    36  strstr.o(.text)
    strlen                                   0x080065e5   Thumb Code    62  strlen.o(.text)
    __use_two_region_memory                  0x08006623   Thumb Code     2  heapauxi.o(.text)
    __rt_heap_escrow$2region                 0x08006625   Thumb Code     2  heapauxi.o(.text)
    __rt_heap_expand$2region                 0x08006627   Thumb Code     2  heapauxi.o(.text)
    __I$use$semihosting                      0x08006629   Thumb Code     0  use_no_semi.o(.text)
    __use_no_semihosting_swi                 0x08006629   Thumb Code     2  use_no_semi.o(.text)
    __read_errno                             0x0800662b   Thumb Code    10  _rserrno.o(.text)
    __set_errno                              0x08006635   Thumb Code    12  _rserrno.o(.text)
    _printf_truncate_signed                  0x08006641   Thumb Code    18  _printf_truncate.o(.text)
    _printf_truncate_unsigned                0x08006653   Thumb Code    18  _printf_truncate.o(.text)
    _printf_int_common                       0x08006665   Thumb Code   178  _printf_intcommon.o(.text)
    _printf_charcount                        0x08006717   Thumb Code    40  _printf_charcount.o(.text)
    __lib_sel_fp_printf                      0x0800673f   Thumb Code     2  _printf_fp_dec.o(.text)
    _printf_fp_dec_real                      0x080068ed   Thumb Code   620  _printf_fp_dec.o(.text)
    _printf_char_common                      0x08006b63   Thumb Code    32  _printf_char_common.o(.text)
    _sputc                                   0x08006b89   Thumb Code    10  _sputc.o(.text)
    _printf_cs_common                        0x08006b93   Thumb Code    20  _printf_char.o(.text)
    _printf_char                             0x08006ba7   Thumb Code    16  _printf_char.o(.text)
    _printf_string                           0x08006bb7   Thumb Code     8  _printf_char.o(.text)
    _printf_char_file                        0x08006bc1   Thumb Code    32  _printf_char_file.o(.text)
    _printf_wctomb                           0x08006be5   Thumb Code   182  _printf_wctomb.o(.text)
    _printf_longlong_dec                     0x08006ca1   Thumb Code   108  _printf_longlong_dec.o(.text)
    _printf_longlong_oct                     0x08006d1d   Thumb Code    68  _printf_oct_int_ll.o(.text)
    _printf_int_oct                          0x08006d61   Thumb Code    24  _printf_oct_int_ll.o(.text)
    _printf_ll_oct                           0x08006d79   Thumb Code    12  _printf_oct_int_ll.o(.text)
    __rt_locale                              0x08006d8d   Thumb Code     8  rt_locale_intlibspace.o(.text)
    __aeabi_errno_addr                       0x08006d95   Thumb Code     8  rt_errno_addr_intlibspace.o(.text)
    __errno$intlibspace                      0x08006d95   Thumb Code     0  rt_errno_addr_intlibspace.o(.text)
    __rt_errno_addr$intlibspace              0x08006d95   Thumb Code     0  rt_errno_addr_intlibspace.o(.text)
    _ll_udiv10                               0x08006d9d   Thumb Code   138  lludiv10.o(.text)
    _printf_fp_infnan                        0x08006e29   Thumb Code   112  _printf_fp_infnan.o(.text)
    _printf_lcs_common                       0x08006ea9   Thumb Code    20  _printf_wchar.o(.text)
    _printf_wchar                            0x08006ebd   Thumb Code    16  _printf_wchar.o(.text)
    _printf_wstring                          0x08006ecd   Thumb Code     8  _printf_wchar.o(.text)
    _btod_etento                             0x08006ed5   Thumb Code   216  bigflt0.o(.text)
    ferror                                   0x08006fb1   Thumb Code     8  ferror.o(.text)
    _wcrtomb                                 0x08006fb9   Thumb Code    64  _wcrtomb.o(.text)
    __user_libspace                          0x08006ff9   Thumb Code     8  libspace.o(.text)
    __user_perproc_libspace                  0x08006ff9   Thumb Code     0  libspace.o(.text)
    __user_perthread_libspace                0x08006ff9   Thumb Code     0  libspace.o(.text)
    __user_setup_stackheap                   0x08007001   Thumb Code    74  sys_stackheap_outer.o(.text)
    __rt_ctype_table                         0x0800704d   Thumb Code    16  rt_ctype_table.o(.text)
    exit                                     0x0800705d   Thumb Code    12  exit.o(.text)
    strcmp                                   0x08007069   Thumb Code   128  strcmpv7m.o(.text)
    _btod_d2e                                0x080070e9   Thumb Code    62  btod.o(CL$$btod_d2e)
    _d2e_denorm_low                          0x08007127   Thumb Code    70  btod.o(CL$$btod_d2e_denorm_low)
    _d2e_norm_op1                            0x0800716d   Thumb Code    96  btod.o(CL$$btod_d2e_norm_op1)
    __btod_div_common                        0x080071cd   Thumb Code   696  btod.o(CL$$btod_div_common)
    _e2e                                     0x08007505   Thumb Code   198  btod.o(CL$$btod_e2e)
    _btod_ediv                               0x080075cb   Thumb Code    40  btod.o(CL$$btod_ediv)
    _btod_emul                               0x080075f3   Thumb Code    40  btod.o(CL$$btod_emul)
    __btod_mult_common                       0x0800761b   Thumb Code   580  btod.o(CL$$btod_mult_common)
    __ARM_fpclassify                         0x0800785f   Thumb Code    48  fpclassify.o(i.__ARM_fpclassify)
    __hardfp_cos                             0x08007891   Thumb Code   180  cos.o(i.__hardfp_cos)
    __hardfp_sqrt                            0x08007959   Thumb Code   122  sqrt.o(i.__hardfp_sqrt)
    __ieee754_rem_pio2                       0x080079d9   Thumb Code   938  rred.o(i.__ieee754_rem_pio2)
    __kernel_cos                             0x08007e11   Thumb Code   322  cos_i.o(i.__kernel_cos)
    __kernel_poly                            0x08007f81   Thumb Code   248  poly.o(i.__kernel_poly)
    __kernel_sin                             0x08008079   Thumb Code   280  sin_i.o(i.__kernel_sin)
    __mathlib_dbl_infnan                     0x080081a9   Thumb Code    20  dunder.o(i.__mathlib_dbl_infnan)
    __mathlib_dbl_invalid                    0x080081c1   Thumb Code    24  dunder.o(i.__mathlib_dbl_invalid)
    __mathlib_dbl_underflow                  0x080081e1   Thumb Code    24  dunder.o(i.__mathlib_dbl_underflow)
    _is_digit                                0x08008201   Thumb Code    14  __printf_wp.o(i._is_digit)
    fabs                                     0x0800820f   Thumb Code    24  fabs.o(i.fabs)
    _get_lc_numeric                          0x08008229   Thumb Code    44  lc_numeric_c.o(locale$$code)
    _get_lc_ctype                            0x08008255   Thumb Code    44  lc_ctype_c.o(locale$$code)
    __aeabi_dneg                             0x08008281   Thumb Code     0  basic.o(x$fpl$basic)
    _dneg                                    0x08008281   Thumb Code     6  basic.o(x$fpl$basic)
    __aeabi_fneg                             0x08008287   Thumb Code     0  basic.o(x$fpl$basic)
    _fneg                                    0x08008287   Thumb Code     6  basic.o(x$fpl$basic)
    _dabs                                    0x0800828d   Thumb Code     6  basic.o(x$fpl$basic)
    _fabs                                    0x08008293   Thumb Code     6  basic.o(x$fpl$basic)
    __aeabi_dadd                             0x08008299   Thumb Code     0  daddsub_clz.o(x$fpl$dadd)
    _dadd                                    0x08008299   Thumb Code   332  daddsub_clz.o(x$fpl$dadd)
    __aeabi_ddiv                             0x080083e9   Thumb Code     0  ddiv.o(x$fpl$ddiv)
    _ddiv                                    0x080083e9   Thumb Code   552  ddiv.o(x$fpl$ddiv)
    __aeabi_d2iz                             0x08008699   Thumb Code     0  dfix.o(x$fpl$dfix)
    _dfix                                    0x08008699   Thumb Code    94  dfix.o(x$fpl$dfix)
    __aeabi_d2uiz                            0x080086f9   Thumb Code     0  dfixu.o(x$fpl$dfixu)
    _dfixu                                   0x080086f9   Thumb Code    90  dfixu.o(x$fpl$dfixu)
    __aeabi_i2d                              0x08008753   Thumb Code     0  dflt_clz.o(x$fpl$dflt)
    _dflt                                    0x08008753   Thumb Code    46  dflt_clz.o(x$fpl$dflt)
    __aeabi_ui2d                             0x08008781   Thumb Code     0  dflt_clz.o(x$fpl$dfltu)
    _dfltu                                   0x08008781   Thumb Code    38  dflt_clz.o(x$fpl$dfltu)
    __aeabi_dmul                             0x080087a9   Thumb Code     0  dmul.o(x$fpl$dmul)
    _dmul                                    0x080087a9   Thumb Code   332  dmul.o(x$fpl$dmul)
    __fpl_dnaninf                            0x080088fd   Thumb Code   156  dnaninf.o(x$fpl$dnaninf)
    __fpl_dretinf                            0x08008999   Thumb Code    12  dretinf.o(x$fpl$dretinf)
    __aeabi_drsub                            0x080089a5   Thumb Code     0  daddsub_clz.o(x$fpl$drsb)
    _drsb                                    0x080089a5   Thumb Code    22  daddsub_clz.o(x$fpl$drsb)
    _dsqrt                                   0x080089bd   Thumb Code   404  dsqrt_umaal.o(x$fpl$dsqrt)
    __aeabi_dsub                             0x08008b55   Thumb Code     0  daddsub_clz.o(x$fpl$dsub)
    _dsub                                    0x08008b55   Thumb Code   464  daddsub_clz.o(x$fpl$dsub)
    __aeabi_f2d                              0x08008d29   Thumb Code     0  f2d.o(x$fpl$f2d)
    _f2d                                     0x08008d29   Thumb Code    86  f2d.o(x$fpl$f2d)
    __fpl_fnaninf                            0x08008d7f   Thumb Code   140  fnaninf.o(x$fpl$fnaninf)
    _fp_init                                 0x08008e0b   Thumb Code    10  fpinit.o(x$fpl$fpinit)
    __fplib_config_fpu_vfp                   0x08008e13   Thumb Code     0  fpinit.o(x$fpl$fpinit)
    __fplib_config_pureend_doubles           0x08008e13   Thumb Code     0  fpinit.o(x$fpl$fpinit)
    _printf_fp_dec                           0x08008e15   Thumb Code     4  printf1.o(x$fpl$printf1)
    __I$use$fp                               0x08008e18   Number         0  usenofp.o(x$fpl$usenofp)
    ascii_1206                               0x08008e18   Data        1140  tftlcd.o(.constdata)
    ascii_1608                               0x0800928c   Data        1520  tftlcd.o(.constdata)
    ascii_2412                               0x0800987c   Data        3420  tftlcd.o(.constdata)
    CnChar32x29                              0x0800a5d8   Data        1298  tftlcd.o(.constdata)
    CnChar24x24                              0x0800aaea   Data         444  tftlcd.o(.constdata)
    tfont24                                  0x0800aca6   Data         432  tftlcd.o(.constdata)
    tfont16                                  0x0800ae56   Data         208  tftlcd.o(.constdata)
    FSMC_DefaultTimingStruct                 0x0800af28   Data          28  stm32f4xx_fsmc.o(.constdata)
    Region$$Table$$Base                      0x0800b284   Number         0  anon$$obj.o(Region$$Table)
    Region$$Table$$Limit                     0x0800b2a4   Number         0  anon$$obj.o(Region$$Table)
    __ctype                                  0x0800b2cd   Data           0  lc_ctype_c.o(locale$$data)
    key                                      0x20000000   Data           1  main.o(.data)
    flag_draw                                0x20000001   Data           1  main.o(.data)
    flag_demo                                0x20000002   Data           1  main.o(.data)
    xt                                       0x20000004   Data           4  main.o(.data)
    yt                                       0x20000008   Data           4  main.o(.data)
    delta_x                                  0x2000000c   Data           4  main.o(.data)
    delta_y                                  0x20000010   Data           4  main.o(.data)
    longitude1                               0x20000014   Data           4  main.o(.data)
    latitude1                                0x20000018   Data           4  main.o(.data)
    longitude2                               0x2000001c   Data           4  main.o(.data)
    latitude2                                0x20000020   Data           4  main.o(.data)
    SystemCoreClock                          0x20000028   Data           4  system_stm32f4xx.o(.data)
    AHBPrescTable                            0x2000002c   Data          16  system_stm32f4xx.o(.data)
    FRONT_COLOR                              0x2000003c   Data           2  tftlcd.o(.data)
    BACK_COLOR                               0x2000003e   Data           2  tftlcd.o(.data)
    fixmode_tbl                              0x20000040   Data          16  tftlcd.o(.data)
    tftlcd_data                              0x20000050   Data           8  tftlcd.o(.data)
    USART3_RX_STA                            0x2000005a   Data           2  usart3.o(.data)
    __stdout                                 0x20000060   Data           4  usart.o(.data)
    USART_RX_STA                             0x20000064   Data           2  usart.o(.data)
    sys_cmd_tab                              0x20000078   Data          28  usmart.o(.data)
    usmart_nametab                           0x20000094   Data          56  usmart_config.o(.data)
    usmart_dev                               0x200000cc   Data         244  usmart_config.o(.data)
    USART1_TX_BUF                            0x200001c0   Data         800  main.o(.bss)
    gpsx                                     0x200004e0   Data         105  main.o(.bss)
    dtbuf                                    0x2000054c   Data          50  tftlcd.o(.bss)
    USART3_TX_BUF                            0x20000580   Data         800  usart3.o(.bss)
    USART3_RX_BUF                            0x200008a0   Data         800  usart3.o(.bss)
    USART_RX_BUF                             0x20000bc0   Data         200  usart.o(.bss)
    __libspace_start                         0x20000c88   Data          96  libspace.o(.bss)
    __temporary_stack_top$libspace           0x20000ce8   Data           0  libspace.o(.bss)



==============================================================================

Memory Map of the image

  Image Entry point : 0x08000189

  Load Region LR_IROM1 (Base: 0x08000000, Size: 0x0000b590, Max: 0x00100000, ABSOLUTE, COMPRESSED[0x0000b454])

    Execution Region ER_IROM1 (Base: 0x08000000, Size: 0x0000b3d0, Max: 0x00100000, ABSOLUTE)

    Base Addr    Size         Type   Attr      Idx    E Section Name        Object

    0x08000000   0x00000188   Data   RO          542    RESET               startup_stm32f40_41xxx.o
    0x08000188   0x00000008   Code   RO          873  * !!!main             c_w.l(__main.o)
    0x08000190   0x00000034   Code   RO         1243    !!!scatter          c_w.l(__scatter.o)
    0x080001c4   0x0000005a   Code   RO         1241    !!dczerorl2         c_w.l(__dczerorl2.o)
    0x0800021e   0x00000002   PAD
    0x08000220   0x0000001c   Code   RO         1245    !!handler_zi        c_w.l(__scatter_zi.o)
    0x0800023c   0x00000000   Code   RO          866    .ARM.Collect$$_printf_percent$$00000000  c_w.l(_printf_percent.o)
    0x0800023c   0x00000006   Code   RO          957    .ARM.Collect$$_printf_percent$$00000001  c_w.l(_printf_n.o)
    0x08000242   0x00000006   Code   RO          958    .ARM.Collect$$_printf_percent$$00000002  c_w.l(_printf_p.o)
    0x08000248   0x00000006   Code   RO          865    .ARM.Collect$$_printf_percent$$00000003  c_w.l(_printf_f.o)
    0x0800024e   0x00000006   Code   RO          961    .ARM.Collect$$_printf_percent$$00000004  c_w.l(_printf_e.o)
    0x08000254   0x00000006   Code   RO          962    .ARM.Collect$$_printf_percent$$00000005  c_w.l(_printf_g.o)
    0x0800025a   0x00000006   Code   RO          963    .ARM.Collect$$_printf_percent$$00000006  c_w.l(_printf_a.o)
    0x08000260   0x0000000a   Code   RO          968    .ARM.Collect$$_printf_percent$$00000007  c_w.l(_printf_ll.o)
    0x0800026a   0x00000006   Code   RO          960    .ARM.Collect$$_printf_percent$$00000008  c_w.l(_printf_i.o)
    0x08000270   0x00000006   Code   RO          863    .ARM.Collect$$_printf_percent$$00000009  c_w.l(_printf_d.o)
    0x08000276   0x00000006   Code   RO          864    .ARM.Collect$$_printf_percent$$0000000A  c_w.l(_printf_u.o)
    0x0800027c   0x00000006   Code   RO          959    .ARM.Collect$$_printf_percent$$0000000B  c_w.l(_printf_o.o)
    0x08000282   0x00000006   Code   RO          862    .ARM.Collect$$_printf_percent$$0000000C  c_w.l(_printf_x.o)
    0x08000288   0x00000006   Code   RO          965    .ARM.Collect$$_printf_percent$$0000000D  c_w.l(_printf_lli.o)
    0x0800028e   0x00000006   Code   RO          966    .ARM.Collect$$_printf_percent$$0000000E  c_w.l(_printf_lld.o)
    0x08000294   0x00000006   Code   RO          967    .ARM.Collect$$_printf_percent$$0000000F  c_w.l(_printf_llu.o)
    0x0800029a   0x00000006   Code   RO          972    .ARM.Collect$$_printf_percent$$00000010  c_w.l(_printf_llo.o)
    0x080002a0   0x00000006   Code   RO          973    .ARM.Collect$$_printf_percent$$00000011  c_w.l(_printf_llx.o)
    0x080002a6   0x0000000a   Code   RO          969    .ARM.Collect$$_printf_percent$$00000012  c_w.l(_printf_l.o)
    0x080002b0   0x00000006   Code   RO          860    .ARM.Collect$$_printf_percent$$00000013  c_w.l(_printf_c.o)
    0x080002b6   0x00000006   Code   RO          861    .ARM.Collect$$_printf_percent$$00000014  c_w.l(_printf_s.o)
    0x080002bc   0x00000006   Code   RO          970    .ARM.Collect$$_printf_percent$$00000015  c_w.l(_printf_lc.o)
    0x080002c2   0x00000006   Code   RO          971    .ARM.Collect$$_printf_percent$$00000016  c_w.l(_printf_ls.o)
    0x080002c8   0x00000004   Code   RO          964    .ARM.Collect$$_printf_percent$$00000017  c_w.l(_printf_percent_end.o)
    0x080002cc   0x00000002   Code   RO         1116    .ARM.Collect$$libinit$$00000000  c_w.l(libinit.o)
    0x080002ce   0x00000004   Code   RO         1117    .ARM.Collect$$libinit$$00000001  c_w.l(libinit2.o)
    0x080002d2   0x00000000   Code   RO         1120    .ARM.Collect$$libinit$$00000004  c_w.l(libinit2.o)
    0x080002d2   0x00000000   Code   RO         1123    .ARM.Collect$$libinit$$0000000A  c_w.l(libinit2.o)
    0x080002d2   0x00000000   Code   RO         1125    .ARM.Collect$$libinit$$0000000C  c_w.l(libinit2.o)
    0x080002d2   0x00000000   Code   RO         1127    .ARM.Collect$$libinit$$0000000E  c_w.l(libinit2.o)
    0x080002d2   0x00000006   Code   RO         1128    .ARM.Collect$$libinit$$0000000F  c_w.l(libinit2.o)
    0x080002d8   0x00000000   Code   RO         1130    .ARM.Collect$$libinit$$00000011  c_w.l(libinit2.o)
    0x080002d8   0x0000000c   Code   RO         1131    .ARM.Collect$$libinit$$00000012  c_w.l(libinit2.o)
    0x080002e4   0x00000000   Code   RO         1132    .ARM.Collect$$libinit$$00000013  c_w.l(libinit2.o)
    0x080002e4   0x00000000   Code   RO         1134    .ARM.Collect$$libinit$$00000015  c_w.l(libinit2.o)
    0x080002e4   0x0000000a   Code   RO         1135    .ARM.Collect$$libinit$$00000016  c_w.l(libinit2.o)
    0x080002ee   0x00000000   Code   RO         1136    .ARM.Collect$$libinit$$00000017  c_w.l(libinit2.o)
    0x080002ee   0x00000000   Code   RO         1138    .ARM.Collect$$libinit$$00000019  c_w.l(libinit2.o)
    0x080002ee   0x00000000   Code   RO         1140    .ARM.Collect$$libinit$$0000001B  c_w.l(libinit2.o)
    0x080002ee   0x00000000   Code   RO         1142    .ARM.Collect$$libinit$$0000001D  c_w.l(libinit2.o)
    0x080002ee   0x00000000   Code   RO         1144    .ARM.Collect$$libinit$$0000001F  c_w.l(libinit2.o)
    0x080002ee   0x00000000   Code   RO         1146    .ARM.Collect$$libinit$$00000021  c_w.l(libinit2.o)
    0x080002ee   0x00000000   Code   RO         1148    .ARM.Collect$$libinit$$00000023  c_w.l(libinit2.o)
    0x080002ee   0x00000000   Code   RO         1150    .ARM.Collect$$libinit$$00000025  c_w.l(libinit2.o)
    0x080002ee   0x00000000   Code   RO         1154    .ARM.Collect$$libinit$$0000002C  c_w.l(libinit2.o)
    0x080002ee   0x00000000   Code   RO         1156    .ARM.Collect$$libinit$$0000002E  c_w.l(libinit2.o)
    0x080002ee   0x00000000   Code   RO         1158    .ARM.Collect$$libinit$$00000030  c_w.l(libinit2.o)
    0x080002ee   0x00000000   Code   RO         1160    .ARM.Collect$$libinit$$00000032  c_w.l(libinit2.o)
    0x080002ee   0x00000002   Code   RO         1161    .ARM.Collect$$libinit$$00000033  c_w.l(libinit2.o)
    0x080002f0   0x00000002   Code   RO         1192    .ARM.Collect$$libshutdown$$00000000  c_w.l(libshutdown.o)
    0x080002f2   0x00000000   Code   RO         1202    .ARM.Collect$$libshutdown$$00000003  c_w.l(libshutdown2.o)
    0x080002f2   0x00000000   Code   RO         1205    .ARM.Collect$$libshutdown$$00000006  c_w.l(libshutdown2.o)
    0x080002f2   0x00000000   Code   RO         1208    .ARM.Collect$$libshutdown$$00000009  c_w.l(libshutdown2.o)
    0x080002f2   0x00000000   Code   RO         1210    .ARM.Collect$$libshutdown$$0000000B  c_w.l(libshutdown2.o)
    0x080002f2   0x00000000   Code   RO         1213    .ARM.Collect$$libshutdown$$0000000E  c_w.l(libshutdown2.o)
    0x080002f2   0x00000002   Code   RO         1214    .ARM.Collect$$libshutdown$$0000000F  c_w.l(libshutdown2.o)
    0x080002f4   0x00000000   Code   RO          927    .ARM.Collect$$rtentry$$00000000  c_w.l(__rtentry.o)
    0x080002f4   0x00000000   Code   RO         1016    .ARM.Collect$$rtentry$$00000002  c_w.l(__rtentry2.o)
    0x080002f4   0x00000006   Code   RO         1028    .ARM.Collect$$rtentry$$00000004  c_w.l(__rtentry4.o)
    0x080002fa   0x00000000   Code   RO         1018    .ARM.Collect$$rtentry$$00000009  c_w.l(__rtentry2.o)
    0x080002fa   0x00000004   Code   RO         1019    .ARM.Collect$$rtentry$$0000000A  c_w.l(__rtentry2.o)
    0x080002fe   0x00000000   Code   RO         1021    .ARM.Collect$$rtentry$$0000000C  c_w.l(__rtentry2.o)
    0x080002fe   0x00000008   Code   RO         1022    .ARM.Collect$$rtentry$$0000000D  c_w.l(__rtentry2.o)
    0x08000306   0x00000002   Code   RO         1162    .ARM.Collect$$rtexit$$00000000  c_w.l(rtexit.o)
    0x08000308   0x00000000   Code   RO         1172    .ARM.Collect$$rtexit$$00000002  c_w.l(rtexit2.o)
    0x08000308   0x00000004   Code   RO         1173    .ARM.Collect$$rtexit$$00000003  c_w.l(rtexit2.o)
    0x0800030c   0x00000006   Code   RO         1174    .ARM.Collect$$rtexit$$00000004  c_w.l(rtexit2.o)
    0x08000312   0x00000002   PAD
    0x08000314   0x00000284   Code   RO            4    .text               main.o
    0x08000598   0x0000001a   Code   RO          190    .text               stm32f4xx_it.o
    0x080005b2   0x00000002   PAD
    0x080005b4   0x00000210   Code   RO          243    .text               system_stm32f4xx.o
    0x080007c4   0x00001914   Code   RO          273    .text               tftlcd.o
    0x080020d8   0x00000040   Code   RO          313    .text               led.o
    0x08002118   0x00000104   Code   RO          337    .text               key.o
    0x0800221c   0x0000016c   Code   RO          362    .text               timer.o
    0x08002388   0x00000180   Code   RO          391    .text               usart3.o
    0x08002508   0x00000894   Code   RO          429    .text               gps.o
    0x08002d9c   0x00000104   Code   RO          460    .text               delay.o
    0x08002ea0   0x00000154   Code   RO          508    .text               usart.o
    0x08002ff4   0x00000040   Code   RO          543    .text               startup_stm32f40_41xxx.o
    0x08003034   0x000000e0   Code   RO          550    .text               misc.o
    0x08003114   0x00000294   Code   RO          574    .text               stm32f4xx_gpio.o
    0x080033a8   0x000005c8   Code   RO          598    .text               stm32f4xx_fsmc.o
    0x08003970   0x0000065c   Code   RO          625    .text               stm32f4xx_rcc.o
    0x08003fcc   0x00000454   Code   RO          675    .text               stm32f4xx_usart.o
    0x08004420   0x00000ca2   Code   RO          699    .text               stm32f4xx_tim.o
    0x080050c2   0x00000002   PAD
    0x080050c4   0x00000c34   Code   RO          723    .text               usmart.o
    0x08005cf8   0x00000528   Code   RO          776    .text               usmart_str.o
    0x08006220   0x00000002   Code   RO          799    .text               c_w.l(use_no_semi_2.o)
    0x08006222   0x00000002   PAD
    0x08006224   0x00000024   Code   RO          801    .text               c_w.l(c89vsprintf.o)
    0x08006248   0x00000018   Code   RO          803    .text               c_w.l(__2printf.o)
    0x08006260   0x0000002c   Code   RO          805    .text               c_w.l(__2sprintf.o)
    0x0800628c   0x0000004e   Code   RO          813    .text               c_w.l(_printf_pad.o)
    0x080062da   0x00000052   Code   RO          815    .text               c_w.l(_printf_str.o)
    0x0800632c   0x00000078   Code   RO          817    .text               c_w.l(_printf_dec.o)
    0x080063a4   0x00000094   Code   RO          837    .text               c_w.l(_printf_hex_int_ll_ptr.o)
    0x08006438   0x00000188   Code   RO          857    .text               c_w.l(__printf_flags_ss_wp.o)
    0x080065c0   0x00000024   Code   RO          867    .text               c_w.l(strstr.o)
    0x080065e4   0x0000003e   Code   RO          869    .text               c_w.l(strlen.o)
    0x08006622   0x00000006   Code   RO          871    .text               c_w.l(heapauxi.o)
    0x08006628   0x00000002   Code   RO          925    .text               c_w.l(use_no_semi.o)
    0x0800662a   0x00000016   Code   RO          928    .text               c_w.l(_rserrno.o)
    0x08006640   0x00000024   Code   RO          930    .text               c_w.l(_printf_truncate.o)
    0x08006664   0x000000b2   Code   RO          932    .text               c_w.l(_printf_intcommon.o)
    0x08006716   0x00000028   Code   RO          934    .text               c_w.l(_printf_charcount.o)
    0x0800673e   0x0000041a   Code   RO          936    .text               c_w.l(_printf_fp_dec.o)
    0x08006b58   0x00000030   Code   RO          938    .text               c_w.l(_printf_char_common.o)
    0x08006b88   0x0000000a   Code   RO          940    .text               c_w.l(_sputc.o)
    0x08006b92   0x0000002c   Code   RO          942    .text               c_w.l(_printf_char.o)
    0x08006bbe   0x00000002   PAD
    0x08006bc0   0x00000024   Code   RO          944    .text               c_w.l(_printf_char_file.o)
    0x08006be4   0x000000bc   Code   RO          946    .text               c_w.l(_printf_wctomb.o)
    0x08006ca0   0x0000007c   Code   RO          949    .text               c_w.l(_printf_longlong_dec.o)
    0x08006d1c   0x00000070   Code   RO          955    .text               c_w.l(_printf_oct_int_ll.o)
    0x08006d8c   0x00000008   Code   RO         1033    .text               c_w.l(rt_locale_intlibspace.o)
    0x08006d94   0x00000008   Code   RO         1038    .text               c_w.l(rt_errno_addr_intlibspace.o)
    0x08006d9c   0x0000008a   Code   RO         1040    .text               c_w.l(lludiv10.o)
    0x08006e26   0x00000002   PAD
    0x08006e28   0x00000080   Code   RO         1042    .text               c_w.l(_printf_fp_infnan.o)
    0x08006ea8   0x0000002c   Code   RO         1046    .text               c_w.l(_printf_wchar.o)
    0x08006ed4   0x000000dc   Code   RO         1048    .text               c_w.l(bigflt0.o)
    0x08006fb0   0x00000008   Code   RO         1073    .text               c_w.l(ferror.o)
    0x08006fb8   0x00000040   Code   RO         1077    .text               c_w.l(_wcrtomb.o)
    0x08006ff8   0x00000008   Code   RO         1100    .text               c_w.l(libspace.o)
    0x08007000   0x0000004a   Code   RO         1103    .text               c_w.l(sys_stackheap_outer.o)
    0x0800704a   0x00000002   PAD
    0x0800704c   0x00000010   Code   RO         1105    .text               c_w.l(rt_ctype_table.o)
    0x0800705c   0x0000000c   Code   RO         1107    .text               c_w.l(exit.o)
    0x08007068   0x00000080   Code   RO         1109    .text               c_w.l(strcmpv7m.o)
    0x080070e8   0x0000003e   Code   RO         1051    CL$$btod_d2e        c_w.l(btod.o)
    0x08007126   0x00000046   Code   RO         1053    CL$$btod_d2e_denorm_low  c_w.l(btod.o)
    0x0800716c   0x00000060   Code   RO         1052    CL$$btod_d2e_norm_op1  c_w.l(btod.o)
    0x080071cc   0x00000338   Code   RO         1061    CL$$btod_div_common  c_w.l(btod.o)
    0x08007504   0x000000c6   Code   RO         1058    CL$$btod_e2e        c_w.l(btod.o)
    0x080075ca   0x00000028   Code   RO         1055    CL$$btod_ediv       c_w.l(btod.o)
    0x080075f2   0x00000028   Code   RO         1054    CL$$btod_emul       c_w.l(btod.o)
    0x0800761a   0x00000244   Code   RO         1060    CL$$btod_mult_common  c_w.l(btod.o)
    0x0800785e   0x00000030   Code   RO         1096    i.__ARM_fpclassify  m_wm.l(fpclassify.o)
    0x0800788e   0x00000002   PAD
    0x08007890   0x000000c8   Code   RO          901    i.__hardfp_cos      m_wm.l(cos.o)
    0x08007958   0x0000007a   Code   RO          913    i.__hardfp_sqrt     m_wm.l(sqrt.o)
    0x080079d2   0x00000006   PAD
    0x080079d8   0x00000438   Code   RO         1004    i.__ieee754_rem_pio2  m_wm.l(rred.o)
    0x08007e10   0x00000170   Code   RO          987    i.__kernel_cos      m_wm.l(cos_i.o)
    0x08007f80   0x000000f8   Code   RO         1098    i.__kernel_poly     m_wm.l(poly.o)
    0x08008078   0x00000130   Code   RO         1009    i.__kernel_sin      m_wm.l(sin_i.o)
    0x080081a8   0x00000014   Code   RO          991    i.__mathlib_dbl_infnan  m_wm.l(dunder.o)
    0x080081bc   0x00000004   PAD
    0x080081c0   0x00000020   Code   RO          993    i.__mathlib_dbl_invalid  m_wm.l(dunder.o)
    0x080081e0   0x00000020   Code   RO          996    i.__mathlib_dbl_underflow  m_wm.l(dunder.o)
    0x08008200   0x0000000e   Code   RO          850    i._is_digit         c_w.l(__printf_wp.o)
    0x0800820e   0x00000018   Code   RO         1092    i.fabs              m_wm.l(fabs.o)
    0x08008226   0x00000002   PAD
    0x08008228   0x0000002c   Code   RO         1080    locale$$code        c_w.l(lc_numeric_c.o)
    0x08008254   0x0000002c   Code   RO         1165    locale$$code        c_w.l(lc_ctype_c.o)
    0x08008280   0x00000018   Code   RO          974    x$fpl$basic         fz_wm.l(basic.o)
    0x08008298   0x00000150   Code   RO          875    x$fpl$dadd          fz_wm.l(daddsub_clz.o)
    0x080083e8   0x000002b0   Code   RO          882    x$fpl$ddiv          fz_wm.l(ddiv.o)
    0x08008698   0x0000005e   Code   RO         1084    x$fpl$dfix          fz_wm.l(dfix.o)
    0x080086f6   0x00000002   PAD
    0x080086f8   0x0000005a   Code   RO          885    x$fpl$dfixu         fz_wm.l(dfixu.o)
    0x08008752   0x0000002e   Code   RO          890    x$fpl$dflt          fz_wm.l(dflt_clz.o)
    0x08008780   0x00000026   Code   RO          889    x$fpl$dfltu         fz_wm.l(dflt_clz.o)
    0x080087a6   0x00000002   PAD
    0x080087a8   0x00000154   Code   RO          895    x$fpl$dmul          fz_wm.l(dmul.o)
    0x080088fc   0x0000009c   Code   RO          978    x$fpl$dnaninf       fz_wm.l(dnaninf.o)
    0x08008998   0x0000000c   Code   RO          980    x$fpl$dretinf       fz_wm.l(dretinf.o)
    0x080089a4   0x00000016   Code   RO          876    x$fpl$drsb          fz_wm.l(daddsub_clz.o)
    0x080089ba   0x00000002   PAD
    0x080089bc   0x00000198   Code   RO          982    x$fpl$dsqrt         fz_wm.l(dsqrt_umaal.o)
    0x08008b54   0x000001d4   Code   RO          877    x$fpl$dsub          fz_wm.l(daddsub_clz.o)
    0x08008d28   0x00000056   Code   RO          897    x$fpl$f2d           fz_wm.l(f2d.o)
    0x08008d7e   0x0000008c   Code   RO          984    x$fpl$fnaninf       fz_wm.l(fnaninf.o)
    0x08008e0a   0x0000000a   Code   RO         1169    x$fpl$fpinit        fz_wm.l(fpinit.o)
    0x08008e14   0x00000004   Code   RO          899    x$fpl$printf1       fz_wm.l(printf1.o)
    0x08008e18   0x00000000   Code   RO          986    x$fpl$usenofp       fz_wm.l(usenofp.o)
    0x08008e18   0x0000210e   Data   RO          275    .constdata          tftlcd.o
    0x0800af26   0x00000002   PAD
    0x0800af28   0x0000001c   Data   RO          599    .constdata          stm32f4xx_fsmc.o
    0x0800af44   0x00000028   Data   RO          838    .constdata          c_w.l(_printf_hex_int_ll_ptr.o)
    0x0800af6c   0x00000011   Data   RO          858    .constdata          c_w.l(__printf_flags_ss_wp.o)
    0x0800af7d   0x00000003   PAD
    0x0800af80   0x00000008   Data   RO          947    .constdata          c_w.l(_printf_wctomb.o)
    0x0800af88   0x00000030   Data   RO          988    .constdata          m_wm.l(cos_i.o)
    0x0800afb8   0x000000c8   Data   RO         1006    .constdata          m_wm.l(rred.o)
    0x0800b080   0x00000028   Data   RO         1010    .constdata          m_wm.l(sin_i.o)
    0x0800b0a8   0x00000094   Data   RO         1049    .constdata          c_w.l(bigflt0.o)
    0x0800b13c   0x00000015   Data   RO          276    .conststring        tftlcd.o
    0x0800b151   0x00000003   PAD
    0x0800b154   0x00000028   Data   RO          724    .conststring        usmart.o
    0x0800b17c   0x00000107   Data   RO          751    .conststring        usmart_config.o
    0x0800b283   0x00000001   PAD
    0x0800b284   0x00000020   Data   RO         1239    Region$$Table       anon$$obj.o
    0x0800b2a4   0x0000001c   Data   RO         1079    locale$$data        c_w.l(lc_numeric_c.o)
    0x0800b2c0   0x00000110   Data   RO         1164    locale$$data        c_w.l(lc_ctype_c.o)


    Execution Region RW_IRAM1 (Base: 0x20000000, Size: 0x000012e8, Max: 0x00020000, ABSOLUTE, COMPRESSED[0x00000084])

    Base Addr    Size         Type   Attr      Idx    E Section Name        Object

    0x20000000   0x00000028   Data   RW            6    .data               main.o
    0x20000028   0x00000014   Data   RW          244    .data               system_stm32f4xx.o
    0x2000003c   0x0000001c   Data   RW          277    .data               tftlcd.o
    0x20000058   0x00000001   Data   RW          338    .data               key.o
    0x20000059   0x00000001   PAD
    0x2000005a   0x00000002   Data   RW          393    .data               usart3.o
    0x2000005c   0x00000004   Data   RW          461    .data               delay.o
    0x20000060   0x00000006   Data   RW          510    .data               usart.o
    0x20000066   0x00000010   Data   RW          626    .data               stm32f4xx_rcc.o
    0x20000076   0x00000002   PAD
    0x20000078   0x0000001c   Data   RW          725    .data               usmart.o
    0x20000094   0x0000012c   Data   RW          752    .data               usmart_config.o
    0x200001c0   0x00000389   Zero   RW            5    .bss                main.o
    0x20000549   0x00000003   PAD
    0x2000054c   0x00000032   Zero   RW          274    .bss                tftlcd.o
    0x2000057e   0x00000002   PAD
    0x20000580   0x00000640   Zero   RW          392    .bss                usart3.o
    0x20000bc0   0x000000c8   Zero   RW          509    .bss                usart.o
    0x20000c88   0x00000060   Zero   RW         1101    .bss                c_w.l(libspace.o)
    0x20000ce8   0x00000200   Zero   RW          541    HEAP                startup_stm32f40_41xxx.o
    0x20000ee8   0x00000400   Zero   RW          540    STACK               startup_stm32f40_41xxx.o


==============================================================================

Image component sizes


      Code (inc. data)   RO Data    RW Data    ZI Data      Debug   Object Name

       260          8          0          4          0       1497   delay.o
      2196         60          0          0          0       6902   gps.o
       260         12          0          1          0        896   key.o
        64          4          0          0          0        555   led.o
       644        126          0         40        905     293808   main.o
       224         20          0          0          0       1877   misc.o
        64         26        392          0       1536        868   startup_stm32f40_41xxx.o
      1480         18         28          0          0       5706   stm32f4xx_fsmc.o
       660         44          0          0          0       4153   stm32f4xx_gpio.o
        26          0          0          0          0       1254   stm32f4xx_it.o
      1628         52          0         16          0      12972   stm32f4xx_rcc.o
      3234         60          0          0          0      22360   stm32f4xx_tim.o
      1108         34          0          0          0       7856   stm32f4xx_usart.o
       528         46          0         20          0       1867   system_stm32f4xx.o
      6420        784       8483         28         50      15797   tftlcd.o
       364         34          0          0          0       1294   timer.o
       340         18          0          6        200       3442   usart.o
       384         24          0          2       1600       2694   usart3.o
      3124       1286         40         28          0       4454   usmart.o
         0          0        263        300          0       1616   usmart_config.o
      1320         12          0          0          0       5225   usmart_str.o

    ----------------------------------------------------------------------
     24332       2668       9244        448       4296     397093   Object Totals
         0          0         32          0          0          0   (incl. Generated)
         4          0          6          3          5          0   (incl. Padding)

    ----------------------------------------------------------------------

      Code (inc. data)   RO Data    RW Data    ZI Data      Debug   Library Member Name

        24          4          0          0          0         84   __2printf.o
        44          6          0          0          0         84   __2sprintf.o
        90          0          0          0          0          0   __dczerorl2.o
         8          0          0          0          0         68   __main.o
       392          4         17          0          0         92   __printf_flags_ss_wp.o
        14          0          0          0          0         68   __printf_wp.o
         0          0          0          0          0          0   __rtentry.o
        12          0          0          0          0          0   __rtentry2.o
         6          0          0          0          0          0   __rtentry4.o
        52          8          0          0          0          0   __scatter.o
        28          0          0          0          0          0   __scatter_zi.o
         6          0          0          0          0          0   _printf_a.o
         6          0          0          0          0          0   _printf_c.o
        44          0          0          0          0        108   _printf_char.o
        48          6          0          0          0         96   _printf_char_common.o
        36          4          0          0          0         80   _printf_char_file.o
        40          0          0          0          0         68   _printf_charcount.o
         6          0          0          0          0          0   _printf_d.o
       120         16          0          0          0         92   _printf_dec.o
         6          0          0          0          0          0   _printf_e.o
         6          0          0          0          0          0   _printf_f.o
      1050          0          0          0          0        216   _printf_fp_dec.o
       128         16          0          0          0         84   _printf_fp_infnan.o
         6          0          0          0          0          0   _printf_g.o
       148          4         40          0          0        160   _printf_hex_int_ll_ptr.o
         6          0          0          0          0          0   _printf_i.o
       178          0          0          0          0         88   _printf_intcommon.o
        10          0          0          0          0          0   _printf_l.o
         6          0          0          0          0          0   _printf_lc.o
        10          0          0          0          0          0   _printf_ll.o
         6          0          0          0          0          0   _printf_lld.o
         6          0          0          0          0          0   _printf_lli.o
         6          0          0          0          0          0   _printf_llo.o
         6          0          0          0          0          0   _printf_llu.o
         6          0          0          0          0          0   _printf_llx.o
       124         16          0          0          0         92   _printf_longlong_dec.o
         6          0          0          0          0          0   _printf_ls.o
         6          0          0          0          0          0   _printf_n.o
         6          0          0          0          0          0   _printf_o.o
       112          8          0          0          0        124   _printf_oct_int_ll.o
         6          0          0          0          0          0   _printf_p.o
        78          0          0          0          0        108   _printf_pad.o
         0          0          0          0          0          0   _printf_percent.o
         4          0          0          0          0          0   _printf_percent_end.o
         6          0          0          0          0          0   _printf_s.o
        82          0          0          0          0         80   _printf_str.o
        36          0          0          0          0         84   _printf_truncate.o
         6          0          0          0          0          0   _printf_u.o
        44          0          0          0          0        108   _printf_wchar.o
       188          6          8          0          0         92   _printf_wctomb.o
         6          0          0          0          0          0   _printf_x.o
        22          0          0          0          0        100   _rserrno.o
        10          0          0          0          0         68   _sputc.o
        64          0          0          0          0         92   _wcrtomb.o
       220          4        148          0          0         96   bigflt0.o
      1910        128          0          0          0        672   btod.o
        36          4          0          0          0         76   c89vsprintf.o
        12          0          0          0          0         72   exit.o
         8          0          0          0          0         68   ferror.o
         6          0          0          0          0        152   heapauxi.o
        44         10        272          0          0         76   lc_ctype_c.o
        44         10         28          0          0         76   lc_numeric_c.o
         2          0          0          0          0          0   libinit.o
        34          0          0          0          0          0   libinit2.o
         2          0          0          0          0          0   libshutdown.o
         2          0          0          0          0          0   libshutdown2.o
         8          4          0          0         96         68   libspace.o
       138          0          0          0          0         80   lludiv10.o
        16          4          0          0          0         76   rt_ctype_table.o
         8          4          0          0          0         68   rt_errno_addr_intlibspace.o
         8          4          0          0          0         68   rt_locale_intlibspace.o
         2          0          0          0          0          0   rtexit.o
        10          0          0          0          0          0   rtexit2.o
       128          0          0          0          0         68   strcmpv7m.o
        62          0          0          0          0         76   strlen.o
        36          0          0          0          0         80   strstr.o
        74          0          0          0          0         80   sys_stackheap_outer.o
         2          0          0          0          0         68   use_no_semi.o
         2          0          0          0          0         68   use_no_semi_2.o
        24          0          0          0          0        164   basic.o
       826         16          0          0          0        492   daddsub_clz.o
       688        140          0          0          0        256   ddiv.o
        94          4          0          0          0        140   dfix.o
        90          4          0          0          0        140   dfixu.o
        84          0          0          0          0        232   dflt_clz.o
       340         12          0          0          0        152   dmul.o
       156          4          0          0          0        140   dnaninf.o
        12          0          0          0          0        116   dretinf.o
       408         56          0          0          0        168   dsqrt_umaal.o
        86          4          0          0          0        132   f2d.o
       140          4          0          0          0        132   fnaninf.o
        10          0          0          0          0        116   fpinit.o
         4          0          0          0          0        116   printf1.o
         0          0          0          0          0          0   usenofp.o
       200         20          0          0          0        164   cos.o
       368         46         48          0          0        200   cos_i.o
        84         16          0          0          0        372   dunder.o
        24          0          0          0          0        124   fabs.o
        48          0          0          0          0        124   fpclassify.o
       248          0          0          0          0        152   poly.o
      1080        142        200          0          0        188   rred.o
       304         24         40          0          0        208   sin_i.o
       122          0          0          0          0        148   sqrt.o

    ----------------------------------------------------------------------
     11652        762        804          0         96       8600   Library Totals
        32          0          3          0          0          0   (incl. Padding)

    ----------------------------------------------------------------------

      Code (inc. data)   RO Data    RW Data    ZI Data      Debug   Library Name

      6180        270        513          0         96       4424   c_w.l
      2962        244          0          0          0       2496   fz_wm.l
      2478        248        288          0          0       1680   m_wm.l

    ----------------------------------------------------------------------
     11652        762        804          0         96       8600   Library Totals

    ----------------------------------------------------------------------

==============================================================================


      Code (inc. data)   RO Data    RW Data    ZI Data      Debug   

     35984       3430      10048        448       4392     396549   Grand Totals
     35984       3430      10048        132       4392     396549   ELF Image Totals (compressed)
     35984       3430      10048        132          0          0   ROM Totals

==============================================================================

    Total RO  Size (Code + RO Data)                46032 (  44.95kB)
    Total RW  Size (RW Data + ZI Data)              4840 (   4.73kB)
    Total ROM Size (Code + RO Data + RW Data)      46164 (  45.08kB)

==============================================================================

