<html>
<body>
<pre>
<h1>µVision Build Log</h1>
<h2>Tool Versions:</h2>
IDE-Version: ¦ÌVision V5.14.0.0
Copyright (C) 2015 ARM Ltd and ARM Germany GmbH. All rights reserved.
License Information: 123 RAZER, 123, LIC=UB4EV-PB25M-YD1K5-G7RZH-27WGU-QER4X
 
Tool Versions:
Toolchain:       MDK-ARM Professional  Version: 5.14.0.0
Toolchain Path:  C:\ning\softwares\Keil_v5\ARM\ARMCC\Bin
C Compiler:      Armcc.exe V5.05 update 1 (build 106)
Assembler:       Armasm.exe V5.05 update 1 (build 106)
Linker/Locator:  ArmLink.exe V5.05 update 1 (build 106)
Library Manager: ArmAr.exe V5.05 update 1 (build 106)
Hex Converter:   FromElf.exe V5.05 update 1 (build 106)
CPU DLL:         SARMCM3.DLL V5.14.0.0
Dialog DLL:      DCM.DLL V1.13.1.0
Target DLL:      CMSIS_AGDI.dll V1.21.0.0
Dialog DLL:      TCM.DLL V1.14.4.0
 
<h2>Project:</h2>
C:\ning\softwares\Keil_v5\Projects\GPS_demo\GPS_demo_final\USER\GPS.uvprojx
Project File Date:  11/01/2020

<h2>Output:</h2>
Build target 'GPS'
compiling main.c...
main.c(112): warning:  #68-D: integer conversion resulted in a change of sign
                                delta_x=-1*(longitude2-longitude1)*K;
main.c(82): warning:  #177-D: variable "t" was declared but never referenced
                static u32 t=0;
main.c: 2 warnings, 0 errors
linking...
Program Size: Code=36040 RO-data=10048 RW-data=448 ZI-data=4392  
FromELF: creating hex file...
"..\OBJ\GPS.axf" - 0 Error(s), 2 Warning(s).

<h2>Collection of Component include folders:</h2>
  C:\ning\softwares\Keil_v5\Projects\GPS_demo\GPS_demo_final\USER\RTE
  C:\ning\softwares\Keil_v5\ARM\PACK\Keil\STM32F4xx_DFP\1.0.8\Device\Include

<h2>Collection of Component Files used:</h2>
</pre>
</body>
</html>
