Component: ARM Compiler 5.05 update 1 (build 106) Tool: armlink [4d0efa]

==============================================================================

Section Cross References

    main.o(.text) refers to misc.o(.text) for NVIC_PriorityGroupConfig
    main.o(.text) refers to delay.o(.text) for delay_init
    main.o(.text) refers to usart.o(.text) for uart_init
    main.o(.text) refers to usart3.o(.text) for usart3_init
    main.o(.text) refers to led.o(.text) for LED_Init
    main.o(.text) refers to key.o(.text) for KEY_Init
    main.o(.text) refers to tftlcd.o(.text) for TFTLCD_Init
    main.o(.text) refers to timer.o(.text) for TIM3_Init
    main.o(.text) refers to gps.o(.text) for Ublox_Cfg_Rate
    main.o(.text) refers to usmart_config.o(.data) for usmart_dev
    main.o(.text) refers to main.o(.data) for key
    main.o(.text) refers to usart3.o(.data) for USART3_RX_STA
    main.o(.text) refers to usart3.o(.bss) for USART3_RX_BUF
    main.o(.text) refers to main.o(.bss) for USART1_TX_BUF
    system_stm32f4xx.o(.text) refers to system_stm32f4xx.o(.data) for SystemCoreClock
    tftlcd.o(.text) refers to _printf_percent.o(.ARM.Collect$$_printf_percent$$00000000) for _printf_percent
    tftlcd.o(.text) refers to _printf_x.o(.ARM.Collect$$_printf_percent$$0000000C) for _printf_x
    tftlcd.o(.text) refers to _printf_hex_int_ll_ptr.o(.text) for _printf_longlong_hex
    tftlcd.o(.text) refers to _printf_pad.o(.text) for _printf_pre_padding
    tftlcd.o(.text) refers to _printf_f.o(.ARM.Collect$$_printf_percent$$00000003) for _printf_f
    tftlcd.o(.text) refers to _printf_c.o(.ARM.Collect$$_printf_percent$$00000013) for _printf_c
    tftlcd.o(.text) refers to printf1.o(x$fpl$printf1) for _printf_fp_dec
    tftlcd.o(.text) refers to _printf_str.o(.text) for _printf_str
    tftlcd.o(.text) refers to _printf_s.o(.ARM.Collect$$_printf_percent$$00000014) for _printf_s
    tftlcd.o(.text) refers to _printf_d.o(.ARM.Collect$$_printf_percent$$00000009) for _printf_d
    tftlcd.o(.text) refers to _printf_dec.o(.text) for _printf_int_dec
    tftlcd.o(.text) refers to stm32f4xx_rcc.o(.text) for RCC_AHB1PeriphClockCmd
    tftlcd.o(.text) refers to stm32f4xx_gpio.o(.text) for GPIO_PinAFConfig
    tftlcd.o(.text) refers to stm32f4xx_fsmc.o(.text) for FSMC_NORSRAMInit
    tftlcd.o(.text) refers to delay.o(.text) for delay_ms
    tftlcd.o(.text) refers to __2printf.o(.text) for __2printf
    tftlcd.o(.text) refers to tftlcd.o(.data) for tftlcd_data
    tftlcd.o(.text) refers to tftlcd.o(.constdata) for ascii_1206
    tftlcd.o(.text) refers to __2sprintf.o(.text) for __2sprintf
    tftlcd.o(.text) refers to f2d.o(x$fpl$f2d) for __aeabi_f2d
    tftlcd.o(.text) refers to tftlcd.o(.bss) for dtbuf
    tftlcd.o(.text) refers to main.o(.bss) for gpsx
    tftlcd.o(.text) refers to dmul.o(x$fpl$dmul) for __aeabi_dmul
    tftlcd.o(.text) refers to daddsub_clz.o(x$fpl$dadd) for __aeabi_dadd
    tftlcd.o(.text) refers to sqrt.o(i.__hardfp_sqrt) for __hardfp_sqrt
    tftlcd.o(.text) refers to ddiv.o(x$fpl$ddiv) for __aeabi_ddiv
    tftlcd.o(.text) refers to cos.o(i.__hardfp_cos) for __hardfp_cos
    tftlcd.o(.text) refers to daddsub_clz.o(x$fpl$dsub) for __aeabi_dsub
    tftlcd.o(.text) refers to daddsub_clz.o(x$fpl$drsb) for __aeabi_drsub
    tftlcd.o(.text) refers to main.o(.data) for flag_draw
    tftlcd.o(.data) refers to tftlcd.o(.conststring) for .conststring
    led.o(.text) refers to stm32f4xx_rcc.o(.text) for RCC_AHB1PeriphClockCmd
    led.o(.text) refers to stm32f4xx_gpio.o(.text) for GPIO_Init
    key.o(.text) refers to stm32f4xx_rcc.o(.text) for RCC_AHB1PeriphClockCmd
    key.o(.text) refers to stm32f4xx_gpio.o(.text) for GPIO_Init
    key.o(.text) refers to delay.o(.text) for delay_ms
    key.o(.text) refers to key.o(.data) for key_up
    timer.o(.text) refers to stm32f4xx_tim.o(.text) for TIM_GetITStatus
    timer.o(.text) refers to stm32f4xx_rcc.o(.text) for RCC_APB1PeriphClockCmd
    timer.o(.text) refers to misc.o(.text) for NVIC_Init
    timer.o(.text) refers to key.o(.text) for KEY_Scan
    timer.o(.text) refers to usart3.o(.data) for USART3_RX_STA
    timer.o(.text) refers to main.o(.data) for key
    usart3.o(.text) refers to stm32f4xx_usart.o(.text) for USART_GetITStatus
    usart3.o(.text) refers to stm32f4xx_tim.o(.text) for TIM_SetCounter
    usart3.o(.text) refers to stm32f4xx_rcc.o(.text) for RCC_AHB1PeriphClockCmd
    usart3.o(.text) refers to stm32f4xx_gpio.o(.text) for GPIO_PinAFConfig
    usart3.o(.text) refers to misc.o(.text) for NVIC_Init
    usart3.o(.text) refers to timer.o(.text) for TIM7_Int_Init
    usart3.o(.text) refers to c89vsprintf.o(.text) for __c89vsprintf
    usart3.o(.text) refers to strlen.o(.text) for strlen
    usart3.o(.text) refers to usart3.o(.data) for USART3_RX_STA
    usart3.o(.text) refers to usart3.o(.bss) for USART3_RX_BUF
    gps.o(.text) refers to strstr.o(.text) for strstr
[...]
    _printf_lli                              0x08000289   Thumb Code     0  _printf_lli.o(.ARM.Collect$$_printf_percent$$0000000D)
    _printf_lld                              0x0800028f   Thumb Code     0  _printf_lld.o(.ARM.Collect$$_printf_percent$$0000000E)
    _printf_llu                              0x08000295   Thumb Code     0  _printf_llu.o(.ARM.Collect$$_printf_percent$$0000000F)
    _printf_llo                              0x0800029b   Thumb Code     0  _printf_llo.o(.ARM.Collect$$_printf_percent$$00000010)
    _printf_llx                              0x080002a1   Thumb Code     0  _printf_llx.o(.ARM.Collect$$_printf_percent$$00000011)
    _printf_l                                0x080002a7   Thumb Code     0  _printf_l.o(.ARM.Collect$$_printf_percent$$00000012)
    _printf_c                                0x080002b1   Thumb Code     0  _printf_c.o(.ARM.Collect$$_printf_percent$$00000013)
    _printf_s                                0x080002b7   Thumb Code     0  _printf_s.o(.ARM.Collect$$_printf_percent$$00000014)
    _printf_lc                               0x080002bd   Thumb Code     0  _printf_lc.o(.ARM.Collect$$_printf_percent$$00000015)
    _printf_ls                               0x080002c3   Thumb Code     0  _printf_ls.o(.ARM.Collect$$_printf_percent$$00000016)
    _printf_percent_end                      0x080002c9   Thumb Code     0  _printf_percent_end.o(.ARM.Collect$$_printf_percent$$00000017)
    __rt_lib_init                            0x080002cd   Thumb Code     0  libinit.o(.ARM.Collect$$libinit$$00000000)
    __rt_lib_init_fp_1                       0x080002cf   Thumb Code     0  libinit2.o(.ARM.Collect$$libinit$$00000001)
    __rt_lib_init_heap_1                     0x080002d3   Thumb Code     0  libinit2.o(.ARM.Collect$$libinit$$0000000A)
    __rt_lib_init_lc_common                  0x080002d3   Thumb Code     0  libinit2.o(.ARM.Collect$$libinit$$0000000F)
    __rt_lib_init_preinit_1                  0x080002d3   Thumb Code     0  libinit2.o(.ARM.Collect$$libinit$$00000004)
    __rt_lib_init_rand_1                     0x080002d3   Thumb Code     0  libinit2.o(.ARM.Collect$$libinit$$0000000E)
    __rt_lib_init_user_alloc_1               0x080002d3   Thumb Code     0  libinit2.o(.ARM.Collect$$libinit$$0000000C)
    __rt_lib_init_lc_collate_1               0x080002d9   Thumb Code     0  libinit2.o(.ARM.Collect$$libinit$$00000011)
    __rt_lib_init_lc_ctype_2                 0x080002d9   Thumb Code     0  libinit2.o(.ARM.Collect$$libinit$$00000012)
    __rt_lib_init_lc_ctype_1                 0x080002e5   Thumb Code     0  libinit2.o(.ARM.Collect$$libinit$$00000013)
    __rt_lib_init_lc_monetary_1              0x080002e5   Thumb Code     0  libinit2.o(.ARM.Collect$$libinit$$00000015)
    __rt_lib_init_lc_numeric_2               0x080002e5   Thumb Code     0  libinit2.o(.ARM.Collect$$libinit$$00000016)
    __rt_lib_init_alloca_1                   0x080002ef   Thumb Code     0  libinit2.o(.ARM.Collect$$libinit$$0000002E)
    __rt_lib_init_argv_1                     0x080002ef   Thumb Code     0  libinit2.o(.ARM.Collect$$libinit$$0000002C)
    __rt_lib_init_atexit_1                   0x080002ef   Thumb Code     0  libinit2.o(.ARM.Collect$$libinit$$0000001B)
    __rt_lib_init_clock_1                    0x080002ef   Thumb Code     0  libinit2.o(.ARM.Collect$$libinit$$00000021)
    __rt_lib_init_cpp_1                      0x080002ef   Thumb Code     0  libinit2.o(.ARM.Collect$$libinit$$00000032)
    __rt_lib_init_exceptions_1               0x080002ef   Thumb Code     0  libinit2.o(.ARM.Collect$$libinit$$00000030)
    __rt_lib_init_fp_trap_1                  0x080002ef   Thumb Code     0  libinit2.o(.ARM.Collect$$libinit$$0000001F)
    __rt_lib_init_getenv_1                   0x080002ef   Thumb Code     0  libinit2.o(.ARM.Collect$$libinit$$00000023)
    __rt_lib_init_lc_numeric_1               0x080002ef   Thumb Code     0  libinit2.o(.ARM.Collect$$libinit$$00000017)
    __rt_lib_init_lc_time_1                  0x080002ef   Thumb Code     0  libinit2.o(.ARM.Collect$$libinit$$00000019)
    __rt_lib_init_return                     0x080002ef   Thumb Code     0  libinit2.o(.ARM.Collect$$libinit$$00000033)
    __rt_lib_init_signal_1                   0x080002ef   Thumb Code     0  libinit2.o(.ARM.Collect$$libinit$$0000001D)
    __rt_lib_init_stdio_1                    0x080002ef   Thumb Code     0  libinit2.o(.ARM.Collect$$libinit$$00000025)
    __rt_lib_shutdown                        0x080002f1   Thumb Code     0  libshutdown.o(.ARM.Collect$$libshutdown$$00000000)
    __rt_lib_shutdown_fp_trap_1              0x080002f3   Thumb Code     0  libshutdown2.o(.ARM.Collect$$libshutdown$$00000006)
    __rt_lib_shutdown_heap_1                 0x080002f3   Thumb Code     0  libshutdown2.o(.ARM.Collect$$libshutdown$$0000000E)
    __rt_lib_shutdown_return                 0x080002f3   Thumb Code     0  libshutdown2.o(.ARM.Collect$$libshutdown$$0000000F)
    __rt_lib_shutdown_signal_1               0x080002f3   Thumb Code     0  libshutdown2.o(.ARM.Collect$$libshutdown$$00000009)
    __rt_lib_shutdown_stdio_1                0x080002f3   Thumb Code     0  libshutdown2.o(.ARM.Collect$$libshutdown$$00000003)
    __rt_lib_shutdown_user_alloc_1           0x080002f3   Thumb Code     0  libshutdown2.o(.ARM.Collect$$libshutdown$$0000000B)
    __rt_entry                               0x080002f5   Thumb Code     0  __rtentry.o(.ARM.Collect$$rtentry$$00000000)
    __rt_entry_presh_1                       0x080002f5   Thumb Code     0  __rtentry2.o(.ARM.Collect$$rtentry$$00000002)
    __rt_entry_sh                            0x080002f5   Thumb Code     0  __rtentry4.o(.ARM.Collect$$rtentry$$00000004)
    __rt_entry_li                            0x080002fb   Thumb Code     0  __rtentry2.o(.ARM.Collect$$rtentry$$0000000A)
    __rt_entry_postsh_1                      0x080002fb   Thumb Code     0  __rtentry2.o(.ARM.Collect$$rtentry$$00000009)
    __rt_entry_main                          0x080002ff   Thumb Code     0  __rtentry2.o(.ARM.Collect$$rtentry$$0000000D)
    __rt_entry_postli_1                      0x080002ff   Thumb Code     0  __rtentry2.o(.ARM.Collect$$rtentry$$0000000C)
    __rt_exit                                0x08000307   Thumb Code     0  rtexit.o(.ARM.Collect$$rtexit$$00000000)
    __rt_exit_ls                             0x08000309   Thumb Code     0  rtexit2.o(.ARM.Collect$$rtexit$$00000003)
    __rt_exit_prels_1                        0x08000309   Thumb Code     0  rtexit2.o(.ARM.Collect$$rtexit$$00000002)
    __rt_exit_exit                           0x0800030d   Thumb Code     0  rtexit2.o(.ARM.Collect$$rtexit$$00000004)
    main                                     0x08000315   Thumb Code   262  main.o(.text)
    NMI_Handler                              0x08000445   Thumb Code     2  stm32f4xx_it.o(.text)
    HardFault_Handler                        0x08000447   Thumb Code     4  stm32f4xx_it.o(.text)
    MemManage_Handler                        0x0800044b   Thumb Code     4  stm32f4xx_it.o(.text)
    BusFault_Handler                         0x0800044f   Thumb Code     4  stm32f4xx_it.o(.text)
    UsageFault_Handler                       0x08000453   Thumb Code     4  stm32f4xx_it.o(.text)
    SVC_Handler                              0x08000457   Thumb Code     2  stm32f4xx_it.o(.text)
    DebugMon_Handler                         0x08000459   Thumb Code     2  stm32f4xx_it.o(.text)
    PendSV_Handler                           0x0800045b   Thumb Code     2  stm32f4xx_it.o(.text)
    SysTick_Handler                          0x0800045d   Thumb Code     2  stm32f4xx_it.o(.text)
    SystemInit                               0x0800053d   Thumb Code    88  system_stm32f4xx.o(.text)
    SystemCoreClockUpdate                    0x08000595   Thumb Code   174  system_stm32f4xx.o(.text)
    TFTLCD_GPIO_Init                         0x08000671   Thumb Code   364  tftlcd.o(.text)
    TFTLCD_FSMC_Init                         0x080007dd   Thumb Code   106  tftlcd.o(.text)
    LCD_WriteCmd                             0x08000847   Thumb Code     6  tftlcd.o(.text)
    LCD_WriteData                            0x0800084d   Thumb Code     8  tftlcd.o(.text)
    LCD_WriteCmdData                         0x08000855   Thumb Code    20  tftlcd.o(.text)
    LCD_WriteData_Color                      0x08000869   Thumb Code     8  tftlcd.o(.text)
    LCD_ReadData                             0x08000871   Thumb Code     8  tftlcd.o(.text)
    LCD_Display_Dir                          0x08000879   Thumb Code    70  tftlcd.o(.text)
    LCD_Set_Window                           0x080008bf   Thumb Code   166  tftlcd.o(.text)
    LCD_Clear                                0x08000965   Thumb Code    68  tftlcd.o(.text)
    TFTLCD_Init                              0x080009a9   Thumb Code   726  tftlcd.o(.text)
    LCD_Fill                                 0x08000c7f   Thumb Code    92  tftlcd.o(.text)
    LCD_DrawPoint                            0x08000cdb   Thumb Code    28  tftlcd.o(.text)
    LCD_DrawFRONT_COLOR                      0x08000cf7   Thumb Code    28  tftlcd.o(.text)
    LCD_ReadPoint                            0x08000d13   Thumb Code    94  tftlcd.o(.text)
    LCD_DrawLine                             0x08000d71   Thumb Code   176  tftlcd.o(.text)
    LCD_DrawLine_Color                       0x08000e21   Thumb Code   172  tftlcd.o(.text)
    LCD_DrowSign                             0x08000ecd   Thumb Code   132  tftlcd.o(.text)
    LCD_DrawRectangle                        0x08000f51   Thumb Code    60  tftlcd.o(.text)
    LCD_Draw_Circle                          0x08000f8d   Thumb Code   152  tftlcd.o(.text)
    LCD_ShowChar                             0x08001025   Thumb Code   294  tftlcd.o(.text)
    LCD_Pow                                  0x0800114b   Thumb Code    22  tftlcd.o(.text)
    LCD_ShowNum                              0x08001161   Thumb Code   148  tftlcd.o(.text)
    LCD_ShowxNum                             0x080011f5   Thumb Code   190  tftlcd.o(.text)
    LCD_ShowString                           0x080012b3   Thumb Code   102  tftlcd.o(.text)
    LCD_ShowFontHZ                           0x08001319   Thumb Code   220  tftlcd.o(.text)
    LCD_ShowPicture                          0x080013f5   Thumb Code    92  tftlcd.o(.text)
    LCD_ShowFontHZ24                         0x08001451   Thumb Code   242  tftlcd.o(.text)
    LCD_Show_CH_Font24                       0x08001543   Thumb Code   188  tftlcd.o(.text)
    show_font                                0x080015ff   Thumb Code    48  tftlcd.o(.text)
    Interface_Display                        0x0800162f   Thumb Code   122  tftlcd.o(.text)
    Gps_Msg_Show1                            0x080016a9   Thumb Code   284  tftlcd.o(.text)
    Gps_Msg_Show2                            0x080017c5   Thumb Code   282  tftlcd.o(.text)
    Gps_Msg_Show                             0x080018df   Thumb Code  1054  tftlcd.o(.text)
    __hardfp_hypot                           0x08001cfd   Thumb Code    84  tftlcd.o(.text)
    compute_distance                         0x08001d51   Thumb Code   336  tftlcd.o(.text)
    Draw_Path                                0x08001ea1   Thumb Code   100  tftlcd.o(.text)
    LED_Init                                 0x08001ff1   Thumb Code    60  led.o(.text)
    KEY_Init                                 0x08002031   Thumb Code    60  key.o(.text)
    KEY_Scan                                 0x0800206d   Thumb Code   188  key.o(.text)
    TIM7_IRQHandler                          0x08002135   Thumb Code    42  timer.o(.text)
    TIM7_Int_Init                            0x0800215f   Thumb Code    88  timer.o(.text)
    TIM3_Init                                0x080021b7   Thumb Code    96  timer.o(.text)
    TIM3_IRQHandler                          0x08002217   Thumb Code    56  timer.o(.text)
    USART3_IRQHandler                        0x08002265   Thumb Code    94  usart3.o(.text)
    usart3_init                              0x080022c3   Thumb Code   194  usart3.o(.text)
    u3_printf                                0x08002385   Thumb Code    72  usart3.o(.text)
    NMEA_Comma_Pos                           0x080023e5   Thumb Code    50  gps.o(.text)
    NMEA_Pow                                 0x08002417   Thumb Code    22  gps.o(.text)
    NMEA_Str2num                             0x0800242d   Thumb Code   234  gps.o(.text)
    NMEA_GPGSV_Analysis                      0x08002517   Thumb Code   290  gps.o(.text)
    NMEA_GPGGA_Analysis                      0x08002639   Thumb Code    96  gps.o(.text)
    NMEA_GPGSA_Analysis                      0x08002699   Thumb Code   176  gps.o(.text)
    NMEA_GPRMC_Analysis                      0x08002749   Thumb Code   570  gps.o(.text)
    NMEA_GPVTG_Analysis                      0x08002983   Thumb Code    78  gps.o(.text)
    GPS_Analysis                             0x080029d1   Thumb Code    48  gps.o(.text)
    Ublox_CheckSum                           0x08002a01   Thumb Code    40  gps.o(.text)
    Ublox_Cfg_Ack_Check                      0x08002a29   Thumb Code   104  gps.o(.text)
    Ublox_Send_Date                          0x08002a91   Thumb Code    40  gps.o(.text)
    Ublox_Cfg_Cfg_Save                       0x08002ab9   Thumb Code   100  gps.o(.text)
    Ublox_Cfg_Msg                            0x08002b1d   Thumb Code    72  gps.o(.text)
    Ublox_Cfg_Prt                            0x08002b65   Thumb Code    94  gps.o(.text)
    Ublox_Cfg_Tp                             0x08002bc3   Thumb Code    90  gps.o(.text)
    Ublox_Cfg_Rate                           0x08002c1d   Thumb Code    68  gps.o(.text)
    delay_init                               0x08002c79   Thumb Code    52  delay.o(.text)
    delay_us                                 0x08002cad   Thumb Code    72  delay.o(.text)
    delay_xms                                0x08002cf5   Thumb Code    72  delay.o(.text)
    delay_ms                                 0x08002d3d   Thumb Code    56  delay.o(.text)
    _sys_exit                                0x08002d7d   Thumb Code     6  usart.o(.text)
    fputc                                    0x08002d83   Thumb Code    22  usart.o(.text)
    uart_init                                0x08002d99   Thumb Code   172  usart.o(.text)
    USART1_IRQHandler                        0x08002e45   Thumb Code   122  usart.o(.text)
    Reset_Handler                            0x08002ed1   Thumb Code     8  startup_stm32f40_41xxx.o(.text)
    ADC_IRQHandler                           0x08002eeb   Thumb Code     0  startup_stm32f40_41xxx.o(.text)
    CAN1_RX0_IRQHandler                      0x08002eeb   Thumb Code     0  startup_stm32f40_41xxx.o(.text)
    CAN1_RX1_IRQHandler                      0x08002eeb   Thumb Code     0  startup_stm32f40_41xxx.o(.text)
    CAN1_SCE_IRQHandler                      0x08002eeb   Thumb Code     0  startup_stm32f40_41xxx.o(.text)
    CAN1_TX_IRQHandler                       0x08002eeb   Thumb Code     0  startup_stm32f40_41xxx.o(.text)
    CAN2_RX0_IRQHandler                      0x08002eeb   Thumb Code     0  startup_stm32f40_41xxx.o(.text)
    CAN2_RX1_IRQHandler                      0x08002eeb   Thumb Code     0  startup_stm32f40_41xxx.o(.text)
    CAN2_SCE_IRQHandler                      0x08002eeb   Thumb Code     0  startup_stm32f40_41xxx.o(.text)
    CAN2_TX_IRQHandler                       0x08002eeb   Thumb Code     0  startup_stm32f40_41xxx.o(.text)
    CRYP_IRQHandler                          0x08002eeb   Thumb Code     0  startup_stm32f40_41xxx.o(.text)
    DCMI_IRQHandler                          0x08002eeb   Thumb Code     0  startup_stm32f40_41xxx.o(.text)
    DMA1_Stream0_IRQHandler                  0x08002eeb   Thumb Code     0  startup_stm32f40_41xxx.o(.text)
    DMA1_Stream1_IRQHandler                  0x08002eeb   Thumb Code     0  startup_stm32f40_41xxx.o(.text)
    DMA1_Stream2_IRQHandler                  0x08002eeb   Thumb Code     0  startup_stm32f40_41xxx.o(.text)
    DMA1_Stream3_IRQHandler                  0x08002eeb   Thumb Code     0  startup_stm32f40_41xxx.o(.text)
    DMA1_Stream4_IRQHandler                  0x08002eeb   Thumb Code     0  startup_stm32f40_41xxx.o(.text)
    DMA1_Stream5_IRQHandler                  0x08002eeb   Thumb Code     0  startup_stm32f40_41xxx.o(.text)
    DMA1_Stream6_IRQHandler                  0x08002eeb   Thumb Code     0  startup_stm32f40_41xxx.o(.text)
    DMA1_Stream7_IRQHandler                  0x08002eeb   Thumb Code     0  startup_stm32f40_41xxx.o(.text)
    DMA2_Stream0_IRQHandler                  0x08002eeb   Thumb Code     0  startup_stm32f40_41xxx.o(.text)
    DMA2_Stream1_IRQHandler                  0x08002eeb   Thumb Code     0  startup_stm32f40_41xxx.o(.text)
    DMA2_Stream2_IRQHandler                  0x08002eeb   Thumb Code     0  startup_stm32f40_41xxx.o(.text)
    DMA2_Stream3_IRQHandler                  0x08002eeb   Thumb Code     0  startup_stm32f40_41xxx.o(.text)
    DMA2_Stream4_IRQHandler                  0x08002eeb   Thumb Code     0  startup_stm32f40_41xxx.o(.text)
    DMA2_Stream5_IRQHandler                  0x08002eeb   Thumb Code     0  startup_stm32f40_41xxx.o(.text)
    DMA2_Stream6_IRQHandler                  0x08002eeb   Thumb Code     0  startup_stm32f40_41xxx.o(.text)
    DMA2_Stream7_IRQHandler                  0x08002eeb   Thumb Code     0  startup_stm32f40_41xxx.o(.text)
    ETH_IRQHandler                           0x08002eeb   Thumb Code     0  startup_stm32f40_41xxx.o(.text)
    ETH_WKUP_IRQHandler                      0x08002eeb   Thumb Code     0  startup_stm32f40_41xxx.o(.text)
    EXTI0_IRQHandler                         0x08002eeb   Thumb Code     0  startup_stm32f40_41xxx.o(.text)
    EXTI15_10_IRQHandler                     0x08002eeb   Thumb Code     0  startup_stm32f40_41xxx.o(.text)
    EXTI1_IRQHandler                         0x08002eeb   Thumb Code     0  startup_stm32f40_41xxx.o(.text)
    EXTI2_IRQHandler                         0x08002eeb   Thumb Code     0  startup_stm32f40_41xxx.o(.text)
    EXTI3_IRQHandler                         0x08002eeb   Thumb Code     0  startup_stm32f40_41xxx.o(.text)
    EXTI4_IRQHandler                         0x08002eeb   Thumb Code     0  startup_stm32f40_41xxx.o(.text)
    EXTI9_5_IRQHandler                       0x08002eeb   Thumb Code     0  startup_stm32f40_41xxx.o(.text)
    FLASH_IRQHandler                         0x08002eeb   Thumb Code     0  startup_stm32f40_41xxx.o(.text)
    FPU_IRQHandler                           0x08002eeb   Thumb Code     0  startup_stm32f40_41xxx.o(.text)
    FSMC_IRQHandler                          0x08002eeb   Thumb Code     0  startup_stm32f40_41xxx.o(.text)
    HASH_RNG_IRQHandler                      0x08002eeb   Thumb Code     0  startup_stm32f40_41xxx.o(.text)
    I2C1_ER_IRQHandler                       0x08002eeb   Thumb Code     0  startup_stm32f40_41xxx.o(.text)
    I2C1_EV_IRQHandler                       0x08002eeb   Thumb Code     0  startup_stm32f40_41xxx.o(.text)
    I2C2_ER_IRQHandler                       0x08002eeb   Thumb Code     0  startup_stm32f40_41xxx.o(.text)
    I2C2_EV_IRQHandler                       0x08002eeb   Thumb Code     0  startup_stm32f40_41xxx.o(.text)
    I2C3_ER_IRQHandler                       0x08002eeb   Thumb Code     0  startup_stm32f40_41xxx.o(.text)
    I2C3_EV_IRQHandler                       0x08002eeb   Thumb Code     0  startup_stm32f40_41xxx.o(.text)
    OTG_FS_IRQHandler                        0x08002eeb   Thumb Code     0  startup_stm32f40_41xxx.o(.text)
    OTG_FS_WKUP_IRQHandler                   0x08002eeb   Thumb Code     0  startup_stm32f40_41xxx.o(.text)
    OTG_HS_EP1_IN_IRQHandler                 0x08002eeb   Thumb Code     0  startup_stm32f40_41xxx.o(.text)
    OTG_HS_EP1_OUT_IRQHandler                0x08002eeb   Thumb Code     0  startup_stm32f40_41xxx.o(.text)
    OTG_HS_IRQHandler                        0x08002eeb   Thumb Code     0  startup_stm32f40_41xxx.o(.text)
    OTG_HS_WKUP_IRQHandler                   0x08002eeb   Thumb Code     0  startup_stm32f40_41xxx.o(.text)
    PVD_IRQHandler                           0x08002eeb   Thumb Code     0  startup_stm32f40_41xxx.o(.text)
    RCC_IRQHandler                           0x08002eeb   Thumb Code     0  startup_stm32f40_41xxx.o(.text)
    RTC_Alarm_IRQHandler                     0x08002eeb   Thumb Code     0  startup_stm32f40_41xxx.o(.text)
    RTC_WKUP_IRQHandler                      0x08002eeb   Thumb Code     0  startup_stm32f40_41xxx.o(.text)
    SDIO_IRQHandler                          0x08002eeb   Thumb Code     0  startup_stm32f40_41xxx.o(.text)
    SPI1_IRQHandler                          0x08002eeb   Thumb Code     0  startup_stm32f40_41xxx.o(.text)
    SPI2_IRQHandler                          0x08002eeb   Thumb Code     0  startup_stm32f40_41xxx.o(.text)
    SPI3_IRQHandler                          0x08002eeb   Thumb Code     0  startup_stm32f40_41xxx.o(.text)
    TAMP_STAMP_IRQHandler                    0x08002eeb   Thumb Code     0  startup_stm32f40_41xxx.o(.text)
    TIM1_BRK_TIM9_IRQHandler                 0x08002eeb   Thumb Code     0  startup_stm32f40_41xxx.o(.text)
    TIM1_CC_IRQHandler                       0x08002eeb   Thumb Code     0  startup_stm32f40_41xxx.o(.text)
    TIM1_TRG_COM_TIM11_IRQHandler            0x08002eeb   Thumb Code     0  startup_stm32f40_41xxx.o(.text)
    TIM1_UP_TIM10_IRQHandler                 0x08002eeb   Thumb Code     0  startup_stm32f40_41xxx.o(.text)
    TIM2_IRQHandler                          0x08002eeb   Thumb Code     0  startup_stm32f40_41xxx.o(.text)
    TIM5_IRQHandler                          0x08002eeb   Thumb Code     0  startup_stm32f40_41xxx.o(.text)
    TIM6_DAC_IRQHandler                      0x08002eeb   Thumb Code     0  startup_stm32f40_41xxx.o(.text)
    TIM8_BRK_TIM12_IRQHandler                0x08002eeb   Thumb Code     0  startup_stm32f40_41xxx.o(.text)
    TIM8_CC_IRQHandler                       0x08002eeb   Thumb Code     0  startup_stm32f40_41xxx.o(.text)
    TIM8_TRG_COM_TIM14_IRQHandler            0x08002eeb   Thumb Code     0  startup_stm32f40_41xxx.o(.text)
    TIM8_UP_TIM13_IRQHandler                 0x08002eeb   Thumb Code     0  startup_stm32f40_41xxx.o(.text)
    UART4_IRQHandler                         0x08002eeb   Thumb Code     0  startup_stm32f40_41xxx.o(.text)
    UART5_IRQHandler                         0x08002eeb   Thumb Code     0  startup_stm32f40_41xxx.o(.text)
    USART2_IRQHandler                        0x08002eeb   Thumb Code     0  startup_stm32f40_41xxx.o(.text)
    USART6_IRQHandler                        0x08002eeb   Thumb Code     0  startup_stm32f40_41xxx.o(.text)
    WWDG_IRQHandler                          0x08002eeb   Thumb Code     0  startup_stm32f40_41xxx.o(.text)
    __user_initial_stackheap                 0x08002eed   Thumb Code     0  startup_stm32f40_41xxx.o(.text)
    NVIC_PriorityGroupConfig                 0x08002f11   Thumb Code    10  misc.o(.text)
    NVIC_Init                                0x08002f1b   Thumb Code   106  misc.o(.text)
    NVIC_SetVectorTable                      0x08002f85   Thumb Code    14  misc.o(.text)
    NVIC_SystemLPConfig                      0x08002f93   Thumb Code    34  misc.o(.text)
    SysTick_CLKSourceConfig                  0x08002fb5   Thumb Code    40  misc.o(.text)
    GPIO_DeInit                              0x08002ff1   Thumb Code   268  stm32f4xx_gpio.o(.text)
    GPIO_Init                                0x080030fd   Thumb Code   144  stm32f4xx_gpio.o(.text)
    GPIO_StructInit                          0x0800318d   Thumb Code    18  stm32f4xx_gpio.o(.text)
    GPIO_PinLockConfig                       0x0800319f   Thumb Code    34  stm32f4xx_gpio.o(.text)
    GPIO_ReadInputDataBit                    0x080031c1   Thumb Code    18  stm32f4xx_gpio.o(.text)
    GPIO_ReadInputData                       0x080031d3   Thumb Code     8  stm32f4xx_gpio.o(.text)
    GPIO_ReadOutputDataBit                   0x080031db   Thumb Code    18  stm32f4xx_gpio.o(.text)
    GPIO_ReadOutputData                      0x080031ed   Thumb Code     8  stm32f4xx_gpio.o(.text)
    GPIO_SetBits                             0x080031f5   Thumb Code     4  stm32f4xx_gpio.o(.text)
    GPIO_ResetBits                           0x080031f9   Thumb Code     4  stm32f4xx_gpio.o(.text)
    GPIO_WriteBit                            0x080031fd   Thumb Code    10  stm32f4xx_gpio.o(.text)
    GPIO_Write                               0x08003207   Thumb Code     4  stm32f4xx_gpio.o(.text)
    GPIO_ToggleBits                          0x0800320b   Thumb Code     8  stm32f4xx_gpio.o(.text)
    GPIO_PinAFConfig                         0x08003213   Thumb Code    70  stm32f4xx_gpio.o(.text)
    FSMC_NORSRAMDeInit                       0x08003285   Thumb Code    54  stm32f4xx_fsmc.o(.text)
    FSMC_NORSRAMInit                         0x080032bb   Thumb Code   230  stm32f4xx_fsmc.o(.text)
    FSMC_NORSRAMStructInit                   0x080033a1   Thumb Code    48  stm32f4xx_fsmc.o(.text)
    FSMC_NORSRAMCmd                          0x080033d1   Thumb Code    46  stm32f4xx_fsmc.o(.text)
    FSMC_NANDDeInit                          0x080033ff   Thumb Code    62  stm32f4xx_fsmc.o(.text)
    FSMC_NANDInit                            0x0800343d   Thumb Code   132  stm32f4xx_fsmc.o(.text)
    FSMC_NANDStructInit                      0x080034c1   Thumb Code    54  stm32f4xx_fsmc.o(.text)
    FSMC_NANDCmd                             0x080034f7   Thumb Code    86  stm32f4xx_fsmc.o(.text)
    FSMC_NANDECCCmd                          0x0800354d   Thumb Code    86  stm32f4xx_fsmc.o(.text)
    FSMC_GetECC                              0x080035a3   Thumb Code    24  stm32f4xx_fsmc.o(.text)
    FSMC_PCCARDDeInit                        0x080035bb   Thumb Code    36  stm32f4xx_fsmc.o(.text)
    FSMC_PCCARDInit                          0x080035df   Thumb Code   130  stm32f4xx_fsmc.o(.text)
    FSMC_PCCARDStructInit                    0x08003661   Thumb Code    60  stm32f4xx_fsmc.o(.text)
    FSMC_PCCARDCmd                           0x0800369d   Thumb Code    44  stm32f4xx_fsmc.o(.text)
    FSMC_ITConfig                            0x080036c9   Thumb Code   128  stm32f4xx_fsmc.o(.text)
    FSMC_GetFlagStatus                       0x08003749   Thumb Code    54  stm32f4xx_fsmc.o(.text)
    FSMC_ClearFlag                           0x0800377f   Thumb Code    74  stm32f4xx_fsmc.o(.text)
    FSMC_GetITStatus                         0x080037c9   Thumb Code    62  stm32f4xx_fsmc.o(.text)
    FSMC_ClearITPendingBit                   0x08003807   Thumb Code    66  stm32f4xx_fsmc.o(.text)
    RCC_DeInit                               0x0800384d   Thumb Code    82  stm32f4xx_rcc.o(.text)
    RCC_HSEConfig                            0x0800389f   Thumb Code    14  stm32f4xx_rcc.o(.text)
    RCC_GetFlagStatus                        0x080038ad   Thumb Code    60  stm32f4xx_rcc.o(.text)
    RCC_WaitForHSEStartUp                    0x080038e9   Thumb Code    56  stm32f4xx_rcc.o(.text)
    RCC_AdjustHSICalibrationValue            0x08003921   Thumb Code    20  stm32f4xx_rcc.o(.text)
    RCC_HSICmd                               0x08003935   Thumb Code     6  stm32f4xx_rcc.o(.text)
    RCC_LSEConfig                            0x0800393b   Thumb Code    46  stm32f4xx_rcc.o(.text)
    RCC_LSICmd                               0x08003969   Thumb Code     6  stm32f4xx_rcc.o(.text)
    RCC_PLLConfig                            0x0800396f   Thumb Code    32  stm32f4xx_rcc.o(.text)
    RCC_PLLCmd                               0x0800398f   Thumb Code     6  stm32f4xx_rcc.o(.text)
    RCC_PLLI2SConfig                         0x08003995   Thumb Code    14  stm32f4xx_rcc.o(.text)
    RCC_PLLI2SCmd                            0x080039a3   Thumb Code     6  stm32f4xx_rcc.o(.text)
    RCC_PLLSAIConfig                         0x080039a9   Thumb Code    20  stm32f4xx_rcc.o(.text)
    RCC_PLLSAICmd                            0x080039bd   Thumb Code     6  stm32f4xx_rcc.o(.text)
    RCC_ClockSecuritySystemCmd               0x080039c3   Thumb Code     6  stm32f4xx_rcc.o(.text)
    RCC_MCO1Config                           0x080039c9   Thumb Code    28  stm32f4xx_rcc.o(.text)
    RCC_MCO2Config                           0x080039e5   Thumb Code    28  stm32f4xx_rcc.o(.text)
    RCC_SYSCLKConfig                         0x08003a01   Thumb Code    20  stm32f4xx_rcc.o(.text)
    RCC_GetSYSCLKSource                      0x08003a15   Thumb Code    12  stm32f4xx_rcc.o(.text)
    RCC_HCLKConfig                           0x08003a21   Thumb Code    20  stm32f4xx_rcc.o(.text)
    RCC_PCLK1Config                          0x08003a35   Thumb Code    20  stm32f4xx_rcc.o(.text)
    RCC_PCLK2Config                          0x08003a49   Thumb Code    22  stm32f4xx_rcc.o(.text)
    RCC_GetClocksFreq                        0x08003a5f   Thumb Code   222  stm32f4xx_rcc.o(.text)
    RCC_RTCCLKConfig                         0x08003b3d   Thumb Code    54  stm32f4xx_rcc.o(.text)
    RCC_RTCCLKCmd                            0x08003b73   Thumb Code     8  stm32f4xx_rcc.o(.text)
    RCC_BackupResetCmd                       0x08003b7b   Thumb Code     8  stm32f4xx_rcc.o(.text)
    RCC_I2SCLKConfig                         0x08003b83   Thumb Code     6  stm32f4xx_rcc.o(.text)
    RCC_SAIPLLI2SClkDivConfig                0x08003b89   Thumb Code    26  stm32f4xx_rcc.o(.text)
    RCC_SAIPLLSAIClkDivConfig                0x08003ba3   Thumb Code    28  stm32f4xx_rcc.o(.text)
    RCC_SAIBlockACLKConfig                   0x08003bbf   Thumb Code    20  stm32f4xx_rcc.o(.text)
    RCC_SAIBlockBCLKConfig                   0x08003bd3   Thumb Code    20  stm32f4xx_rcc.o(.text)
    RCC_LTDCCLKDivConfig                     0x08003be7   Thumb Code    20  stm32f4xx_rcc.o(.text)
    RCC_TIMCLKPresConfig                     0x08003bfb   Thumb Code     6  stm32f4xx_rcc.o(.text)
    RCC_AHB1PeriphClockCmd                   0x08003c01   Thumb Code    34  stm32f4xx_rcc.o(.text)
    RCC_AHB2PeriphClockCmd                   0x08003c23   Thumb Code    78  stm32f4xx_rcc.o(.text)
    RCC_AHB3PeriphClockCmd                   0x08003c71   Thumb Code    34  stm32f4xx_rcc.o(.text)
    RCC_APB1PeriphClockCmd                   0x08003c93   Thumb Code    34  stm32f4xx_rcc.o(.text)
    RCC_APB2PeriphClockCmd                   0x08003cb5   Thumb Code    34  stm32f4xx_rcc.o(.text)
    RCC_AHB1PeriphResetCmd                   0x08003cd7   Thumb Code    34  stm32f4xx_rcc.o(.text)
    RCC_AHB2PeriphResetCmd                   0x08003cf9   Thumb Code    34  stm32f4xx_rcc.o(.text)
    RCC_AHB3PeriphResetCmd                   0x08003d1b   Thumb Code    34  stm32f4xx_rcc.o(.text)
    RCC_APB1PeriphResetCmd                   0x08003d3d   Thumb Code    34  stm32f4xx_rcc.o(.text)
    RCC_APB2PeriphResetCmd                   0x08003d5f   Thumb Code    34  stm32f4xx_rcc.o(.text)
    RCC_AHB1PeriphClockLPModeCmd             0x08003d81   Thumb Code    34  stm32f4xx_rcc.o(.text)
    RCC_AHB2PeriphClockLPModeCmd             0x08003da3   Thumb Code    34  stm32f4xx_rcc.o(.text)
    RCC_AHB3PeriphClockLPModeCmd             0x08003dc5   Thumb Code    34  stm32f4xx_rcc.o(.text)
    RCC_APB1PeriphClockLPModeCmd             0x08003de7   Thumb Code    34  stm32f4xx_rcc.o(.text)
    RCC_APB2PeriphClockLPModeCmd             0x08003e09   Thumb Code    34  stm32f4xx_rcc.o(.text)
    RCC_LSEModeConfig                        0x08003e2b   Thumb Code    40  stm32f4xx_rcc.o(.text)
    RCC_ITConfig                             0x08003e53   Thumb Code    34  stm32f4xx_rcc.o(.text)
    RCC_ClearFlag                            0x08003e75   Thumb Code    18  stm32f4xx_rcc.o(.text)
    RCC_GetITStatus                          0x08003e87   Thumb Code    22  stm32f4xx_rcc.o(.text)
    RCC_ClearITPendingBit                    0x08003e9d   Thumb Code     8  stm32f4xx_rcc.o(.text)
    USART_DeInit                             0x08003ea9   Thumb Code   206  stm32f4xx_usart.o(.text)
    USART_Init                               0x08003f77   Thumb Code   204  stm32f4xx_usart.o(.text)
    USART_StructInit                         0x08004043   Thumb Code    24  stm32f4xx_usart.o(.text)
    USART_ClockInit                          0x0800405b   Thumb Code    32  stm32f4xx_usart.o(.text)
    USART_ClockStructInit                    0x0800407b   Thumb Code    12  stm32f4xx_usart.o(.text)
    USART_Cmd                                0x08004087   Thumb Code    24  stm32f4xx_usart.o(.text)
    USART_SetPrescaler                       0x0800409f   Thumb Code    16  stm32f4xx_usart.o(.text)
    USART_OverSampling8Cmd                   0x080040af   Thumb Code    22  stm32f4xx_usart.o(.text)
    USART_OneBitMethodCmd                    0x080040c5   Thumb Code    24  stm32f4xx_usart.o(.text)
    USART_SendData                           0x080040dd   Thumb Code     8  stm32f4xx_usart.o(.text)
    USART_ReceiveData                        0x080040e5   Thumb Code    10  stm32f4xx_usart.o(.text)
    USART_SetAddress                         0x080040ef   Thumb Code    18  stm32f4xx_usart.o(.text)
    USART_ReceiverWakeUpCmd                  0x08004101   Thumb Code    24  stm32f4xx_usart.o(.text)
    USART_WakeUpConfig                       0x08004119   Thumb Code    18  stm32f4xx_usart.o(.text)
    USART_LINBreakDetectLengthConfig         0x0800412b   Thumb Code    18  stm32f4xx_usart.o(.text)
    USART_LINCmd                             0x0800413d   Thumb Code    24  stm32f4xx_usart.o(.text)
    USART_SendBreak                          0x08004155   Thumb Code    10  stm32f4xx_usart.o(.text)
    USART_HalfDuplexCmd                      0x0800415f   Thumb Code    24  stm32f4xx_usart.o(.text)
    USART_SetGuardTime                       0x08004177   Thumb Code    16  stm32f4xx_usart.o(.text)
    USART_SmartCardCmd                       0x08004187   Thumb Code    24  stm32f4xx_usart.o(.text)
    USART_SmartCardNACKCmd                   0x0800419f   Thumb Code    24  stm32f4xx_usart.o(.text)
    USART_IrDAConfig                         0x080041b7   Thumb Code    18  stm32f4xx_usart.o(.text)
    USART_IrDACmd                            0x080041c9   Thumb Code    24  stm32f4xx_usart.o(.text)
    USART_DMACmd                             0x080041e1   Thumb Code    18  stm32f4xx_usart.o(.text)
    USART_ITConfig                           0x080041f3   Thumb Code    74  stm32f4xx_usart.o(.text)
    USART_GetFlagStatus                      0x0800423d   Thumb Code    26  stm32f4xx_usart.o(.text)
    USART_ClearFlag                          0x08004257   Thumb Code    18  stm32f4xx_usart.o(.text)
    USART_GetITStatus                        0x08004269   Thumb Code   118  stm32f4xx_usart.o(.text)
    USART_ClearITPendingBit                  0x080042df   Thumb Code    30  stm32f4xx_usart.o(.text)
    TIM_DeInit                               0x080042fd   Thumb Code   346  stm32f4xx_tim.o(.text)
    TIM_TimeBaseInit                         0x08004457   Thumb Code   104  stm32f4xx_tim.o(.text)
    TIM_TimeBaseStructInit                   0x080044bf   Thumb Code    18  stm32f4xx_tim.o(.text)
    TIM_PrescalerConfig                      0x080044d1   Thumb Code     6  stm32f4xx_tim.o(.text)
    TIM_CounterModeConfig                    0x080044d7   Thumb Code    18  stm32f4xx_tim.o(.text)
    TIM_SetCounter                           0x080044e9   Thumb Code     4  stm32f4xx_tim.o(.text)
    TIM_SetAutoreload                        0x080044ed   Thumb Code     4  stm32f4xx_tim.o(.text)
    TIM_GetCounter                           0x080044f1   Thumb Code     6  stm32f4xx_tim.o(.text)
    TIM_GetPrescaler                         0x080044f7   Thumb Code     6  stm32f4xx_tim.o(.text)
    TIM_UpdateDisableConfig                  0x080044fd   Thumb Code    24  stm32f4xx_tim.o(.text)
    TIM_UpdateRequestConfig                  0x08004515   Thumb Code    24  stm32f4xx_tim.o(.text)
    TIM_ARRPreloadConfig                     0x0800452d   Thumb Code    24  stm32f4xx_tim.o(.text)
    TIM_SelectOnePulseMode                   0x08004545   Thumb Code    18  stm32f4xx_tim.o(.text)
    TIM_SetClockDivision                     0x08004557   Thumb Code    18  stm32f4xx_tim.o(.text)
    TIM_Cmd                                  0x08004569   Thumb Code    24  stm32f4xx_tim.o(.text)
    TIM_OC1Init                              0x08004581   Thumb Code   114  stm32f4xx_tim.o(.text)
    TIM_OC2Init                              0x080045f3   Thumb Code   154  stm32f4xx_tim.o(.text)
    TIM_OC3Init                              0x0800468d   Thumb Code   204  stm32f4xx_tim.o(.text)
    TIM_OC4Init                              0x08004759   Thumb Code   112  stm32f4xx_tim.o(.text)
    TIM_OCStructInit                         0x080047c9   Thumb Code    20  stm32f4xx_tim.o(.text)
    TIM_SelectOCxM                           0x080047dd   Thumb Code    86  stm32f4xx_tim.o(.text)
    TIM_SetCompare1                          0x08004833   Thumb Code     4  stm32f4xx_tim.o(.text)
    TIM_SetCompare2                          0x08004837   Thumb Code     4  stm32f4xx_tim.o(.text)
    TIM_SetCompare3                          0x0800483b   Thumb Code     4  stm32f4xx_tim.o(.text)
    TIM_SetCompare4                          0x0800483f   Thumb Code     4  stm32f4xx_tim.o(.text)
    TIM_ForcedOC1Config                      0x08004843   Thumb Code    18  stm32f4xx_tim.o(.text)
    TIM_ForcedOC2Config                      0x08004855   Thumb Code    26  stm32f4xx_tim.o(.text)
    TIM_ForcedOC3Config                      0x0800486f   Thumb Code    18  stm32f4xx_tim.o(.text)
    TIM_ForcedOC4Config                      0x08004881   Thumb Code    26  stm32f4xx_tim.o(.text)
    TIM_OC1PreloadConfig                     0x0800489b   Thumb Code    18  stm32f4xx_tim.o(.text)
    TIM_OC2PreloadConfig                     0x080048ad   Thumb Code    26  stm32f4xx_tim.o(.text)
    TIM_OC3PreloadConfig                     0x080048c7   Thumb Code    18  stm32f4xx_tim.o(.text)
    TIM_OC4PreloadConfig                     0x080048d9   Thumb Code    26  stm32f4xx_tim.o(.text)
    TIM_OC1FastConfig                        0x080048f3   Thumb Code    18  stm32f4xx_tim.o(.text)
    TIM_OC2FastConfig                        0x08004905   Thumb Code    26  stm32f4xx_tim.o(.text)
    TIM_OC3FastConfig                        0x0800491f   Thumb Code    18  stm32f4xx_tim.o(.text)
    TIM_OC4FastConfig                        0x08004931   Thumb Code    26  stm32f4xx_tim.o(.text)
    TIM_ClearOC1Ref                          0x0800494b   Thumb Code    18  stm32f4xx_tim.o(.text)
    TIM_ClearOC2Ref                          0x0800495d   Thumb Code    24  stm32f4xx_tim.o(.text)
    TIM_ClearOC3Ref                          0x08004975   Thumb Code    18  stm32f4xx_tim.o(.text)
    TIM_ClearOC4Ref                          0x08004987   Thumb Code    24  stm32f4xx_tim.o(.text)
    TIM_OC1PolarityConfig                    0x0800499f   Thumb Code    18  stm32f4xx_tim.o(.text)
    TIM_OC1NPolarityConfig                   0x080049b1   Thumb Code    18  stm32f4xx_tim.o(.text)
    TIM_OC2PolarityConfig                    0x080049c3   Thumb Code    26  stm32f4xx_tim.o(.text)
    TIM_OC2NPolarityConfig                   0x080049dd   Thumb Code    26  stm32f4xx_tim.o(.text)
    TIM_OC3PolarityConfig                    0x080049f7   Thumb Code    26  stm32f4xx_tim.o(.text)
    TIM_OC3NPolarityConfig                   0x08004a11   Thumb Code    26  stm32f4xx_tim.o(.text)
    TIM_OC4PolarityConfig                    0x08004a2b   Thumb Code    26  stm32f4xx_tim.o(.text)
    TIM_CCxCmd                               0x08004a45   Thumb Code    30  stm32f4xx_tim.o(.text)
    TIM_CCxNCmd                              0x08004a63   Thumb Code    30  stm32f4xx_tim.o(.text)
    TIM_SetIC4Prescaler                      0x08004a81   Thumb Code    26  stm32f4xx_tim.o(.text)
    TIM_SetIC3Prescaler                      0x08004aeb   Thumb Code    18  stm32f4xx_tim.o(.text)
    TIM_SetIC2Prescaler                      0x08004b45   Thumb Code    26  stm32f4xx_tim.o(.text)
    TIM_SetIC1Prescaler                      0x08004bb9   Thumb Code    18  stm32f4xx_tim.o(.text)
    TIM_ICInit                               0x08004c05   Thumb Code   110  stm32f4xx_tim.o(.text)
    TIM_ICStructInit                         0x08004c73   Thumb Code    18  stm32f4xx_tim.o(.text)
    TIM_PWMIConfig                           0x08004c85   Thumb Code   124  stm32f4xx_tim.o(.text)
    TIM_GetCapture1                          0x08004d01   Thumb Code     6  stm32f4xx_tim.o(.text)
    TIM_GetCapture2                          0x08004d07   Thumb Code     6  stm32f4xx_tim.o(.text)
    TIM_GetCapture3                          0x08004d0d   Thumb Code     6  stm32f4xx_tim.o(.text)
    TIM_GetCapture4                          0x08004d13   Thumb Code     6  stm32f4xx_tim.o(.text)
    TIM_BDTRConfig                           0x08004d19   Thumb Code    32  stm32f4xx_tim.o(.text)
    TIM_BDTRStructInit                       0x08004d39   Thumb Code    18  stm32f4xx_tim.o(.text)
    TIM_CtrlPWMOutputs                       0x08004d4b   Thumb Code    30  stm32f4xx_tim.o(.text)
    TIM_SelectCOM                            0x08004d69   Thumb Code    24  stm32f4xx_tim.o(.text)
    TIM_CCPreloadControl                     0x08004d81   Thumb Code    24  stm32f4xx_tim.o(.text)
    TIM_ITConfig                             0x08004d99   Thumb Code    18  stm32f4xx_tim.o(.text)
    TIM_GenerateEvent                        0x08004dab   Thumb Code     4  stm32f4xx_tim.o(.text)
    TIM_GetFlagStatus                        0x08004daf   Thumb Code    18  stm32f4xx_tim.o(.text)
    TIM_ClearFlag                            0x08004dc1   Thumb Code     6  stm32f4xx_tim.o(.text)
    TIM_GetITStatus                          0x08004dc7   Thumb Code    34  stm32f4xx_tim.o(.text)
    TIM_ClearITPendingBit                    0x08004de9   Thumb Code     6  stm32f4xx_tim.o(.text)
    TIM_DMAConfig                            0x08004def   Thumb Code    10  stm32f4xx_tim.o(.text)
    TIM_DMACmd                               0x08004df9   Thumb Code    18  stm32f4xx_tim.o(.text)
    TIM_SelectCCDMA                          0x08004e0b   Thumb Code    24  stm32f4xx_tim.o(.text)
    TIM_InternalClockConfig                  0x08004e23   Thumb Code    12  stm32f4xx_tim.o(.text)
    TIM_SelectInputTrigger                   0x08004e2f   Thumb Code    18  stm32f4xx_tim.o(.text)
    TIM_ITRxExternalClockConfig              0x08004e41   Thumb Code    24  stm32f4xx_tim.o(.text)
    TIM_TIxExternalClockConfig               0x08004e59   Thumb Code    62  stm32f4xx_tim.o(.text)
    TIM_ETRConfig                            0x08004e97   Thumb Code    28  stm32f4xx_tim.o(.text)
    TIM_ETRClockMode1Config                  0x08004eb3   Thumb Code    54  stm32f4xx_tim.o(.text)
    TIM_ETRClockMode2Config                  0x08004ee9   Thumb Code    32  stm32f4xx_tim.o(.text)
    TIM_SelectOutputTrigger                  0x08004f09   Thumb Code    18  stm32f4xx_tim.o(.text)
    TIM_SelectSlaveMode                      0x08004f1b   Thumb Code    18  stm32f4xx_tim.o(.text)
    TIM_SelectMasterSlaveMode                0x08004f2d   Thumb Code    18  stm32f4xx_tim.o(.text)
    TIM_EncoderInterfaceConfig               0x08004f3f   Thumb Code    66  stm32f4xx_tim.o(.text)
    TIM_SelectHallSensor                     0x08004f81   Thumb Code    24  stm32f4xx_tim.o(.text)
    TIM_RemapConfig                          0x08004f99   Thumb Code     6  stm32f4xx_tim.o(.text)
    usmart_sys_cmd_exe                       0x08004fa1   Thumb Code  1554  usmart.o(.text)
    usmart_reset_runtime                     0x080055b3   Thumb Code    38  usmart.o(.text)
    usmart_get_runtime                       0x080055d9   Thumb Code    60  usmart.o(.text)
    TIM4_IRQHandler                          0x08005615   Thumb Code    46  usmart.o(.text)
    Timer4_Init                              0x08005643   Thumb Code    86  usmart.o(.text)
    usmart_init                              0x08005699   Thumb Code    36  usmart.o(.text)
    usmart_cmd_rec                           0x080056bd   Thumb Code   170  usmart.o(.text)
    usmart_exe                               0x08005767   Thumb Code   868  usmart.o(.text)
    usmart_scan                              0x08005acb   Thumb Code   120  usmart.o(.text)
    read_addr                                0x08005b43   Thumb Code     6  usmart.o(.text)
    write_addr                               0x08005b49   Thumb Code     4  usmart.o(.text)
    usmart_strcmp                            0x08005bd5   Thumb Code    34  usmart_str.o(.text)
    usmart_strcopy                           0x08005bf7   Thumb Code    22  usmart_str.o(.text)
    usmart_strlen                            0x08005c0d   Thumb Code    24  usmart_str.o(.text)
    usmart_pow                               0x08005c25   Thumb Code    22  usmart_str.o(.text)
    usmart_str2num                           0x08005c3b   Thumb Code   202  usmart_str.o(.text)
    usmart_get_cmdname                       0x08005d05   Thumb Code    54  usmart_str.o(.text)
    usmart_search_nextc                      0x08005d3b   Thumb Code    22  usmart_str.o(.text)
    usmart_get_fname                         0x08005d51   Thumb Code   440  usmart_str.o(.text)
    usmart_get_aparm                         0x08005f09   Thumb Code   200  usmart_str.o(.text)
    usmart_get_parmpos                       0x08005fd1   Thumb Code    26  usmart_str.o(.text)
    usmart_get_fparam                        0x08005feb   Thumb Code   262  usmart_str.o(.text)
    __use_no_semihosting                     0x080060fd   Thumb Code     2  use_no_semi_2.o(.text)
    __c89vsprintf                            0x08006101   Thumb Code    32  c89vsprintf.o(.text)
    __2printf                                0x08006125   Thumb Code    20  __2printf.o(.text)
    __2sprintf                               0x0800613d   Thumb Code    38  __2sprintf.o(.text)
    _printf_pre_padding                      0x08006169   Thumb Code    44  _printf_pad.o(.text)
    _printf_post_padding                     0x08006195   Thumb Code    34  _printf_pad.o(.text)
    _printf_str                              0x080061b7   Thumb Code    82  _printf_str.o(.text)
    _printf_int_dec                          0x08006209   Thumb Code   104  _printf_dec.o(.text)
    _printf_longlong_hex                     0x08006281   Thumb Code    86  _printf_hex_int_ll_ptr.o(.text)
    _printf_int_hex                          0x080062d7   Thumb Code    28  _printf_hex_int_ll_ptr.o(.text)
    _printf_ll_hex                           0x080062f3   Thumb Code    12  _printf_hex_int_ll_ptr.o(.text)
    _printf_hex_ptr                          0x080062ff   Thumb Code    18  _printf_hex_int_ll_ptr.o(.text)
    __printf                                 0x08006315   Thumb Code   388  __printf_flags_ss_wp.o(.text)
    strstr                                   0x0800649d   Thumb Code    36  strstr.o(.text)
    strlen                                   0x080064c1   Thumb Code    62  strlen.o(.text)
    __use_two_region_memory                  0x080064ff   Thumb Code     2  heapauxi.o(.text)
    __rt_heap_escrow$2region                 0x08006501   Thumb Code     2  heapauxi.o(.text)
    __rt_heap_expand$2region                 0x08006503   Thumb Code     2  heapauxi.o(.text)
    __I$use$semihosting                      0x08006505   Thumb Code     0  use_no_semi.o(.text)
    __use_no_semihosting_swi                 0x08006505   Thumb Code     2  use_no_semi.o(.text)
    __read_errno                             0x08006507   Thumb Code    10  _rserrno.o(.text)
    __set_errno                              0x08006511   Thumb Code    12  _rserrno.o(.text)
    _printf_truncate_signed                  0x0800651d   Thumb Code    18  _printf_truncate.o(.text)
    _printf_truncate_unsigned                0x0800652f   Thumb Code    18  _printf_truncate.o(.text)
    _printf_int_common                       0x08006541   Thumb Code   178  _printf_intcommon.o(.text)
    _printf_charcount                        0x080065f3   Thumb Code    40  _printf_charcount.o(.text)
    __lib_sel_fp_printf                      0x0800661b   Thumb Code     2  _printf_fp_dec.o(.text)
    _printf_fp_dec_real                      0x080067c9   Thumb Code   620  _printf_fp_dec.o(.text)
    _printf_char_common                      0x08006a3f   Thumb Code    32  _printf_char_common.o(.text)
    _sputc                                   0x08006a65   Thumb Code    10  _sputc.o(.text)
    _printf_cs_common                        0x08006a6f   Thumb Code    20  _printf_char.o(.text)
    _printf_char                             0x08006a83   Thumb Code    16  _printf_char.o(.text)
    _printf_string                           0x08006a93   Thumb Code     8  _printf_char.o(.text)
    _printf_char_file                        0x08006a9d   Thumb Code    32  _printf_char_file.o(.text)
    _printf_wctomb                           0x08006ac1   Thumb Code   182  _printf_wctomb.o(.text)
    _printf_longlong_dec                     0x08006b7d   Thumb Code   108  _printf_longlong_dec.o(.text)
    _printf_longlong_oct                     0x08006bf9   Thumb Code    68  _printf_oct_int_ll.o(.text)
    _printf_int_oct                          0x08006c3d   Thumb Code    24  _printf_oct_int_ll.o(.text)
    _printf_ll_oct                           0x08006c55   Thumb Code    12  _printf_oct_int_ll.o(.text)
    __rt_locale                              0x08006c69   Thumb Code     8  rt_locale_intlibspace.o(.text)
    __aeabi_errno_addr                       0x08006c71   Thumb Code     8  rt_errno_addr_intlibspace.o(.text)
    __errno$intlibspace                      0x08006c71   Thumb Code     0  rt_errno_addr_intlibspace.o(.text)
    __rt_errno_addr$intlibspace              0x08006c71   Thumb Code     0  rt_errno_addr_intlibspace.o(.text)
    _ll_udiv10                               0x08006c79   Thumb Code   138  lludiv10.o(.text)
    _printf_fp_infnan                        0x08006d05   Thumb Code   112  _printf_fp_infnan.o(.text)
    _printf_lcs_common                       0x08006d85   Thumb Code    20  _printf_wchar.o(.text)
    _printf_wchar                            0x08006d99   Thumb Code    16  _printf_wchar.o(.text)
    _printf_wstring                          0x08006da9   Thumb Code     8  _printf_wchar.o(.text)
    _btod_etento                             0x08006db1   Thumb Code   216  bigflt0.o(.text)
    ferror                                   0x08006e8d   Thumb Code     8  ferror.o(.text)
    _wcrtomb                                 0x08006e95   Thumb Code    64  _wcrtomb.o(.text)
    __user_libspace                          0x08006ed5   Thumb Code     8  libspace.o(.text)
    __user_perproc_libspace                  0x08006ed5   Thumb Code     0  libspace.o(.text)
    __user_perthread_libspace                0x08006ed5   Thumb Code     0  libspace.o(.text)
    __user_setup_stackheap                   0x08006edd   Thumb Code    74  sys_stackheap_outer.o(.text)
    __rt_ctype_table                         0x08006f29   Thumb Code    16  rt_ctype_table.o(.text)
    exit                                     0x08006f39   Thumb Code    12  exit.o(.text)
    strcmp                                   0x08006f45   Thumb Code   128  strcmpv7m.o(.text)
    _btod_d2e                                0x08006fc5   Thumb Code    62  btod.o(CL$$btod_d2e)
    _d2e_denorm_low                          0x08007003   Thumb Code    70  btod.o(CL$$btod_d2e_denorm_low)
    _d2e_norm_op1                            0x08007049   Thumb Code    96  btod.o(CL$$btod_d2e_norm_op1)
    __btod_div_common                        0x080070a9   Thumb Code   696  btod.o(CL$$btod_div_common)
    _e2e                                     0x080073e1   Thumb Code   198  btod.o(CL$$btod_e2e)
    _btod_ediv                               0x080074a7   Thumb Code    40  btod.o(CL$$btod_ediv)
    _btod_emul                               0x080074cf   Thumb Code    40  btod.o(CL$$btod_emul)
    __btod_mult_common                       0x080074f7   Thumb Code   580  btod.o(CL$$btod_mult_common)
    __ARM_fpclassify                         0x0800773b   Thumb Code    48  fpclassify.o(i.__ARM_fpclassify)
    __hardfp_cos                             0x08007771   Thumb Code   180  cos.o(i.__hardfp_cos)
    __hardfp_sqrt                            0x08007839   Thumb Code   122  sqrt.o(i.__hardfp_sqrt)
    __ieee754_rem_pio2                       0x080078b9   Thumb Code   938  rred.o(i.__ieee754_rem_pio2)
    __kernel_cos                             0x08007cf1   Thumb Code   322  cos_i.o(i.__kernel_cos)
    __kernel_poly                            0x08007e61   Thumb Code   248  poly.o(i.__kernel_poly)
    __kernel_sin                             0x08007f59   Thumb Code   280  sin_i.o(i.__kernel_sin)
    __mathlib_dbl_infnan                     0x08008089   Thumb Code    20  dunder.o(i.__mathlib_dbl_infnan)
    __mathlib_dbl_invalid                    0x080080a1   Thumb Code    24  dunder.o(i.__mathlib_dbl_invalid)
    __mathlib_dbl_underflow                  0x080080c1   Thumb Code    24  dunder.o(i.__mathlib_dbl_underflow)
    _is_digit                                0x080080e1   Thumb Code    14  __printf_wp.o(i._is_digit)
    fabs                                     0x080080ef   Thumb Code    24  fabs.o(i.fabs)
    _get_lc_numeric                          0x08008109   Thumb Code    44  lc_numeric_c.o(locale$$code)
    _get_lc_ctype                            0x08008135   Thumb Code    44  lc_ctype_c.o(locale$$code)
    __aeabi_dneg                             0x08008161   Thumb Code     0  basic.o(x$fpl$basic)
    _dneg                                    0x08008161   Thumb Code     6  basic.o(x$fpl$basic)
    __aeabi_fneg                             0x08008167   Thumb Code     0  basic.o(x$fpl$basic)
    _fneg                                    0x08008167   Thumb Code     6  basic.o(x$fpl$basic)
    _dabs                                    0x0800816d   Thumb Code     6  basic.o(x$fpl$basic)
    _fabs                                    0x08008173   Thumb Code     6  basic.o(x$fpl$basic)
    __aeabi_dadd                             0x08008179   Thumb Code     0  daddsub_clz.o(x$fpl$dadd)
    _dadd                                    0x08008179   Thumb Code   332  daddsub_clz.o(x$fpl$dadd)
    __aeabi_ddiv                             0x080082c9   Thumb Code     0  ddiv.o(x$fpl$ddiv)
    _ddiv                                    0x080082c9   Thumb Code   552  ddiv.o(x$fpl$ddiv)
    __aeabi_d2iz                             0x08008579   Thumb Code     0  dfix.o(x$fpl$dfix)
    _dfix                                    0x08008579   Thumb Code    94  dfix.o(x$fpl$dfix)
    __aeabi_i2d                              0x080085d7   Thumb Code     0  dflt_clz.o(x$fpl$dflt)
    _dflt                                    0x080085d7   Thumb Code    46  dflt_clz.o(x$fpl$dflt)
    __aeabi_ui2d                             0x08008605   Thumb Code     0  dflt_clz.o(x$fpl$dfltu)
    _dfltu                                   0x08008605   Thumb Code    38  dflt_clz.o(x$fpl$dfltu)
    __aeabi_dmul                             0x0800862d   Thumb Code     0  dmul.o(x$fpl$dmul)
    _dmul                                    0x0800862d   Thumb Code   332  dmul.o(x$fpl$dmul)
    __fpl_dnaninf                            0x08008781   Thumb Code   156  dnaninf.o(x$fpl$dnaninf)
    __fpl_dretinf                            0x0800881d   Thumb Code    12  dretinf.o(x$fpl$dretinf)
    __aeabi_drsub                            0x08008829   Thumb Code     0  daddsub_clz.o(x$fpl$drsb)
    _drsb                                    0x08008829   Thumb Code    22  daddsub_clz.o(x$fpl$drsb)
    _dsqrt                                   0x08008841   Thumb Code   404  dsqrt_umaal.o(x$fpl$dsqrt)
    __aeabi_dsub                             0x080089d9   Thumb Code     0  daddsub_clz.o(x$fpl$dsub)
    _dsub                                    0x080089d9   Thumb Code   464  daddsub_clz.o(x$fpl$dsub)
    __aeabi_f2d                              0x08008bad   Thumb Code     0  f2d.o(x$fpl$f2d)
    _f2d                                     0x08008bad   Thumb Code    86  f2d.o(x$fpl$f2d)
    __fpl_fnaninf                            0x08008c03   Thumb Code   140  fnaninf.o(x$fpl$fnaninf)
    _fp_init                                 0x08008c8f   Thumb Code    10  fpinit.o(x$fpl$fpinit)
    __fplib_config_fpu_vfp                   0x08008c97   Thumb Code     0  fpinit.o(x$fpl$fpinit)
    __fplib_config_pureend_doubles           0x08008c97   Thumb Code     0  fpinit.o(x$fpl$fpinit)
    _printf_fp_dec                           0x08008c99   Thumb Code     4  printf1.o(x$fpl$printf1)
    __I$use$fp                               0x08008c9c   Number         0  usenofp.o(x$fpl$usenofp)
    ascii_1206                               0x08008c9c   Data        1140  tftlcd.o(.constdata)
    ascii_1608                               0x08009110   Data        1520  tftlcd.o(.constdata)
    ascii_2412                               0x08009700   Data        3420  tftlcd.o(.constdata)
    CnChar32x29                              0x0800a45c   Data        1298  tftlcd.o(.constdata)
    CnChar24x24                              0x0800a96e   Data         444  tftlcd.o(.constdata)
    tfont24                                  0x0800ab2a   Data         432  tftlcd.o(.constdata)
    tfont16                                  0x0800acda   Data         208  tftlcd.o(.constdata)
    FSMC_DefaultTimingStruct                 0x0800adac   Data          28  stm32f4xx_fsmc.o(.constdata)
    Region$$Table$$Base                      0x0800b10c   Number         0  anon$$obj.o(Region$$Table)
    Region$$Table$$Limit                     0x0800b12c   Number         0  anon$$obj.o(Region$$Table)
    __ctype                                  0x0800b155   Data           0  lc_ctype_c.o(locale$$data)
    key                                      0x20000000   Data           1  main.o(.data)
    flag_draw                                0x20000001   Data           1  main.o(.data)
    flag_demo                                0x20000002   Data           1  main.o(.data)
    SystemCoreClock                          0x20000008   Data           4  system_stm32f4xx.o(.data)
    AHBPrescTable                            0x2000000c   Data          16  system_stm32f4xx.o(.data)
    FRONT_COLOR                              0x2000001c   Data           2  tftlcd.o(.data)
    BACK_COLOR                               0x2000001e   Data           2  tftlcd.o(.data)
    fixmode_tbl                              0x20000020   Data          16  tftlcd.o(.data)
    tftlcd_data                              0x20000030   Data           8  tftlcd.o(.data)
    USART3_RX_STA                            0x2000003a   Data           2  usart3.o(.data)
    __stdout                                 0x20000040   Data           4  usart.o(.data)
    USART_RX_STA                             0x20000044   Data           2  usart.o(.data)
    sys_cmd_tab                              0x20000058   Data          28  usmart.o(.data)
    usmart_nametab                           0x20000074   Data          56  usmart_config.o(.data)
    usmart_dev                               0x200000ac   Data         244  usmart_config.o(.data)
    USART1_TX_BUF                            0x200001a0   Data         800  main.o(.bss)
    gpsx                                     0x200004c0   Data         105  main.o(.bss)
    dtbuf                                    0x2000052c   Data          50  tftlcd.o(.bss)
    USART3_TX_BUF                            0x20000560   Data         800  usart3.o(.bss)
    USART3_RX_BUF                            0x20000880   Data         800  usart3.o(.bss)
    USART_RX_BUF                             0x20000ba0   Data         200  usart.o(.bss)
    __libspace_start                         0x20000c68   Data          96  libspace.o(.bss)
    __temporary_stack_top$libspace           0x20000cc8   Data           0  libspace.o(.bss)



==============================================================================

Memory Map of the image

  Image Entry point : 0x08000189

  Load Region LR_IROM1 (Base: 0x08000000, Size: 0x0000b3f8, Max: 0x00100000, ABSOLUTE, COMPRESSED[0x0000b2d8])

    Execution Region ER_IROM1 (Base: 0x08000000, Size: 0x0000b258, Max: 0x00100000, ABSOLUTE)

    Base Addr    Size         Type   Attr      Idx    E Section Name        Object

    0x08000000   0x00000188   Data   RO          539    RESET               startup_stm32f40_41xxx.o
    0x08000188   0x00000008   Code   RO          870  * !!!main             c_w.l(__main.o)
    0x08000190   0x00000034   Code   RO         1236    !!!scatter          c_w.l(__scatter.o)
    0x080001c4   0x0000005a   Code   RO         1234    !!dczerorl2         c_w.l(__dczerorl2.o)
    0x0800021e   0x00000002   PAD
    0x08000220   0x0000001c   Code   RO         1238    !!handler_zi        c_w.l(__scatter_zi.o)
    0x0800023c   0x00000000   Code   RO          863    .ARM.Collect$$_printf_percent$$00000000  c_w.l(_printf_percent.o)
    0x0800023c   0x00000006   Code   RO          944    .ARM.Collect$$_printf_percent$$00000001  c_w.l(_printf_n.o)
    0x08000242   0x00000006   Code   RO          945    .ARM.Collect$$_printf_percent$$00000002  c_w.l(_printf_p.o)
    0x08000248   0x00000006   Code   RO          862    .ARM.Collect$$_printf_percent$$00000003  c_w.l(_printf_f.o)
    0x0800024e   0x00000006   Code   RO          948    .ARM.Collect$$_printf_percent$$00000004  c_w.l(_printf_e.o)
    0x08000254   0x00000006   Code   RO          949    .ARM.Collect$$_printf_percent$$00000005  c_w.l(_printf_g.o)
    0x0800025a   0x00000006   Code   RO          950    .ARM.Collect$$_printf_percent$$00000006  c_w.l(_printf_a.o)
    0x08000260   0x0000000a   Code   RO          955    .ARM.Collect$$_printf_percent$$00000007  c_w.l(_printf_ll.o)
    0x0800026a   0x00000006   Code   RO          947    .ARM.Collect$$_printf_percent$$00000008  c_w.l(_printf_i.o)
    0x08000270   0x00000006   Code   RO          860    .ARM.Collect$$_printf_percent$$00000009  c_w.l(_printf_d.o)
    0x08000276   0x00000006   Code   RO          861    .ARM.Collect$$_printf_percent$$0000000A  c_w.l(_printf_u.o)
    0x0800027c   0x00000006   Code   RO          946    .ARM.Collect$$_printf_percent$$0000000B  c_w.l(_printf_o.o)
    0x08000282   0x00000006   Code   RO          859    .ARM.Collect$$_printf_percent$$0000000C  c_w.l(_printf_x.o)
    0x08000288   0x00000006   Code   RO          952    .ARM.Collect$$_printf_percent$$0000000D  c_w.l(_printf_lli.o)
    0x0800028e   0x00000006   Code   RO          953    .ARM.Collect$$_printf_percent$$0000000E  c_w.l(_printf_lld.o)
    0x08000294   0x00000006   Code   RO          954    .ARM.Collect$$_printf_percent$$0000000F  c_w.l(_printf_llu.o)
    0x0800029a   0x00000006   Code   RO          959    .ARM.Collect$$_printf_percent$$00000010  c_w.l(_printf_llo.o)
    0x080002a0   0x00000006   Code   RO          960    .ARM.Collect$$_printf_percent$$00000011  c_w.l(_printf_llx.o)
    0x080002a6   0x0000000a   Code   RO          956    .ARM.Collect$$_printf_percent$$00000012  c_w.l(_printf_l.o)
    0x080002b0   0x00000006   Code   RO          857    .ARM.Collect$$_printf_percent$$00000013  c_w.l(_printf_c.o)
    0x080002b6   0x00000006   Code   RO          858    .ARM.Collect$$_printf_percent$$00000014  c_w.l(_printf_s.o)
    0x080002bc   0x00000006   Code   RO          957    .ARM.Collect$$_printf_percent$$00000015  c_w.l(_printf_lc.o)
    0x080002c2   0x00000006   Code   RO          958    .ARM.Collect$$_printf_percent$$00000016  c_w.l(_printf_ls.o)
    0x080002c8   0x00000004   Code   RO          951    .ARM.Collect$$_printf_percent$$00000017  c_w.l(_printf_percent_end.o)
    0x080002cc   0x00000002   Code   RO         1109    .ARM.Collect$$libinit$$00000000  c_w.l(libinit.o)
    0x080002ce   0x00000004   Code   RO         1110    .ARM.Collect$$libinit$$00000001  c_w.l(libinit2.o)
    0x080002d2   0x00000000   Code   RO         1113    .ARM.Collect$$libinit$$00000004  c_w.l(libinit2.o)
    0x080002d2   0x00000000   Code   RO         1116    .ARM.Collect$$libinit$$0000000A  c_w.l(libinit2.o)
    0x080002d2   0x00000000   Code   RO         1118    .ARM.Collect$$libinit$$0000000C  c_w.l(libinit2.o)
    0x080002d2   0x00000000   Code   RO         1120    .ARM.Collect$$libinit$$0000000E  c_w.l(libinit2.o)
    0x080002d2   0x00000006   Code   RO         1121    .ARM.Collect$$libinit$$0000000F  c_w.l(libinit2.o)
    0x080002d8   0x00000000   Code   RO         1123    .ARM.Collect$$libinit$$00000011  c_w.l(libinit2.o)
    0x080002d8   0x0000000c   Code   RO         1124    .ARM.Collect$$libinit$$00000012  c_w.l(libinit2.o)
    0x080002e4   0x00000000   Code   RO         1125    .ARM.Collect$$libinit$$00000013  c_w.l(libinit2.o)
    0x080002e4   0x00000000   Code   RO         1127    .ARM.Collect$$libinit$$00000015  c_w.l(libinit2.o)
    0x080002e4   0x0000000a   Code   RO         1128    .ARM.Collect$$libinit$$00000016  c_w.l(libinit2.o)
    0x080002ee   0x00000000   Code   RO         1129    .ARM.Collect$$libinit$$00000017  c_w.l(libinit2.o)
    0x080002ee   0x00000000   Code   RO         1131    .ARM.Collect$$libinit$$00000019  c_w.l(libinit2.o)
    0x080002ee   0x00000000   Code   RO         1133    .ARM.Collect$$libinit$$0000001B  c_w.l(libinit2.o)
    0x080002ee   0x00000000   Code   RO         1135    .ARM.Collect$$libinit$$0000001D  c_w.l(libinit2.o)
    0x080002ee   0x00000000   Code   RO         1137    .ARM.Collect$$libinit$$0000001F  c_w.l(libinit2.o)
    0x080002ee   0x00000000   Code   RO         1139    .ARM.Collect$$libinit$$00000021  c_w.l(libinit2.o)
    0x080002ee   0x00000000   Code   RO         1141    .ARM.Collect$$libinit$$00000023  c_w.l(libinit2.o)
    0x080002ee   0x00000000   Code   RO         1143    .ARM.Collect$$libinit$$00000025  c_w.l(libinit2.o)
    0x080002ee   0x00000000   Code   RO         1147    .ARM.Collect$$libinit$$0000002C  c_w.l(libinit2.o)
    0x080002ee   0x00000000   Code   RO         1149    .ARM.Collect$$libinit$$0000002E  c_w.l(libinit2.o)
    0x080002ee   0x00000000   Code   RO         1151    .ARM.Collect$$libinit$$00000030  c_w.l(libinit2.o)
    0x080002ee   0x00000000   Code   RO         1153    .ARM.Collect$$libinit$$00000032  c_w.l(libinit2.o)
    0x080002ee   0x00000002   Code   RO         1154    .ARM.Collect$$libinit$$00000033  c_w.l(libinit2.o)
    0x080002f0   0x00000002   Code   RO         1185    .ARM.Collect$$libshutdown$$00000000  c_w.l(libshutdown.o)
    0x080002f2   0x00000000   Code   RO         1195    .ARM.Collect$$libshutdown$$00000003  c_w.l(libshutdown2.o)
    0x080002f2   0x00000000   Code   RO         1198    .ARM.Collect$$libshutdown$$00000006  c_w.l(libshutdown2.o)
    0x080002f2   0x00000000   Code   RO         1201    .ARM.Collect$$libshutdown$$00000009  c_w.l(libshutdown2.o)
    0x080002f2   0x00000000   Code   RO         1203    .ARM.Collect$$libshutdown$$0000000B  c_w.l(libshutdown2.o)
    0x080002f2   0x00000000   Code   RO         1206    .ARM.Collect$$libshutdown$$0000000E  c_w.l(libshutdown2.o)
    0x080002f2   0x00000002   Code   RO         1207    .ARM.Collect$$libshutdown$$0000000F  c_w.l(libshutdown2.o)
    0x080002f4   0x00000000   Code   RO          914    .ARM.Collect$$rtentry$$00000000  c_w.l(__rtentry.o)
    0x080002f4   0x00000000   Code   RO         1003    .ARM.Collect$$rtentry$$00000002  c_w.l(__rtentry2.o)
    0x080002f4   0x00000006   Code   RO         1015    .ARM.Collect$$rtentry$$00000004  c_w.l(__rtentry4.o)
    0x080002fa   0x00000000   Code   RO         1005    .ARM.Collect$$rtentry$$00000009  c_w.l(__rtentry2.o)
    0x080002fa   0x00000004   Code   RO         1006    .ARM.Collect$$rtentry$$0000000A  c_w.l(__rtentry2.o)
    0x080002fe   0x00000000   Code   RO         1008    .ARM.Collect$$rtentry$$0000000C  c_w.l(__rtentry2.o)
    0x080002fe   0x00000008   Code   RO         1009    .ARM.Collect$$rtentry$$0000000D  c_w.l(__rtentry2.o)
    0x08000306   0x00000002   Code   RO         1155    .ARM.Collect$$rtexit$$00000000  c_w.l(rtexit.o)
    0x08000308   0x00000000   Code   RO         1165    .ARM.Collect$$rtexit$$00000002  c_w.l(rtexit2.o)
    0x08000308   0x00000004   Code   RO         1166    .ARM.Collect$$rtexit$$00000003  c_w.l(rtexit2.o)
    0x0800030c   0x00000006   Code   RO         1167    .ARM.Collect$$rtexit$$00000004  c_w.l(rtexit2.o)
    0x08000312   0x00000002   PAD
    0x08000314   0x00000130   Code   RO            4    .text               main.o
    0x08000444   0x0000001a   Code   RO          187    .text               stm32f4xx_it.o
    0x0800045e   0x00000002   PAD
    0x08000460   0x00000210   Code   RO          240    .text               system_stm32f4xx.o
    0x08000670   0x00001980   Code   RO          270    .text               tftlcd.o
    0x08001ff0   0x00000040   Code   RO          310    .text               led.o
    0x08002030   0x00000104   Code   RO          334    .text               key.o
    0x08002134   0x00000130   Code   RO          359    .text               timer.o
    0x08002264   0x00000180   Code   RO          388    .text               usart3.o
    0x080023e4   0x00000894   Code   RO          426    .text               gps.o
    0x08002c78   0x00000104   Code   RO          457    .text               delay.o
    0x08002d7c   0x00000154   Code   RO          505    .text               usart.o
    0x08002ed0   0x00000040   Code   RO          540    .text               startup_stm32f40_41xxx.o
    0x08002f10   0x000000e0   Code   RO          547    .text               misc.o
    0x08002ff0   0x00000294   Code   RO          571    .text               stm32f4xx_gpio.o
    0x08003284   0x000005c8   Code   RO          595    .text               stm32f4xx_fsmc.o
    0x0800384c   0x0000065c   Code   RO          622    .text               stm32f4xx_rcc.o
    0x08003ea8   0x00000454   Code   RO          672    .text               stm32f4xx_usart.o
    0x080042fc   0x00000ca2   Code   RO          696    .text               stm32f4xx_tim.o
    0x08004f9e   0x00000002   PAD
    0x08004fa0   0x00000c34   Code   RO          720    .text               usmart.o
    0x08005bd4   0x00000528   Code   RO          773    .text               usmart_str.o
    0x080060fc   0x00000002   Code   RO          796    .text               c_w.l(use_no_semi_2.o)
    0x080060fe   0x00000002   PAD
    0x08006100   0x00000024   Code   RO          798    .text               c_w.l(c89vsprintf.o)
    0x08006124   0x00000018   Code   RO          800    .text               c_w.l(__2printf.o)
    0x0800613c   0x0000002c   Code   RO          802    .text               c_w.l(__2sprintf.o)
    0x08006168   0x0000004e   Code   RO          810    .text               c_w.l(_printf_pad.o)
    0x080061b6   0x00000052   Code   RO          812    .text               c_w.l(_printf_str.o)
    0x08006208   0x00000078   Code   RO          814    .text               c_w.l(_printf_dec.o)
    0x08006280   0x00000094   Code   RO          834    .text               c_w.l(_printf_hex_int_ll_ptr.o)
    0x08006314   0x00000188   Code   RO          854    .text               c_w.l(__printf_flags_ss_wp.o)
    0x0800649c   0x00000024   Code   RO          864    .text               c_w.l(strstr.o)
    0x080064c0   0x0000003e   Code   RO          866    .text               c_w.l(strlen.o)
    0x080064fe   0x00000006   Code   RO          868    .text               c_w.l(heapauxi.o)
    0x08006504   0x00000002   Code   RO          912    .text               c_w.l(use_no_semi.o)
    0x08006506   0x00000016   Code   RO          915    .text               c_w.l(_rserrno.o)
    0x0800651c   0x00000024   Code   RO          917    .text               c_w.l(_printf_truncate.o)
    0x08006540   0x000000b2   Code   RO          919    .text               c_w.l(_printf_intcommon.o)
    0x080065f2   0x00000028   Code   RO          921    .text               c_w.l(_printf_charcount.o)
    0x0800661a   0x0000041a   Code   RO          923    .text               c_w.l(_printf_fp_dec.o)
    0x08006a34   0x00000030   Code   RO          925    .text               c_w.l(_printf_char_common.o)
    0x08006a64   0x0000000a   Code   RO          927    .text               c_w.l(_sputc.o)
    0x08006a6e   0x0000002c   Code   RO          929    .text               c_w.l(_printf_char.o)
    0x08006a9a   0x00000002   PAD
    0x08006a9c   0x00000024   Code   RO          931    .text               c_w.l(_printf_char_file.o)
    0x08006ac0   0x000000bc   Code   RO          933    .text               c_w.l(_printf_wctomb.o)
    0x08006b7c   0x0000007c   Code   RO          936    .text               c_w.l(_printf_longlong_dec.o)
    0x08006bf8   0x00000070   Code   RO          942    .text               c_w.l(_printf_oct_int_ll.o)
    0x08006c68   0x00000008   Code   RO         1020    .text               c_w.l(rt_locale_intlibspace.o)
    0x08006c70   0x00000008   Code   RO         1025    .text               c_w.l(rt_errno_addr_intlibspace.o)
    0x08006c78   0x0000008a   Code   RO         1027    .text               c_w.l(lludiv10.o)
    0x08006d02   0x00000002   PAD
    0x08006d04   0x00000080   Code   RO         1029    .text               c_w.l(_printf_fp_infnan.o)
    0x08006d84   0x0000002c   Code   RO         1033    .text               c_w.l(_printf_wchar.o)
    0x08006db0   0x000000dc   Code   RO         1035    .text               c_w.l(bigflt0.o)
    0x08006e8c   0x00000008   Code   RO         1060    .text               c_w.l(ferror.o)
    0x08006e94   0x00000040   Code   RO         1064    .text               c_w.l(_wcrtomb.o)
    0x08006ed4   0x00000008   Code   RO         1093    .text               c_w.l(libspace.o)
    0x08006edc   0x0000004a   Code   RO         1096    .text               c_w.l(sys_stackheap_outer.o)
    0x08006f26   0x00000002   PAD
    0x08006f28   0x00000010   Code   RO         1098    .text               c_w.l(rt_ctype_table.o)
    0x08006f38   0x0000000c   Code   RO         1100    .text               c_w.l(exit.o)
    0x08006f44   0x00000080   Code   RO         1102    .text               c_w.l(strcmpv7m.o)
    0x08006fc4   0x0000003e   Code   RO         1038    CL$$btod_d2e        c_w.l(btod.o)
    0x08007002   0x00000046   Code   RO         1040    CL$$btod_d2e_denorm_low  c_w.l(btod.o)
    0x08007048   0x00000060   Code   RO         1039    CL$$btod_d2e_norm_op1  c_w.l(btod.o)
    0x080070a8   0x00000338   Code   RO         1048    CL$$btod_div_common  c_w.l(btod.o)
    0x080073e0   0x000000c6   Code   RO         1045    CL$$btod_e2e        c_w.l(btod.o)
    0x080074a6   0x00000028   Code   RO         1042    CL$$btod_ediv       c_w.l(btod.o)
    0x080074ce   0x00000028   Code   RO         1041    CL$$btod_emul       c_w.l(btod.o)
    0x080074f6   0x00000244   Code   RO         1047    CL$$btod_mult_common  c_w.l(btod.o)
    0x0800773a   0x00000030   Code   RO         1089    i.__ARM_fpclassify  m_wm.l(fpclassify.o)
    0x0800776a   0x00000006   PAD
    0x08007770   0x000000c8   Code   RO          888    i.__hardfp_cos      m_wm.l(cos.o)
    0x08007838   0x0000007a   Code   RO          900    i.__hardfp_sqrt     m_wm.l(sqrt.o)
    0x080078b2   0x00000006   PAD
    0x080078b8   0x00000438   Code   RO          991    i.__ieee754_rem_pio2  m_wm.l(rred.o)
    0x08007cf0   0x00000170   Code   RO          974    i.__kernel_cos      m_wm.l(cos_i.o)
    0x08007e60   0x000000f8   Code   RO         1091    i.__kernel_poly     m_wm.l(poly.o)
    0x08007f58   0x00000130   Code   RO          996    i.__kernel_sin      m_wm.l(sin_i.o)
    0x08008088   0x00000014   Code   RO          978    i.__mathlib_dbl_infnan  m_wm.l(dunder.o)
    0x0800809c   0x00000004   PAD
    0x080080a0   0x00000020   Code   RO          980    i.__mathlib_dbl_invalid  m_wm.l(dunder.o)
    0x080080c0   0x00000020   Code   RO          983    i.__mathlib_dbl_underflow  m_wm.l(dunder.o)
    0x080080e0   0x0000000e   Code   RO          847    i._is_digit         c_w.l(__printf_wp.o)
    0x080080ee   0x00000018   Code   RO         1085    i.fabs              m_wm.l(fabs.o)
    0x08008106   0x00000002   PAD
    0x08008108   0x0000002c   Code   RO         1067    locale$$code        c_w.l(lc_numeric_c.o)
    0x08008134   0x0000002c   Code   RO         1158    locale$$code        c_w.l(lc_ctype_c.o)
    0x08008160   0x00000018   Code   RO          961    x$fpl$basic         fz_wm.l(basic.o)
    0x08008178   0x00000150   Code   RO          872    x$fpl$dadd          fz_wm.l(daddsub_clz.o)
    0x080082c8   0x000002b0   Code   RO          879    x$fpl$ddiv          fz_wm.l(ddiv.o)
    0x08008578   0x0000005e   Code   RO         1071    x$fpl$dfix          fz_wm.l(dfix.o)
    0x080085d6   0x0000002e   Code   RO         1076    x$fpl$dflt          fz_wm.l(dflt_clz.o)
    0x08008604   0x00000026   Code   RO         1075    x$fpl$dfltu         fz_wm.l(dflt_clz.o)
    0x0800862a   0x00000002   PAD
    0x0800862c   0x00000154   Code   RO          882    x$fpl$dmul          fz_wm.l(dmul.o)
    0x08008780   0x0000009c   Code   RO          965    x$fpl$dnaninf       fz_wm.l(dnaninf.o)
    0x0800881c   0x0000000c   Code   RO          967    x$fpl$dretinf       fz_wm.l(dretinf.o)
    0x08008828   0x00000016   Code   RO          873    x$fpl$drsb          fz_wm.l(daddsub_clz.o)
    0x0800883e   0x00000002   PAD
    0x08008840   0x00000198   Code   RO          969    x$fpl$dsqrt         fz_wm.l(dsqrt_umaal.o)
    0x080089d8   0x000001d4   Code   RO          874    x$fpl$dsub          fz_wm.l(daddsub_clz.o)
    0x08008bac   0x00000056   Code   RO          884    x$fpl$f2d           fz_wm.l(f2d.o)
    0x08008c02   0x0000008c   Code   RO          971    x$fpl$fnaninf       fz_wm.l(fnaninf.o)
    0x08008c8e   0x0000000a   Code   RO         1162    x$fpl$fpinit        fz_wm.l(fpinit.o)
    0x08008c98   0x00000004   Code   RO          886    x$fpl$printf1       fz_wm.l(printf1.o)
    0x08008c9c   0x00000000   Code   RO          973    x$fpl$usenofp       fz_wm.l(usenofp.o)
    0x08008c9c   0x0000210e   Data   RO          272    .constdata          tftlcd.o
    0x0800adaa   0x00000002   PAD
    0x0800adac   0x0000001c   Data   RO          596    .constdata          stm32f4xx_fsmc.o
    0x0800adc8   0x00000028   Data   RO          835    .constdata          c_w.l(_printf_hex_int_ll_ptr.o)
    0x0800adf0   0x00000011   Data   RO          855    .constdata          c_w.l(__printf_flags_ss_wp.o)
    0x0800ae01   0x00000003   PAD
    0x0800ae04   0x00000008   Data   RO          934    .constdata          c_w.l(_printf_wctomb.o)
    0x0800ae0c   0x00000004   PAD
    0x0800ae10   0x00000030   Data   RO          975    .constdata          m_wm.l(cos_i.o)
    0x0800ae40   0x000000c8   Data   RO          993    .constdata          m_wm.l(rred.o)
    0x0800af08   0x00000028   Data   RO          997    .constdata          m_wm.l(sin_i.o)
    0x0800af30   0x00000094   Data   RO         1036    .constdata          c_w.l(bigflt0.o)
    0x0800afc4   0x00000015   Data   RO          273    .conststring        tftlcd.o
    0x0800afd9   0x00000003   PAD
    0x0800afdc   0x00000028   Data   RO          721    .conststring        usmart.o
    0x0800b004   0x00000107   Data   RO          748    .conststring        usmart_config.o
    0x0800b10b   0x00000001   PAD
    0x0800b10c   0x00000020   Data   RO         1232    Region$$Table       anon$$obj.o
    0x0800b12c   0x0000001c   Data   RO         1066    locale$$data        c_w.l(lc_numeric_c.o)
    0x0800b148   0x00000110   Data   RO         1157    locale$$data        c_w.l(lc_ctype_c.o)


    Execution Region RW_IRAM1 (Base: 0x20000000, Size: 0x000012c8, Max: 0x00020000, ABSOLUTE, COMPRESSED[0x00000080])

    Base Addr    Size         Type   Attr      Idx    E Section Name        Object

    0x20000000   0x00000006   Data   RW            6    .data               main.o
    0x20000006   0x00000002   PAD
    0x20000008   0x00000014   Data   RW          241    .data               system_stm32f4xx.o
    0x2000001c   0x0000001c   Data   RW          274    .data               tftlcd.o
    0x20000038   0x00000001   Data   RW          335    .data               key.o
    0x20000039   0x00000001   PAD
    0x2000003a   0x00000002   Data   RW          390    .data               usart3.o
    0x2000003c   0x00000004   Data   RW          458    .data               delay.o
    0x20000040   0x00000006   Data   RW          507    .data               usart.o
    0x20000046   0x00000010   Data   RW          623    .data               stm32f4xx_rcc.o
    0x20000056   0x00000002   PAD
    0x20000058   0x0000001c   Data   RW          722    .data               usmart.o
    0x20000074   0x0000012c   Data   RW          749    .data               usmart_config.o
    0x200001a0   0x00000389   Zero   RW            5    .bss                main.o
    0x20000529   0x00000003   PAD
    0x2000052c   0x00000032   Zero   RW          271    .bss                tftlcd.o
    0x2000055e   0x00000002   PAD
    0x20000560   0x00000640   Zero   RW          389    .bss                usart3.o
    0x20000ba0   0x000000c8   Zero   RW          506    .bss                usart.o
    0x20000c68   0x00000060   Zero   RW         1094    .bss                c_w.l(libspace.o)
    0x20000cc8   0x00000200   Zero   RW          538    HEAP                startup_stm32f40_41xxx.o
    0x20000ec8   0x00000400   Zero   RW          537    STACK               startup_stm32f40_41xxx.o


==============================================================================

Image component sizes


      Code (inc. data)   RO Data    RW Data    ZI Data      Debug   Object Name

       260          8          0          4          0       1469   delay.o
      2196         60          0          0          0       6878   gps.o
       260         12          0          1          0        884   key.o
        64          4          0          0          0        543   led.o
       304         42          0          6        905     293144   main.o
       224         20          0          0          0       1853   misc.o
        64         26        392          0       1536        852   startup_stm32f40_41xxx.o
      1480         18         28          0          0       5670   stm32f4xx_fsmc.o
       660         44          0          0          0       4129   stm32f4xx_gpio.o
        26          0          0          0          0       1238   stm32f4xx_it.o
      1628         52          0         16          0      12936   stm32f4xx_rcc.o
      3234         60          0          0          0      22332   stm32f4xx_tim.o
      1108         34          0          0          0       7828   stm32f4xx_usart.o
       528         46          0         20          0       1831   system_stm32f4xx.o
      6528        792       8483         28         50      16067   tftlcd.o
       304         22          0          0          0       1262   timer.o
       340         18          0          6        200       3402   usart.o
       384         24          0          2       1600       2650   usart3.o
      3124       1286         40         28          0       4418   usmart.o
         0          0        263        300          0       1572   usmart_config.o
      1320         12          0          0          0       5201   usmart_str.o

    ----------------------------------------------------------------------
     24040       2580       9244        416       4296     396159   Object Totals
         0          0         32          0          0          0   (incl. Generated)
         4          0          6          5          5          0   (incl. Padding)

    ----------------------------------------------------------------------

      Code (inc. data)   RO Data    RW Data    ZI Data      Debug   Library Member Name

        24          4          0          0          0         84   __2printf.o
        44          6          0          0          0         84   __2sprintf.o
        90          0          0          0          0          0   __dczerorl2.o
         8          0          0          0          0         68   __main.o
       392          4         17          0          0         92   __printf_flags_ss_wp.o
        14          0          0          0          0         68   __printf_wp.o
         0          0          0          0          0          0   __rtentry.o
        12          0          0          0          0          0   __rtentry2.o
         6          0          0          0          0          0   __rtentry4.o
        52          8          0          0          0          0   __scatter.o
        28          0          0          0          0          0   __scatter_zi.o
         6          0          0          0          0          0   _printf_a.o
         6          0          0          0          0          0   _printf_c.o
        44          0          0          0          0        108   _printf_char.o
        48          6          0          0          0         96   _printf_char_common.o
        36          4          0          0          0         80   _printf_char_file.o
        40          0          0          0          0         68   _printf_charcount.o
         6          0          0          0          0          0   _printf_d.o
       120         16          0          0          0         92   _printf_dec.o
         6          0          0          0          0          0   _printf_e.o
         6          0          0          0          0          0   _printf_f.o
      1050          0          0          0          0        216   _printf_fp_dec.o
       128         16          0          0          0         84   _printf_fp_infnan.o
         6          0          0          0          0          0   _printf_g.o
       148          4         40          0          0        160   _printf_hex_int_ll_ptr.o
         6          0          0          0          0          0   _printf_i.o
       178          0          0          0          0         88   _printf_intcommon.o
        10          0          0          0          0          0   _printf_l.o
         6          0          0          0          0          0   _printf_lc.o
        10          0          0          0          0          0   _printf_ll.o
         6          0          0          0          0          0   _printf_lld.o
         6          0          0          0          0          0   _printf_lli.o
         6          0          0          0          0          0   _printf_llo.o
         6          0          0          0          0          0   _printf_llu.o
         6          0          0          0          0          0   _printf_llx.o
       124         16          0          0          0         92   _printf_longlong_dec.o
         6          0          0          0          0          0   _printf_ls.o
         6          0          0          0          0          0   _printf_n.o
         6          0          0          0          0          0   _printf_o.o
       112          8          0          0          0        124   _printf_oct_int_ll.o
         6          0          0          0          0          0   _printf_p.o
        78          0          0          0          0        108   _printf_pad.o
         0          0          0          0          0          0   _printf_percent.o
         4          0          0          0          0          0   _printf_percent_end.o
         6          0          0          0          0          0   _printf_s.o
        82          0          0          0          0         80   _printf_str.o
        36          0          0          0          0         84   _printf_truncate.o
         6          0          0          0          0          0   _printf_u.o
        44          0          0          0          0        108   _printf_wchar.o
       188          6          8          0          0         92   _printf_wctomb.o
         6          0          0          0          0          0   _printf_x.o
        22          0          0          0          0        100   _rserrno.o
        10          0          0          0          0         68   _sputc.o
        64          0          0          0          0         92   _wcrtomb.o
       220          4        148          0          0         96   bigflt0.o
      1910        128          0          0          0        672   btod.o
        36          4          0          0          0         76   c89vsprintf.o
        12          0          0          0          0         72   exit.o
         8          0          0          0          0         68   ferror.o
         6          0          0          0          0        152   heapauxi.o
        44         10        272          0          0         76   lc_ctype_c.o
        44         10         28          0          0         76   lc_numeric_c.o
         2          0          0          0          0          0   libinit.o
        34          0          0          0          0          0   libinit2.o
         2          0          0          0          0          0   libshutdown.o
         2          0          0          0          0          0   libshutdown2.o
         8          4          0          0         96         68   libspace.o
       138          0          0          0          0         80   lludiv10.o
        16          4          0          0          0         76   rt_ctype_table.o
         8          4          0          0          0         68   rt_errno_addr_intlibspace.o
         8          4          0          0          0         68   rt_locale_intlibspace.o
         2          0          0          0          0          0   rtexit.o
        10          0          0          0          0          0   rtexit2.o
       128          0          0          0          0         68   strcmpv7m.o
        62          0          0          0          0         76   strlen.o
        36          0          0          0          0         80   strstr.o
        74          0          0          0          0         80   sys_stackheap_outer.o
         2          0          0          0          0         68   use_no_semi.o
         2          0          0          0          0         68   use_no_semi_2.o
        24          0          0          0          0        164   basic.o
       826         16          0          0          0        492   daddsub_clz.o
       688        140          0          0          0        256   ddiv.o
        94          4          0          0          0        140   dfix.o
        84          0          0          0          0        232   dflt_clz.o
       340         12          0          0          0        152   dmul.o
       156          4          0          0          0        140   dnaninf.o
        12          0          0          0          0        116   dretinf.o
       408         56          0          0          0        168   dsqrt_umaal.o
        86          4          0          0          0        132   f2d.o
       140          4          0          0          0        132   fnaninf.o
        10          0          0          0          0        116   fpinit.o
         4          0          0          0          0        116   printf1.o
         0          0          0          0          0          0   usenofp.o
       200         20          0          0          0        164   cos.o
       368         46         48          0          0        200   cos_i.o
        84         16          0          0          0        372   dunder.o
        24          0          0          0          0        124   fabs.o
        48          0          0          0          0        124   fpclassify.o
       248          0          0          0          0        152   poly.o
      1080        142        200          0          0        188   rred.o
       304         24         40          0          0        208   sin_i.o
       122          0          0          0          0        148   sqrt.o

    ----------------------------------------------------------------------
     11564        758        808          0         96       8460   Library Totals
        34          0          7          0          0          0   (incl. Padding)

    ----------------------------------------------------------------------

      Code (inc. data)   RO Data    RW Data    ZI Data      Debug   Library Name

      6180        270        513          0         96       4424   c_w.l
      2872        240          0          0          0       2356   fz_wm.l
      2478        248        288          0          0       1680   m_wm.l

    ----------------------------------------------------------------------
     11564        758        808          0         96       8460   Library Totals

    ----------------------------------------------------------------------

==============================================================================


      Code (inc. data)   RO Data    RW Data    ZI Data      Debug   

     35604       3338      10052        416       4392     395575   Grand Totals
     35604       3338      10052        128       4392     395575   ELF Image Totals (compressed)
     35604       3338      10052        128          0          0   ROM Totals

==============================================================================

    Total RO  Size (Code + RO Data)                45656 (  44.59kB)
    Total RW  Size (RW Data + ZI Data)              4808 (   4.70kB)
    Total ROM Size (Code + RO Data + RW Data)      45784 (  44.71kB)

==============================================================================

