<html>
<body>
<pre>
<h1>µVision Build Log</h1>
<h2>Tool Versions:</h2>
IDE-Version: ¦ÌVision V5.14.0.0
Copyright (C) 2015 ARM Ltd and ARM Germany GmbH. All rights reserved.
License Information: 123 RAZER, 123, LIC=UB4EV-PB25M-YD1K5-G7RZH-27WGU-QER4X
 
Tool Versions:
Toolchain:       MDK-ARM Professional  Version: 5.14.0.0
Toolchain Path:  C:\ning\softwares\Keil_v5\ARM\ARMCC\Bin
C Compiler:      Armcc.exe V5.05 update 1 (build 106)
Assembler:       Armasm.exe V5.05 update 1 (build 106)
Linker/Locator:  ArmLink.exe V5.05 update 1 (build 106)
Library Manager: ArmAr.exe V5.05 update 1 (build 106)
Hex Converter:   FromElf.exe V5.05 update 1 (build 106)
CPU DLL:         SARMCM3.DLL V5.14.0.0
Dialog DLL:      DCM.DLL V1.13.1.0
Target DLL:      CMSIS_AGDI.dll V1.21.0.0
Dialog DLL:      TCM.DLL V1.14.4.0
 
<h2>Project:</h2>
C:\ning\softwares\Keil_v5\Projects\haha\GPS_demo_final\USER\GPS.uvprojx
Project File Date:  11/01/2020

<h2>Output:</h2>
Build target 'GPS'
compiling main.c...
main.c(112): warning:  #68-D: integer conversion resulted in a change of sign
                                delta_x=-1*(longitude2-longitude1)*K;
main.c(82): warning:  #177-D: variable "t" was declared but never referenced
                static u32 t=0;
main.c: 2 warnings, 0 errors
compiling stm32f4xx_it.c...
compiling system_stm32f4xx.c...
compiling tftlcd.c...
tftlcd.c(104): warning:  #14-D: extra text after expected end of preprocessing directive
  #ifdef defined(TFTLCD_NT35510)|| defined(TFTLCD_ILI9488)
tftlcd.c(447): warning:  #177-D: variable "i" was declared but never referenced
        u16 i;
tftlcd.c(1972): warning:  #111-D: statement is unreachable
        return r;                                               
tftlcd.c: 3 warnings, 0 errors
compiling led.c...
compiling key.c...
compiling timer.c...
compiling usart3.c...
compiling gps.c...
compiling delay.c...
compiling sys.c...
compiling usart.c...
assembling startup_stm32f40_41xxx.s...
compiling misc.c...
compiling stm32f4xx_gpio.c...
compiling stm32f4xx_fsmc.c...
compiling stm32f4xx_rcc.c...
compiling stm32f4xx_syscfg.c...
compiling stm32f4xx_usart.c...
compiling stm32f4xx_tim.c...
compiling usmart.c...
compiling usmart_config.c...
compiling usmart_str.c...
linking...
Program Size: Code=35984 RO-data=10048 RW-data=448 ZI-data=4392  
FromELF: creating hex file...
"..\OBJ\GPS.axf" - 0 Error(s), 5 Warning(s).

<h2>Collection of Component include folders:</h2>
  C:\ning\softwares\Keil_v5\Projects\haha\GPS_demo_final\USER\RTE
  C:\ning\softwares\Keil_v5\ARM\PACK\Keil\STM32F4xx_DFP\1.0.8\Device\Include

<h2>Collection of Component Files used:</h2>
</pre>
</body>
</html>
